Component: ARM Compiler 5.05 update 1 (build 106) Tool: armlink [4d0efa]

==============================================================================

Section Cross References

    main.o(.text) refers to delay.o(.text) for delay_init
    main.o(.text) refers to misc.o(.text) for NVIC_PriorityGroupConfig
    main.o(.text) refers to usart.o(.text) for uart_init
    main.o(.text) refers to key.o(.text) for KEY_Init
    main.o(.text) refers to w25qxx.o(.text) for W25QXX_Init
    main.o(.text) refers to noretval__2printf.o(.text) for __2printf
    main.o(.text) refers to sm4.o(.text) for sm4_encrypt_cbc
    main.o(.text) refers to sm2.o(.text) for PrintBuf
    main.o(.text) refers to usart.o(.data) for USART_RX_STA
    main.o(.text) refers to usart.o(.bss) for USART_RX_BUF
    system_stm32f10x.o(.text) refers to system_stm32f10x.o(.data) for SystemCoreClock
    led.o(.text) refers to stm32f10x_rcc.o(.text) for RCC_APB2PeriphClockCmd
    led.o(.text) refers to stm32f10x_gpio.o(.text) for GPIO_Init
    key.o(.text) refers to stm32f10x_rcc.o(.text) for RCC_APB2PeriphClockCmd
    key.o(.text) refers to stm32f10x_gpio.o(.text) for GPIO_Init
    key.o(.text) refers to delay.o(.text) for delay_ms
    key.o(.text) refers to key.o(.data) for key_up
    spi.o(.text) refers to stm32f10x_spi.o(.text) for SPI_I2S_GetFlagStatus
    spi.o(.text) refers to stm32f10x_rcc.o(.text) for RCC_APB2PeriphClockCmd
    spi.o(.text) refers to stm32f10x_gpio.o(.text) for GPIO_Init
    w25qxx.o(.text) refers to spi.o(.text) for SPI2_ReadWriteByte
    w25qxx.o(.text) refers to stm32f10x_rcc.o(.text) for RCC_APB2PeriphClockCmd
    w25qxx.o(.text) refers to stm32f10x_gpio.o(.text) for GPIO_Init
    w25qxx.o(.text) refers to delay.o(.text) for delay_us
    w25qxx.o(.text) refers to w25qxx.o(.data) for W25QXX_TYPE
    w25qxx.o(.text) refers to w25qxx.o(.bss) for W25QXX_BUFFER
    timer.o(.text) refers to stm32f10x_rcc.o(.text) for RCC_APB1PeriphClockCmd
    timer.o(.text) refers to stm32f10x_tim.o(.text) for TIM_TimeBaseInit
    timer.o(.text) refers to misc.o(.text) for NVIC_Init
    delay.o(.text) refers to misc.o(.text) for SysTick_CLKSourceConfig
    delay.o(.text) refers to system_stm32f10x.o(.data) for SystemCoreClock
    delay.o(.text) refers to delay.o(.data) for fac_us
    usart.o(.text) refers (Special) to use_no_semi_2.o(.text) for __use_no_semihosting
    usart.o(.text) refers to stm32f10x_rcc.o(.text) for RCC_APB2PeriphClockCmd
    usart.o(.text) refers to stm32f10x_gpio.o(.text) for GPIO_Init
    usart.o(.text) refers to misc.o(.text) for NVIC_Init
    usart.o(.text) refers to stm32f10x_usart.o(.text) for USART_Init
    usart.o(.text) refers to usart.o(.data) for USART_RX_STA
    usart.o(.text) refers to usart.o(.bss) for USART_RX_BUF
    usart.o(.bss) refers (Special) to use_no_semi_2.o(.text) for __use_no_semihosting
    usart.o(.data) refers (Special) to use_no_semi_2.o(.text) for __use_no_semihosting
    startup_stm32f10x_hd.o(STACK) refers (Special) to heapauxi.o(.text) for __use_two_region_memory
    startup_stm32f10x_hd.o(HEAP) refers (Special) to heapauxi.o(.text) for __use_two_region_memory
    startup_stm32f10x_hd.o(RESET) refers (Special) to heapauxi.o(.text) for __use_two_region_memory
    startup_stm32f10x_hd.o(RESET) refers to startup_stm32f10x_hd.o(STACK) for __initial_sp
    startup_stm32f10x_hd.o(RESET) refers to startup_stm32f10x_hd.o(.text) for Reset_Handler
    startup_stm32f10x_hd.o(RESET) refers to stm32f10x_it.o(.text) for NMI_Handler
    startup_stm32f10x_hd.o(RESET) refers to timer.o(.text) for TIM3_IRQHandler
    startup_stm32f10x_hd.o(RESET) refers to usart.o(.text) for USART1_IRQHandler
    startup_stm32f10x_hd.o(.text) refers (Special) to heapauxi.o(.text) for __use_two_region_memory
    startup_stm32f10x_hd.o(.text) refers to system_stm32f10x.o(.text) for SystemInit
    startup_stm32f10x_hd.o(.text) refers to __main.o(!!!main) for __main
    startup_stm32f10x_hd.o(.text) refers to startup_stm32f10x_hd.o(HEAP) for Heap_Mem
    startup_stm32f10x_hd.o(.text) refers to startup_stm32f10x_hd.o(STACK) for Stack_Mem
    stm32f10x_gpio.o(.text) refers to stm32f10x_rcc.o(.text) for RCC_APB2PeriphResetCmd
    stm32f10x_rcc.o(.text) refers to stm32f10x_rcc.o(.data) for APBAHBPrescTable
    stm32f10x_tim.o(.text) refers to stm32f10x_rcc.o(.text) for RCC_APB2PeriphResetCmd
    stm32f10x_usart.o(.text) refers to stm32f10x_rcc.o(.text) for RCC_APB2PeriphResetCmd
    stm32f10x_spi.o(.text) refers to stm32f10x_rcc.o(.text) for RCC_APB2PeriphResetCmd
    sm2.o(.text) refers to _printf_percent.o(.ARM.Collect$$_printf_percent$$00000000) for _printf_percent
    sm2.o(.text) refers to _printf_d.o(.ARM.Collect$$_printf_percent$$00000009) for _printf_d
    sm2.o(.text) refers to _printf_dec.o(.text) for _printf_int_dec
    sm2.o(.text) refers to _printf_pad.o(.text) for _printf_pre_padding
    sm2.o(.text) refers to _printf_x.o(.ARM.Collect$$_printf_percent$$0000000C) for _printf_x
[...]
    i.premult                                0x0800b41c   Section        0  mrarth1.o(i.premult)
    i.prepare_monty                          0x0800b4b0   Section        0  mrmonty.o(i.prepare_monty)
    i.putdig                                 0x0800b678   Section        0  mrcore.o(i.putdig)
    i.qdiv                                   0x0800b74c   Section        0  mrxgcd.o(i.qdiv)
    qdiv                                     0x0800b74d   Thumb Code   208  mrxgcd.o(i.qdiv)
    i.redc                                   0x0800b81c   Section        0  mrmonty.o(i.redc)
    i.remain                                 0x0800ba76   Section        0  mrarth1.o(i.remain)
    i.size                                   0x0800bb30   Section        0  mrcore.o(i.size)
    i.subdiv                                 0x0800bb72   Section        0  mrarth1.o(i.subdiv)
    i.subtract                               0x0800bcc8   Section        0  mrarth0.o(i.subtract)
    i.uconvert                               0x0800bd18   Section        0  mrcore.o(i.uconvert)
    i.xgcd                                   0x0800bd62   Section        0  mrxgcd.o(i.xgcd)
    i.zero                                   0x0800c6b0   Section        0  mrcore.o(i.zero)
    .constdata                               0x0800c6d8   Section        4  sm3.o(.constdata)
    endianTest                               0x0800c6d8   Data           4  sm3.o(.constdata)
    .constdata                               0x0800c6dc   Section      400  sm4.o(.constdata)
    SboxTable                                0x0800c6dc   Data         256  sm4.o(.constdata)
    FK                                       0x0800c7dc   Data          16  sm4.o(.constdata)
    CK                                       0x0800c7ec   Data         128  sm4.o(.constdata)
    .constdata                               0x0800c86c   Section      676  mrcore.o(.constdata)
    mr_small_primes                          0x0800c86c   Data         676  mrcore.o(.constdata)
    .constdata                               0x0800cb10   Section       40  _printf_hex_int.o(.constdata)
    uc_hextab                                0x0800cb10   Data          20  _printf_hex_int.o(.constdata)
    lc_hextab                                0x0800cb24   Data          20  _printf_hex_int.o(.constdata)
    .constdata                               0x0800cb38   Section       17  __printf_flags_wp.o(.constdata)
    maptable                                 0x0800cb38   Data          17  __printf_flags_wp.o(.constdata)
    .conststring                             0x0800cb4c   Section      405  sm2.o(.conststring)
    .conststring                             0x0800cce4   Section     2825  mrcore.o(.conststring)
    .data                                    0x20000000   Section       20  system_stm32f10x.o(.data)
    .data                                    0x20000014   Section        1  key.o(.data)
    key_up                                   0x20000014   Data           1  key.o(.data)
    .data                                    0x20000016   Section        2  w25qxx.o(.data)
    .data                                    0x20000018   Section        4  delay.o(.data)
    fac_us                                   0x20000018   Data           1  delay.o(.data)
    fac_ms                                   0x2000001a   Data           2  delay.o(.data)
    .data                                    0x2000001c   Section        6  usart.o(.data)
    .data                                    0x20000022   Section       20  stm32f10x_rcc.o(.data)
    APBAHBPrescTable                         0x20000022   Data          16  stm32f10x_rcc.o(.data)
    ADCPrescTable                            0x20000032   Data           4  stm32f10x_rcc.o(.data)
    .data                                    0x20000038   Section       24  sm2.o(.data)
    .data                                    0x20000050   Section      976  mrcore.o(.data)
    names                                    0x20000050   Data         976  mrcore.o(.data)
    .bss                                     0x20000420   Section     4096  w25qxx.o(.bss)
    .bss                                     0x20001420   Section     4097  usart.o(.bss)
    .bss                                     0x20002424   Section       96  libspace.o(.bss)
    HEAP                                     0x20002488   Section      512  startup_stm32f10x_hd.o(HEAP)
    Heap_Mem                                 0x20002488   Data         512  startup_stm32f10x_hd.o(HEAP)
    STACK                                    0x20002688   Section    16384  startup_stm32f10x_hd.o(STACK)
    Stack_Mem                                0x20002688   Data       16384  startup_stm32f10x_hd.o(STACK)
    __initial_sp                             0x20006688   Data           0  startup_stm32f10x_hd.o(STACK)

    Global Symbols

    Symbol Name                              Value     Ov Type        Size  Object(Section)

    BuildAttributes$$THM_ISAv4$P$D$K$B$S$PE$A:L22UL41UL21$X:L11$S22US41US21$IEEE1$IW$USESV6$~STKCKD$USESV7$~SHL$OTIME$ROPI$EBA8$UX$STANDARDLIB$REQ8$PRES8$EABIv2 0x00000000   Number         0  anon$$obj.o ABSOLUTE
    __ARM_use_no_argv                        0x00000000   Number         0  main.o ABSOLUTE
    _printf_flags                            0x00000000   Number         0  printf_stubs.o ABSOLUTE
    _printf_return_value                     0x00000000   Number         0  printf_stubs.o ABSOLUTE
    _printf_sizespec                         0x00000000   Number         0  printf_stubs.o ABSOLUTE
    _printf_widthprec                        0x00000000   Number         0  printf_stubs.o ABSOLUTE
    __ARM_exceptions_init                     - Undefined Weak Reference
    __alloca_initialize                       - Undefined Weak Reference
    __arm_preinit_                            - Undefined Weak Reference
    __cpp_initialize__aeabi_                  - Undefined Weak Reference
    __cxa_finalize                            - Undefined Weak Reference
    __rt_locale                               - Undefined Weak Reference
    __sigvec_lookup                           - Undefined Weak Reference
    __user_heap_extent                        - Undefined Weak Reference
    _atexit_init                              - Undefined Weak Reference
    _call_atexit_fns                          - Undefined Weak Reference
    _clock_init                               - Undefined Weak Reference
    _fp_trap_init                             - Undefined Weak Reference
    _fp_trap_shutdown                         - Undefined Weak Reference
    _get_lc_collate                           - Undefined Weak Reference
    _get_lc_ctype                             - Undefined Weak Reference
    _get_lc_monetary                          - Undefined Weak Reference
    _get_lc_numeric                           - Undefined Weak Reference
    _get_lc_time                              - Undefined Weak Reference
    _getenv_init                              - Undefined Weak Reference
    _handle_redirection                       - Undefined Weak Reference
    _initio                                   - Undefined Weak Reference
    _mutex_acquire                            - Undefined Weak Reference
    _mutex_free                               - Undefined Weak Reference
    _mutex_release                            - Undefined Weak Reference
    _printf_mbtowc                            - Undefined Weak Reference
    _printf_truncate_signed                   - Undefined Weak Reference
    _printf_truncate_unsigned                 - Undefined Weak Reference
    _rand_init                                - Undefined Weak Reference
    _signal_finish                            - Undefined Weak Reference
    _signal_init                              - Undefined Weak Reference
    _terminateio                              - Undefined Weak Reference
    __Vectors_Size                           0x00000130   Number         0  startup_stm32f10x_hd.o ABSOLUTE
    __Vectors                                0x08000000   Data           4  startup_stm32f10x_hd.o(RESET)
    __Vectors_End                            0x08000130   Data           0  startup_stm32f10x_hd.o(RESET)
    __main                                   0x08000131   Thumb Code     8  __main.o(!!!main)
    __scatterload                            0x08000139   Thumb Code     0  __scatter.o(!!!scatter)
    __scatterload_rt2                        0x08000139   Thumb Code    44  __scatter.o(!!!scatter)
    __scatterload_rt2_thumb_only             0x08000139   Thumb Code     0  __scatter.o(!!!scatter)
    __scatterload_null                       0x08000147   Thumb Code     0  __scatter.o(!!!scatter)
    __decompress                             0x0800016d   Thumb Code    90  __dczerorl2.o(!!dczerorl2)
    __decompress1                            0x0800016d   Thumb Code     0  __dczerorl2.o(!!dczerorl2)
    __scatterload_zeroinit                   0x080001c9   Thumb Code    28  __scatter_zi.o(!!handler_zi)
    _printf_d                                0x080001e5   Thumb Code     0  _printf_d.o(.ARM.Collect$$_printf_percent$$00000009)
    _printf_percent                          0x080001e5   Thumb Code     0  _printf_percent.o(.ARM.Collect$$_printf_percent$$00000000)
    _printf_x                                0x080001eb   Thumb Code     0  _printf_x.o(.ARM.Collect$$_printf_percent$$0000000C)
    _printf_c                                0x080001f1   Thumb Code     0  _printf_c.o(.ARM.Collect$$_printf_percent$$00000013)
    _printf_percent_end                      0x080001f7   Thumb Code     0  _printf_percent_end.o(.ARM.Collect$$_printf_percent$$00000017)
    __rt_lib_init                            0x080001fb   Thumb Code     0  libinit.o(.ARM.Collect$$libinit$$00000000)
    __rt_lib_init_fp_1                       0x080001fd   Thumb Code     0  libinit2.o(.ARM.Collect$$libinit$$00000002)
    __rt_lib_init_heap_2                     0x080001fd   Thumb Code     0  libinit2.o(.ARM.Collect$$libinit$$00000005)
    __rt_lib_init_preinit_1                  0x080001fd   Thumb Code     0  libinit2.o(.ARM.Collect$$libinit$$00000004)
    __rt_lib_init_alloca_1                   0x08000205   Thumb Code     0  libinit2.o(.ARM.Collect$$libinit$$0000002E)
    __rt_lib_init_argv_1                     0x08000205   Thumb Code     0  libinit2.o(.ARM.Collect$$libinit$$0000002C)
    __rt_lib_init_atexit_1                   0x08000205   Thumb Code     0  libinit2.o(.ARM.Collect$$libinit$$0000001B)
    __rt_lib_init_clock_1                    0x08000205   Thumb Code     0  libinit2.o(.ARM.Collect$$libinit$$00000021)
    __rt_lib_init_cpp_1                      0x08000205   Thumb Code     0  libinit2.o(.ARM.Collect$$libinit$$00000032)
    __rt_lib_init_exceptions_1               0x08000205   Thumb Code     0  libinit2.o(.ARM.Collect$$libinit$$00000030)
    __rt_lib_init_fp_trap_1                  0x08000205   Thumb Code     0  libinit2.o(.ARM.Collect$$libinit$$0000001F)
    __rt_lib_init_getenv_1                   0x08000205   Thumb Code     0  libinit2.o(.ARM.Collect$$libinit$$00000023)
    __rt_lib_init_heap_1                     0x08000205   Thumb Code     0  libinit2.o(.ARM.Collect$$libinit$$0000000A)
    __rt_lib_init_lc_collate_1               0x08000205   Thumb Code     0  libinit2.o(.ARM.Collect$$libinit$$00000011)
    __rt_lib_init_lc_ctype_1                 0x08000205   Thumb Code     0  libinit2.o(.ARM.Collect$$libinit$$00000013)
    __rt_lib_init_lc_monetary_1              0x08000205   Thumb Code     0  libinit2.o(.ARM.Collect$$libinit$$00000015)
    __rt_lib_init_lc_numeric_1               0x08000205   Thumb Code     0  libinit2.o(.ARM.Collect$$libinit$$00000017)
    __rt_lib_init_lc_time_1                  0x08000205   Thumb Code     0  libinit2.o(.ARM.Collect$$libinit$$00000019)
    __rt_lib_init_rand_1                     0x08000205   Thumb Code     0  libinit2.o(.ARM.Collect$$libinit$$0000000E)
    __rt_lib_init_return                     0x08000205   Thumb Code     0  libinit2.o(.ARM.Collect$$libinit$$00000033)
    __rt_lib_init_signal_1                   0x08000205   Thumb Code     0  libinit2.o(.ARM.Collect$$libinit$$0000001D)
    __rt_lib_init_stdio_1                    0x08000205   Thumb Code     0  libinit2.o(.ARM.Collect$$libinit$$00000025)
    __rt_lib_init_user_alloc_1               0x08000205   Thumb Code     0  libinit2.o(.ARM.Collect$$libinit$$0000000C)
    __rt_lib_shutdown                        0x08000207   Thumb Code     0  libshutdown.o(.ARM.Collect$$libshutdown$$00000000)
    __rt_lib_shutdown_fp_trap_1              0x08000209   Thumb Code     0  libshutdown2.o(.ARM.Collect$$libshutdown$$00000006)
    __rt_lib_shutdown_heap_1                 0x08000209   Thumb Code     0  libshutdown2.o(.ARM.Collect$$libshutdown$$0000000E)
    __rt_lib_shutdown_return                 0x08000209   Thumb Code     0  libshutdown2.o(.ARM.Collect$$libshutdown$$0000000F)
    __rt_lib_shutdown_signal_1               0x08000209   Thumb Code     0  libshutdown2.o(.ARM.Collect$$libshutdown$$00000009)
    __rt_lib_shutdown_stdio_1                0x08000209   Thumb Code     0  libshutdown2.o(.ARM.Collect$$libshutdown$$00000003)
    __rt_lib_shutdown_user_alloc_1           0x08000209   Thumb Code     0  libshutdown2.o(.ARM.Collect$$libshutdown$$0000000B)
    __rt_entry                               0x0800020b   Thumb Code     0  __rtentry.o(.ARM.Collect$$rtentry$$00000000)
    __rt_entry_presh_1                       0x0800020b   Thumb Code     0  __rtentry2.o(.ARM.Collect$$rtentry$$00000002)
    __rt_entry_sh                            0x0800020b   Thumb Code     0  __rtentry4.o(.ARM.Collect$$rtentry$$00000004)
    __rt_entry_li                            0x08000211   Thumb Code     0  __rtentry2.o(.ARM.Collect$$rtentry$$0000000A)
    __rt_entry_postsh_1                      0x08000211   Thumb Code     0  __rtentry2.o(.ARM.Collect$$rtentry$$00000009)
    __rt_entry_main                          0x08000215   Thumb Code     0  __rtentry2.o(.ARM.Collect$$rtentry$$0000000D)
    __rt_entry_postli_1                      0x08000215   Thumb Code     0  __rtentry2.o(.ARM.Collect$$rtentry$$0000000C)
    __rt_exit                                0x0800021d   Thumb Code     0  rtexit.o(.ARM.Collect$$rtexit$$00000000)
    __rt_exit_ls                             0x0800021f   Thumb Code     0  rtexit2.o(.ARM.Collect$$rtexit$$00000003)
    __rt_exit_prels_1                        0x0800021f   Thumb Code     0  rtexit2.o(.ARM.Collect$$rtexit$$00000002)
    __rt_exit_exit                           0x08000223   Thumb Code     0  rtexit2.o(.ARM.Collect$$rtexit$$00000004)
    _maybe_terminate_alloc                   0x08000229   Thumb Code     0  maybetermalloc1.o(.emb_text)
    main                                     0x08000229   Thumb Code   306  main.o(.text)
    NMI_Handler                              0x0800045d   Thumb Code     2  stm32f10x_it.o(.text)
    HardFault_Handler                        0x0800045f   Thumb Code     4  stm32f10x_it.o(.text)
    MemManage_Handler                        0x08000463   Thumb Code     4  stm32f10x_it.o(.text)
    BusFault_Handler                         0x08000467   Thumb Code     4  stm32f10x_it.o(.text)
    UsageFault_Handler                       0x0800046b   Thumb Code     4  stm32f10x_it.o(.text)
    SVC_Handler                              0x0800046f   Thumb Code     2  stm32f10x_it.o(.text)
    DebugMon_Handler                         0x08000471   Thumb Code     2  stm32f10x_it.o(.text)
    PendSV_Handler                           0x08000473   Thumb Code     2  stm32f10x_it.o(.text)
    SysTick_Handler                          0x08000475   Thumb Code     2  stm32f10x_it.o(.text)
    SystemInit                               0x08000557   Thumb Code    78  system_stm32f10x.o(.text)
    SystemCoreClockUpdate                    0x080005a5   Thumb Code   142  system_stm32f10x.o(.text)
    KEY_Init                                 0x08000659   Thumb Code    52  key.o(.text)
    KEY_Scan                                 0x0800068d   Thumb Code   188  key.o(.text)
    SPI2_ReadWriteByte                       0x08000755   Thumb Code    78  spi.o(.text)
    SPI2_Init                                0x080007a3   Thumb Code   140  spi.o(.text)
    SPI2_SetSpeed                            0x0800082f   Thumb Code    36  spi.o(.text)
    W25QXX_ReadID                            0x0800085d   Thumb Code    64  w25qxx.o(.text)
    W25QXX_Init                              0x0800089d   Thumb Code    74  w25qxx.o(.text)
    W25QXX_ReadSR                            0x080008e7   Thumb Code    36  w25qxx.o(.text)
    W25QXX_Write_SR                          0x0800090b   Thumb Code    32  w25qxx.o(.text)
    W25QXX_Write_Enable                      0x0800092b   Thumb Code    24  w25qxx.o(.text)
    W25QXX_Write_Disable                     0x08000943   Thumb Code    24  w25qxx.o(.text)
    W25QXX_Read                              0x0800095b   Thumb Code    74  w25qxx.o(.text)
    W25QXX_Wait_Busy                         0x080009a5   Thumb Code    18  w25qxx.o(.text)
    W25QXX_Write_Page                        0x080009b7   Thumb Code    80  w25qxx.o(.text)
    W25QXX_Write_NoCheck                     0x08000a07   Thumb Code    70  w25qxx.o(.text)
    W25QXX_Erase_Sector                      0x08000a4d   Thumb Code    62  w25qxx.o(.text)
    W25QXX_Write                             0x08000a8b   Thumb Code   180  w25qxx.o(.text)
    W25QXX_Erase_Chip                        0x08000b3f   Thumb Code    36  w25qxx.o(.text)
    W25QXX_PowerDown                         0x08000b63   Thumb Code    30  w25qxx.o(.text)
    W25QXX_WAKEUP                            0x08000b81   Thumb Code    30  w25qxx.o(.text)
    TIM3_Init                                0x08000bb5   Thumb Code    90  timer.o(.text)
    TIM3_Init_WithoutIT                      0x08000c0f   Thumb Code    50  timer.o(.text)
    TIM3_IRQHandler                          0x08000c41   Thumb Code    22  timer.o(.text)
    delay_init                               0x08000c5d   Thumb Code    50  delay.o(.text)
    delay_us                                 0x08000c8f   Thumb Code    72  delay.o(.text)
    delay_ms                                 0x08000cd7   Thumb Code    72  delay.o(.text)
    fgetc                                    0x08000d31   Thumb Code     6  usart.o(.text)
    ferror                                   0x08000d37   Thumb Code     8  usart.o(.text)
    _ttywrch                                 0x08000d3f   Thumb Code     6  usart.o(.text)
    _sys_exit                                0x08000d45   Thumb Code     4  usart.o(.text)
    fputc                                    0x08000d49   Thumb Code    24  usart.o(.text)
    uart_init                                0x08000d61   Thumb Code   152  usart.o(.text)
    USART1_IRQHandler                        0x08000df9   Thumb Code   124  usart.o(.text)
    Reset_Handler                            0x08000e85   Thumb Code     8  startup_stm32f10x_hd.o(.text)
    ADC1_2_IRQHandler                        0x08000e9f   Thumb Code     0  startup_stm32f10x_hd.o(.text)
    ADC3_IRQHandler                          0x08000e9f   Thumb Code     0  startup_stm32f10x_hd.o(.text)
    CAN1_RX1_IRQHandler                      0x08000e9f   Thumb Code     0  startup_stm32f10x_hd.o(.text)
    CAN1_SCE_IRQHandler                      0x08000e9f   Thumb Code     0  startup_stm32f10x_hd.o(.text)
    DMA1_Channel1_IRQHandler                 0x08000e9f   Thumb Code     0  startup_stm32f10x_hd.o(.text)
    DMA1_Channel2_IRQHandler                 0x08000e9f   Thumb Code     0  startup_stm32f10x_hd.o(.text)
    DMA1_Channel3_IRQHandler                 0x08000e9f   Thumb Code     0  startup_stm32f10x_hd.o(.text)
    DMA1_Channel4_IRQHandler                 0x08000e9f   Thumb Code     0  startup_stm32f10x_hd.o(.text)
    DMA1_Channel5_IRQHandler                 0x08000e9f   Thumb Code     0  startup_stm32f10x_hd.o(.text)
    DMA1_Channel6_IRQHandler                 0x08000e9f   Thumb Code     0  startup_stm32f10x_hd.o(.text)
    DMA1_Channel7_IRQHandler                 0x08000e9f   Thumb Code     0  startup_stm32f10x_hd.o(.text)
    DMA2_Channel1_IRQHandler                 0x08000e9f   Thumb Code     0  startup_stm32f10x_hd.o(.text)
    DMA2_Channel2_IRQHandler                 0x08000e9f   Thumb Code     0  startup_stm32f10x_hd.o(.text)
    DMA2_Channel3_IRQHandler                 0x08000e9f   Thumb Code     0  startup_stm32f10x_hd.o(.text)
    DMA2_Channel4_5_IRQHandler               0x08000e9f   Thumb Code     0  startup_stm32f10x_hd.o(.text)
    EXTI0_IRQHandler                         0x08000e9f   Thumb Code     0  startup_stm32f10x_hd.o(.text)
    EXTI15_10_IRQHandler                     0x08000e9f   Thumb Code     0  startup_stm32f10x_hd.o(.text)
    EXTI1_IRQHandler                         0x08000e9f   Thumb Code     0  startup_stm32f10x_hd.o(.text)
    EXTI2_IRQHandler                         0x08000e9f   Thumb Code     0  startup_stm32f10x_hd.o(.text)
    EXTI3_IRQHandler                         0x08000e9f   Thumb Code     0  startup_stm32f10x_hd.o(.text)
    EXTI4_IRQHandler                         0x08000e9f   Thumb Code     0  startup_stm32f10x_hd.o(.text)
    EXTI9_5_IRQHandler                       0x08000e9f   Thumb Code     0  startup_stm32f10x_hd.o(.text)
    FLASH_IRQHandler                         0x08000e9f   Thumb Code     0  startup_stm32f10x_hd.o(.text)
    FSMC_IRQHandler                          0x08000e9f   Thumb Code     0  startup_stm32f10x_hd.o(.text)
    I2C1_ER_IRQHandler                       0x08000e9f   Thumb Code     0  startup_stm32f10x_hd.o(.text)
    I2C1_EV_IRQHandler                       0x08000e9f   Thumb Code     0  startup_stm32f10x_hd.o(.text)
    I2C2_ER_IRQHandler                       0x08000e9f   Thumb Code     0  startup_stm32f10x_hd.o(.text)
    I2C2_EV_IRQHandler                       0x08000e9f   Thumb Code     0  startup_stm32f10x_hd.o(.text)
    PVD_IRQHandler                           0x08000e9f   Thumb Code     0  startup_stm32f10x_hd.o(.text)
    RCC_IRQHandler                           0x08000e9f   Thumb Code     0  startup_stm32f10x_hd.o(.text)
    RTCAlarm_IRQHandler                      0x08000e9f   Thumb Code     0  startup_stm32f10x_hd.o(.text)
    RTC_IRQHandler                           0x08000e9f   Thumb Code     0  startup_stm32f10x_hd.o(.text)
    SDIO_IRQHandler                          0x08000e9f   Thumb Code     0  startup_stm32f10x_hd.o(.text)
    SPI1_IRQHandler                          0x08000e9f   Thumb Code     0  startup_stm32f10x_hd.o(.text)
    SPI2_IRQHandler                          0x08000e9f   Thumb Code     0  startup_stm32f10x_hd.o(.text)
    SPI3_IRQHandler                          0x08000e9f   Thumb Code     0  startup_stm32f10x_hd.o(.text)
    TAMPER_IRQHandler                        0x08000e9f   Thumb Code     0  startup_stm32f10x_hd.o(.text)
    TIM1_BRK_IRQHandler                      0x08000e9f   Thumb Code     0  startup_stm32f10x_hd.o(.text)
    TIM1_CC_IRQHandler                       0x08000e9f   Thumb Code     0  startup_stm32f10x_hd.o(.text)
    TIM1_TRG_COM_IRQHandler                  0x08000e9f   Thumb Code     0  startup_stm32f10x_hd.o(.text)
    TIM1_UP_IRQHandler                       0x08000e9f   Thumb Code     0  startup_stm32f10x_hd.o(.text)
    TIM2_IRQHandler                          0x08000e9f   Thumb Code     0  startup_stm32f10x_hd.o(.text)
    TIM4_IRQHandler                          0x08000e9f   Thumb Code     0  startup_stm32f10x_hd.o(.text)
    TIM5_IRQHandler                          0x08000e9f   Thumb Code     0  startup_stm32f10x_hd.o(.text)
    TIM6_IRQHandler                          0x08000e9f   Thumb Code     0  startup_stm32f10x_hd.o(.text)
    TIM7_IRQHandler                          0x08000e9f   Thumb Code     0  startup_stm32f10x_hd.o(.text)
    TIM8_BRK_IRQHandler                      0x08000e9f   Thumb Code     0  startup_stm32f10x_hd.o(.text)
    TIM8_CC_IRQHandler                       0x08000e9f   Thumb Code     0  startup_stm32f10x_hd.o(.text)
    TIM8_TRG_COM_IRQHandler                  0x08000e9f   Thumb Code     0  startup_stm32f10x_hd.o(.text)
    TIM8_UP_IRQHandler                       0x08000e9f   Thumb Code     0  startup_stm32f10x_hd.o(.text)
    UART4_IRQHandler                         0x08000e9f   Thumb Code     0  startup_stm32f10x_hd.o(.text)
    UART5_IRQHandler                         0x08000e9f   Thumb Code     0  startup_stm32f10x_hd.o(.text)
    USART2_IRQHandler                        0x08000e9f   Thumb Code     0  startup_stm32f10x_hd.o(.text)
    USART3_IRQHandler                        0x08000e9f   Thumb Code     0  startup_stm32f10x_hd.o(.text)
    USBWakeUp_IRQHandler                     0x08000e9f   Thumb Code     0  startup_stm32f10x_hd.o(.text)
    USB_HP_CAN1_TX_IRQHandler                0x08000e9f   Thumb Code     0  startup_stm32f10x_hd.o(.text)
    USB_LP_CAN1_RX0_IRQHandler               0x08000e9f   Thumb Code     0  startup_stm32f10x_hd.o(.text)
    WWDG_IRQHandler                          0x08000e9f   Thumb Code     0  startup_stm32f10x_hd.o(.text)
    __user_initial_stackheap                 0x08000ea1   Thumb Code     0  startup_stm32f10x_hd.o(.text)
    NVIC_PriorityGroupConfig                 0x08000ec5   Thumb Code    10  misc.o(.text)
    NVIC_Init                                0x08000ecf   Thumb Code   100  misc.o(.text)
    NVIC_SetVectorTable                      0x08000f33   Thumb Code    14  misc.o(.text)
    NVIC_SystemLPConfig                      0x08000f41   Thumb Code    34  misc.o(.text)
    SysTick_CLKSourceConfig                  0x08000f63   Thumb Code    40  misc.o(.text)
    GPIO_DeInit                              0x08000fa1   Thumb Code   172  stm32f10x_gpio.o(.text)
    GPIO_AFIODeInit                          0x0800104d   Thumb Code    20  stm32f10x_gpio.o(.text)
    GPIO_Init                                0x08001061   Thumb Code   278  stm32f10x_gpio.o(.text)
    GPIO_StructInit                          0x08001177   Thumb Code    16  stm32f10x_gpio.o(.text)
    GPIO_ReadInputDataBit                    0x08001187   Thumb Code    18  stm32f10x_gpio.o(.text)
    GPIO_ReadInputData                       0x08001199   Thumb Code     8  stm32f10x_gpio.o(.text)
    GPIO_ReadOutputDataBit                   0x080011a1   Thumb Code    18  stm32f10x_gpio.o(.text)
    GPIO_ReadOutputData                      0x080011b3   Thumb Code     8  stm32f10x_gpio.o(.text)
    GPIO_SetBits                             0x080011bb   Thumb Code     4  stm32f10x_gpio.o(.text)
    GPIO_ResetBits                           0x080011bf   Thumb Code     4  stm32f10x_gpio.o(.text)
    GPIO_WriteBit                            0x080011c3   Thumb Code    10  stm32f10x_gpio.o(.text)
    GPIO_Write                               0x080011cd   Thumb Code     4  stm32f10x_gpio.o(.text)
    GPIO_PinLockConfig                       0x080011d1   Thumb Code    18  stm32f10x_gpio.o(.text)
    GPIO_EventOutputConfig                   0x080011e3   Thumb Code    26  stm32f10x_gpio.o(.text)
    GPIO_EventOutputCmd                      0x080011fd   Thumb Code     6  stm32f10x_gpio.o(.text)
    GPIO_PinRemapConfig                      0x08001203   Thumb Code   138  stm32f10x_gpio.o(.text)
    GPIO_EXTILineConfig                      0x0800128d   Thumb Code    66  stm32f10x_gpio.o(.text)
    GPIO_ETH_MediaInterfaceConfig            0x080012cf   Thumb Code     8  stm32f10x_gpio.o(.text)
    RCC_DeInit                               0x080012fd   Thumb Code    64  stm32f10x_rcc.o(.text)
    RCC_HSEConfig                            0x0800133d   Thumb Code    70  stm32f10x_rcc.o(.text)
    RCC_GetFlagStatus                        0x08001383   Thumb Code    56  stm32f10x_rcc.o(.text)
    RCC_WaitForHSEStartUp                    0x080013bb   Thumb Code    56  stm32f10x_rcc.o(.text)
    RCC_AdjustHSICalibrationValue            0x080013f3   Thumb Code    20  stm32f10x_rcc.o(.text)
    RCC_HSICmd                               0x08001407   Thumb Code     6  stm32f10x_rcc.o(.text)
    RCC_PLLConfig                            0x0800140d   Thumb Code    24  stm32f10x_rcc.o(.text)
    RCC_PLLCmd                               0x08001425   Thumb Code     6  stm32f10x_rcc.o(.text)
    RCC_SYSCLKConfig                         0x0800142b   Thumb Code    18  stm32f10x_rcc.o(.text)
    RCC_GetSYSCLKSource                      0x0800143d   Thumb Code    10  stm32f10x_rcc.o(.text)
    RCC_HCLKConfig                           0x08001447   Thumb Code    18  stm32f10x_rcc.o(.text)
    RCC_PCLK1Config                          0x08001459   Thumb Code    18  stm32f10x_rcc.o(.text)
    RCC_PCLK2Config                          0x0800146b   Thumb Code    20  stm32f10x_rcc.o(.text)
    RCC_ITConfig                             0x0800147f   Thumb Code    26  stm32f10x_rcc.o(.text)
    RCC_USBCLKConfig                         0x08001499   Thumb Code     8  stm32f10x_rcc.o(.text)
    RCC_ADCCLKConfig                         0x080014a1   Thumb Code    18  stm32f10x_rcc.o(.text)
    RCC_LSEConfig                            0x080014b3   Thumb Code    50  stm32f10x_rcc.o(.text)
    RCC_LSICmd                               0x080014e5   Thumb Code     6  stm32f10x_rcc.o(.text)
    RCC_RTCCLKConfig                         0x080014eb   Thumb Code    12  stm32f10x_rcc.o(.text)
    RCC_RTCCLKCmd                            0x080014f7   Thumb Code     8  stm32f10x_rcc.o(.text)
    RCC_GetClocksFreq                        0x080014ff   Thumb Code   192  stm32f10x_rcc.o(.text)
    RCC_AHBPeriphClockCmd                    0x080015bf   Thumb Code    26  stm32f10x_rcc.o(.text)
    RCC_APB2PeriphClockCmd                   0x080015d9   Thumb Code    26  stm32f10x_rcc.o(.text)
    RCC_APB1PeriphClockCmd                   0x080015f3   Thumb Code    26  stm32f10x_rcc.o(.text)
    RCC_APB2PeriphResetCmd                   0x0800160d   Thumb Code    26  stm32f10x_rcc.o(.text)
    RCC_APB1PeriphResetCmd                   0x08001627   Thumb Code    26  stm32f10x_rcc.o(.text)
    RCC_BackupResetCmd                       0x08001641   Thumb Code     8  stm32f10x_rcc.o(.text)
    RCC_ClockSecuritySystemCmd               0x08001649   Thumb Code     6  stm32f10x_rcc.o(.text)
    RCC_MCOConfig                            0x0800164f   Thumb Code     6  stm32f10x_rcc.o(.text)
    RCC_ClearFlag                            0x08001655   Thumb Code    14  stm32f10x_rcc.o(.text)
    RCC_GetITStatus                          0x08001663   Thumb Code    20  stm32f10x_rcc.o(.text)
    RCC_ClearITPendingBit                    0x08001677   Thumb Code     6  stm32f10x_rcc.o(.text)
    TIM_DeInit                               0x080016a1   Thumb Code   424  stm32f10x_tim.o(.text)
    TIM_TimeBaseInit                         0x08001849   Thumb Code   122  stm32f10x_tim.o(.text)
    TIM_OC1Init                              0x080018c3   Thumb Code   132  stm32f10x_tim.o(.text)
    TIM_OC2Init                              0x08001947   Thumb Code   154  stm32f10x_tim.o(.text)
    TIM_OC3Init                              0x080019e1   Thumb Code   150  stm32f10x_tim.o(.text)
    TIM_OC4Init                              0x08001a77   Thumb Code   182  stm32f10x_tim.o(.text)
    TIM_SetIC4Prescaler                      0x08001b2d   Thumb Code    26  stm32f10x_tim.o(.text)
    TIM_SetIC3Prescaler                      0x08001bc9   Thumb Code    18  stm32f10x_tim.o(.text)
    TIM_SetIC2Prescaler                      0x08001c55   Thumb Code    26  stm32f10x_tim.o(.text)
    TIM_SetIC1Prescaler                      0x08001cf1   Thumb Code    18  stm32f10x_tim.o(.text)
    TIM_ICInit                               0x08001d6f   Thumb Code   150  stm32f10x_tim.o(.text)
    TIM_PWMIConfig                           0x08001e05   Thumb Code   124  stm32f10x_tim.o(.text)
    TIM_BDTRConfig                           0x08001e81   Thumb Code    32  stm32f10x_tim.o(.text)
    TIM_TimeBaseStructInit                   0x08001ea1   Thumb Code    18  stm32f10x_tim.o(.text)
    TIM_OCStructInit                         0x08001eb3   Thumb Code    20  stm32f10x_tim.o(.text)
    TIM_ICStructInit                         0x08001ec7   Thumb Code    18  stm32f10x_tim.o(.text)
    TIM_BDTRStructInit                       0x08001ed9   Thumb Code    40  stm32f10x_tim.o(.text)
    TIM_Cmd                                  0x08001f01   Thumb Code    24  stm32f10x_tim.o(.text)
    TIM_CtrlPWMOutputs                       0x08001f19   Thumb Code    30  stm32f10x_tim.o(.text)
    TIM_ITConfig                             0x08001f37   Thumb Code    18  stm32f10x_tim.o(.text)
    TIM_GenerateEvent                        0x08001f49   Thumb Code     4  stm32f10x_tim.o(.text)
    TIM_DMAConfig                            0x08001f4d   Thumb Code    10  stm32f10x_tim.o(.text)
    TIM_DMACmd                               0x08001f57   Thumb Code    18  stm32f10x_tim.o(.text)
    TIM_InternalClockConfig                  0x08001f69   Thumb Code    12  stm32f10x_tim.o(.text)
    TIM_SelectInputTrigger                   0x08001f75   Thumb Code    18  stm32f10x_tim.o(.text)
    TIM_ITRxExternalClockConfig              0x08001f87   Thumb Code    24  stm32f10x_tim.o(.text)
    TIM_TIxExternalClockConfig               0x08001f9f   Thumb Code    62  stm32f10x_tim.o(.text)
    TIM_ETRConfig                            0x08001fdd   Thumb Code    28  stm32f10x_tim.o(.text)
    TIM_ETRClockMode1Config                  0x08001ff9   Thumb Code    54  stm32f10x_tim.o(.text)
    TIM_ETRClockMode2Config                  0x0800202f   Thumb Code    32  stm32f10x_tim.o(.text)
    TIM_PrescalerConfig                      0x0800204f   Thumb Code     6  stm32f10x_tim.o(.text)
    TIM_CounterModeConfig                    0x08002055   Thumb Code    18  stm32f10x_tim.o(.text)
    TIM_EncoderInterfaceConfig               0x08002067   Thumb Code    66  stm32f10x_tim.o(.text)
    TIM_ForcedOC1Config                      0x080020a9   Thumb Code    18  stm32f10x_tim.o(.text)
    TIM_ForcedOC2Config                      0x080020bb   Thumb Code    26  stm32f10x_tim.o(.text)
    TIM_ForcedOC3Config                      0x080020d5   Thumb Code    18  stm32f10x_tim.o(.text)
    TIM_ForcedOC4Config                      0x080020e7   Thumb Code    26  stm32f10x_tim.o(.text)
    TIM_ARRPreloadConfig                     0x08002101   Thumb Code    24  stm32f10x_tim.o(.text)
    TIM_SelectCOM                            0x08002119   Thumb Code    24  stm32f10x_tim.o(.text)
    TIM_SelectCCDMA                          0x08002131   Thumb Code    24  stm32f10x_tim.o(.text)
    TIM_CCPreloadControl                     0x08002149   Thumb Code    24  stm32f10x_tim.o(.text)
    TIM_OC1PreloadConfig                     0x08002161   Thumb Code    18  stm32f10x_tim.o(.text)
    TIM_OC2PreloadConfig                     0x08002173   Thumb Code    26  stm32f10x_tim.o(.text)
    TIM_OC3PreloadConfig                     0x0800218d   Thumb Code    18  stm32f10x_tim.o(.text)
    TIM_OC4PreloadConfig                     0x0800219f   Thumb Code    26  stm32f10x_tim.o(.text)
    TIM_OC1FastConfig                        0x080021b9   Thumb Code    18  stm32f10x_tim.o(.text)
    TIM_OC2FastConfig                        0x080021cb   Thumb Code    26  stm32f10x_tim.o(.text)
    TIM_OC3FastConfig                        0x080021e5   Thumb Code    18  stm32f10x_tim.o(.text)
    TIM_OC4FastConfig                        0x080021f7   Thumb Code    26  stm32f10x_tim.o(.text)
    TIM_ClearOC1Ref                          0x08002211   Thumb Code    18  stm32f10x_tim.o(.text)
    TIM_ClearOC2Ref                          0x08002223   Thumb Code    24  stm32f10x_tim.o(.text)
    TIM_ClearOC3Ref                          0x0800223b   Thumb Code    18  stm32f10x_tim.o(.text)
    TIM_ClearOC4Ref                          0x0800224d   Thumb Code    24  stm32f10x_tim.o(.text)
    TIM_OC1PolarityConfig                    0x08002265   Thumb Code    18  stm32f10x_tim.o(.text)
    TIM_OC1NPolarityConfig                   0x08002277   Thumb Code    18  stm32f10x_tim.o(.text)
    TIM_OC2PolarityConfig                    0x08002289   Thumb Code    26  stm32f10x_tim.o(.text)
    TIM_OC2NPolarityConfig                   0x080022a3   Thumb Code    26  stm32f10x_tim.o(.text)
    TIM_OC3PolarityConfig                    0x080022bd   Thumb Code    26  stm32f10x_tim.o(.text)
    TIM_OC3NPolarityConfig                   0x080022d7   Thumb Code    26  stm32f10x_tim.o(.text)
    TIM_OC4PolarityConfig                    0x080022f1   Thumb Code    26  stm32f10x_tim.o(.text)
    TIM_CCxCmd                               0x0800230b   Thumb Code    30  stm32f10x_tim.o(.text)
    TIM_CCxNCmd                              0x08002329   Thumb Code    30  stm32f10x_tim.o(.text)
    TIM_SelectOCxM                           0x08002347   Thumb Code    82  stm32f10x_tim.o(.text)
    TIM_UpdateDisableConfig                  0x08002399   Thumb Code    24  stm32f10x_tim.o(.text)
    TIM_UpdateRequestConfig                  0x080023b1   Thumb Code    24  stm32f10x_tim.o(.text)
    TIM_SelectHallSensor                     0x080023c9   Thumb Code    24  stm32f10x_tim.o(.text)
    TIM_SelectOnePulseMode                   0x080023e1   Thumb Code    18  stm32f10x_tim.o(.text)
    TIM_SelectOutputTrigger                  0x080023f3   Thumb Code    18  stm32f10x_tim.o(.text)
    TIM_SelectSlaveMode                      0x08002405   Thumb Code    18  stm32f10x_tim.o(.text)
    TIM_SelectMasterSlaveMode                0x08002417   Thumb Code    18  stm32f10x_tim.o(.text)
    TIM_SetCounter                           0x08002429   Thumb Code     4  stm32f10x_tim.o(.text)
    TIM_SetAutoreload                        0x0800242d   Thumb Code     4  stm32f10x_tim.o(.text)
    TIM_SetCompare1                          0x08002431   Thumb Code     4  stm32f10x_tim.o(.text)
    TIM_SetCompare2                          0x08002435   Thumb Code     4  stm32f10x_tim.o(.text)
    TIM_SetCompare3                          0x08002439   Thumb Code     4  stm32f10x_tim.o(.text)
    TIM_SetCompare4                          0x0800243d   Thumb Code     6  stm32f10x_tim.o(.text)
    TIM_SetClockDivision                     0x08002443   Thumb Code    18  stm32f10x_tim.o(.text)
    TIM_GetCapture1                          0x08002455   Thumb Code     6  stm32f10x_tim.o(.text)
    TIM_GetCapture2                          0x0800245b   Thumb Code     6  stm32f10x_tim.o(.text)
    TIM_GetCapture3                          0x08002461   Thumb Code     6  stm32f10x_tim.o(.text)
    TIM_GetCapture4                          0x08002467   Thumb Code     8  stm32f10x_tim.o(.text)
    TIM_GetCounter                           0x0800246f   Thumb Code     6  stm32f10x_tim.o(.text)
    TIM_GetPrescaler                         0x08002475   Thumb Code     6  stm32f10x_tim.o(.text)
    TIM_GetFlagStatus                        0x0800247b   Thumb Code    18  stm32f10x_tim.o(.text)
    TIM_ClearFlag                            0x0800248d   Thumb Code     6  stm32f10x_tim.o(.text)
    TIM_GetITStatus                          0x08002493   Thumb Code    34  stm32f10x_tim.o(.text)
    TIM_ClearITPendingBit                    0x080024b5   Thumb Code     6  stm32f10x_tim.o(.text)
    USART_DeInit                             0x080024bd   Thumb Code   134  stm32f10x_usart.o(.text)
    USART_Init                               0x08002543   Thumb Code   210  stm32f10x_usart.o(.text)
    USART_StructInit                         0x08002615   Thumb Code    24  stm32f10x_usart.o(.text)
    USART_ClockInit                          0x0800262d   Thumb Code    34  stm32f10x_usart.o(.text)
    USART_ClockStructInit                    0x0800264f   Thumb Code    12  stm32f10x_usart.o(.text)
    USART_Cmd                                0x0800265b   Thumb Code    24  stm32f10x_usart.o(.text)
    USART_ITConfig                           0x08002673   Thumb Code    74  stm32f10x_usart.o(.text)
    USART_DMACmd                             0x080026bd   Thumb Code    18  stm32f10x_usart.o(.text)
    USART_SetAddress                         0x080026cf   Thumb Code    18  stm32f10x_usart.o(.text)
    USART_WakeUpConfig                       0x080026e1   Thumb Code    18  stm32f10x_usart.o(.text)
    USART_ReceiverWakeUpCmd                  0x080026f3   Thumb Code    24  stm32f10x_usart.o(.text)
    USART_LINBreakDetectLengthConfig         0x0800270b   Thumb Code    18  stm32f10x_usart.o(.text)
    USART_LINCmd                             0x0800271d   Thumb Code    24  stm32f10x_usart.o(.text)
    USART_SendData                           0x08002735   Thumb Code     8  stm32f10x_usart.o(.text)
    USART_ReceiveData                        0x0800273d   Thumb Code    10  stm32f10x_usart.o(.text)
    USART_SendBreak                          0x08002747   Thumb Code    10  stm32f10x_usart.o(.text)
    USART_SetGuardTime                       0x08002751   Thumb Code    16  stm32f10x_usart.o(.text)
    USART_SetPrescaler                       0x08002761   Thumb Code    16  stm32f10x_usart.o(.text)
    USART_SmartCardCmd                       0x08002771   Thumb Code    24  stm32f10x_usart.o(.text)
    USART_SmartCardNACKCmd                   0x08002789   Thumb Code    24  stm32f10x_usart.o(.text)
    USART_HalfDuplexCmd                      0x080027a1   Thumb Code    24  stm32f10x_usart.o(.text)
    USART_OverSampling8Cmd                   0x080027b9   Thumb Code    22  stm32f10x_usart.o(.text)
    USART_OneBitMethodCmd                    0x080027cf   Thumb Code    24  stm32f10x_usart.o(.text)
    USART_IrDAConfig                         0x080027e7   Thumb Code    18  stm32f10x_usart.o(.text)
    USART_IrDACmd                            0x080027f9   Thumb Code    24  stm32f10x_usart.o(.text)
    USART_GetFlagStatus                      0x08002811   Thumb Code    26  stm32f10x_usart.o(.text)
    USART_ClearFlag                          0x0800282b   Thumb Code    18  stm32f10x_usart.o(.text)
    USART_GetITStatus                        0x0800283d   Thumb Code    84  stm32f10x_usart.o(.text)
    USART_ClearITPendingBit                  0x08002891   Thumb Code    52  stm32f10x_usart.o(.text)
    SPI_I2S_DeInit                           0x080028c5   Thumb Code    76  stm32f10x_spi.o(.text)
    SPI_Init                                 0x08002911   Thumb Code    60  stm32f10x_spi.o(.text)
    I2S_Init                                 0x0800294d   Thumb Code   226  stm32f10x_spi.o(.text)
    SPI_StructInit                           0x08002a2f   Thumb Code    24  stm32f10x_spi.o(.text)
    I2S_StructInit                           0x08002a47   Thumb Code    20  stm32f10x_spi.o(.text)
    SPI_Cmd                                  0x08002a5b   Thumb Code    24  stm32f10x_spi.o(.text)
    I2S_Cmd                                  0x08002a73   Thumb Code    24  stm32f10x_spi.o(.text)
    SPI_I2S_ITConfig                         0x08002a8b   Thumb Code    32  stm32f10x_spi.o(.text)
    SPI_I2S_DMACmd                           0x08002aab   Thumb Code    18  stm32f10x_spi.o(.text)
    SPI_I2S_SendData                         0x08002abd   Thumb Code     4  stm32f10x_spi.o(.text)
    SPI_I2S_ReceiveData                      0x08002ac1   Thumb Code     6  stm32f10x_spi.o(.text)
    SPI_NSSInternalSoftwareConfig            0x08002ac7   Thumb Code    30  stm32f10x_spi.o(.text)
    SPI_SSOutputCmd                          0x08002ae5   Thumb Code    24  stm32f10x_spi.o(.text)
    SPI_DataSizeConfig                       0x08002afd   Thumb Code    18  stm32f10x_spi.o(.text)
    SPI_TransmitCRC                          0x08002b0f   Thumb Code    10  stm32f10x_spi.o(.text)
    SPI_CalculateCRC                         0x08002b19   Thumb Code    24  stm32f10x_spi.o(.text)
    SPI_GetCRC                               0x08002b31   Thumb Code    16  stm32f10x_spi.o(.text)
    SPI_GetCRCPolynomial                     0x08002b41   Thumb Code     6  stm32f10x_spi.o(.text)
    SPI_BiDirectionalLineConfig              0x08002b47   Thumb Code    28  stm32f10x_spi.o(.text)
    SPI_I2S_GetFlagStatus                    0x08002b63   Thumb Code    18  stm32f10x_spi.o(.text)
    SPI_I2S_ClearFlag                        0x08002b75   Thumb Code     6  stm32f10x_spi.o(.text)
    SPI_I2S_GetITStatus                      0x08002b7b   Thumb Code    52  stm32f10x_spi.o(.text)
    SPI_I2S_ClearITPendingBit                0x08002baf   Thumb Code    20  stm32f10x_spi.o(.text)
    PrintBuf                                 0x08002bd1   Thumb Code    72  sm2.o(.text)
    Printch                                  0x08002c19   Thumb Code    58  sm2.o(.text)
    sm2_keygen                               0x08002c53   Thumb Code   542  sm2.o(.text)
    kdf                                      0x08002e71   Thumb Code   172  sm2.o(.text)
    sm2_encrypt                              0x08002f1d   Thumb Code  1072  sm2.o(.text)
    sm2_decrypt                              0x0800334d   Thumb Code   852  sm2.o(.text)
    sm2_sign                                 0x080036a1   Thumb Code  1540  sm2.o(.text)
    sm2_vrisign                              0x08003ca5   Thumb Code  1406  sm2.o(.text)
    sm2_encrypt_test                         0x08004223   Thumb Code   284  sm2.o(.text)
    sm2_encrypt_test_nosign                  0x0800433f   Thumb Code   182  sm2.o(.text)
    ReverseWord                              0x080045f5   Thumb Code    20  sm3.o(.text)
    T                                        0x08004609   Thumb Code    30  sm3.o(.text)
    FF                                       0x08004627   Thumb Code    50  sm3.o(.text)
    GG                                       0x08004659   Thumb Code    44  sm3.o(.text)
    P0                                       0x08004685   Thumb Code    20  sm3.o(.text)
    P1                                       0x08004699   Thumb Code    20  sm3.o(.text)
    SM3Init                                  0x080046ad   Thumb Code    34  sm3.o(.text)
    SM3ProcessMessageBlock                   0x080046cf   Thumb Code   556  sm3.o(.text)
    SM3Calc                                  0x080048fb   Thumb Code   202  sm3.o(.text)
    gen_key                                  0x08004ab1   Thumb Code   116  sm4.o(.text)
    sm4_setkey_enc                           0x08004d81   Thumb Code    20  sm4.o(.text)
    sm4_setkey_dec                           0x08004d95   Thumb Code    80  sm4.o(.text)
    sm4_crypt_ecb_old                        0x08004de5   Thumb Code    40  sm4.o(.text)
    sm4_crypt_cbc_old                        0x08004e0d   Thumb Code   146  sm4.o(.text)
    sm4_crypt_ecb                            0x08004e9f   Thumb Code    96  sm4.o(.text)
    sm4_crypt_cbc                            0x08004eff   Thumb Code   102  sm4.o(.text)
    sm4_test_ecb                             0x08004f65   Thumb Code   242  sm4.o(.text)
    sm4_decrypt_cbc                          0x08005057   Thumb Code    70  sm4.o(.text)
    sm4_encrypt_cbc                          0x0800509d   Thumb Code   112  sm4.o(.text)
    sm4_test_cbc                             0x0800510d   Thumb Code    52  sm4.o(.text)
    sm4_encrypt_ecb                          0x08005141   Thumb Code   200  sm4.o(.text)
    __use_no_semihosting                     0x080053a1   Thumb Code     2  use_no_semi_2.o(.text)
    malloc                                   0x080053a3   Thumb Code    94  h1_alloc.o(.text)
    free                                     0x08005401   Thumb Code    78  h1_free.o(.text)
    __aeabi_uldivmod                         0x0800544f   Thumb Code     0  lludivv7m.o(.text)
    _ll_udiv                                 0x0800544f   Thumb Code   238  lludivv7m.o(.text)
    __aeabi_llsr                             0x0800553d   Thumb Code     0  llushr.o(.text)
    _ll_ushift_r                             0x0800553d   Thumb Code    38  llushr.o(.text)
    __2printf                                0x08005565   Thumb Code    20  noretval__2printf.o(.text)
    _printf_pre_padding                      0x0800557d   Thumb Code    44  _printf_pad.o(.text)
    _printf_post_padding                     0x080055a9   Thumb Code    34  _printf_pad.o(.text)
    _printf_str                              0x080055cb   Thumb Code    82  _printf_str.o(.text)
    _printf_int_dec                          0x0800561d   Thumb Code   104  _printf_dec.o(.text)
    _printf_int_hex                          0x08005695   Thumb Code    84  _printf_hex_int.o(.text)
    _printf_longlong_hex                     0x08005695   Thumb Code     0  _printf_hex_int.o(.text)
    __printf                                 0x080056ed   Thumb Code   308  __printf_flags_wp.o(.text)
    exit                                     0x08005825   Thumb Code    12  exit.o(.text)
    memcmp                                   0x08005831   Thumb Code    88  memcmp.o(.text)
    __aeabi_memcpy                           0x08005889   Thumb Code     0  rt_memcpy_v6.o(.text)
    __rt_memcpy                              0x08005889   Thumb Code   138  rt_memcpy_v6.o(.text)
    _memcpy_lastbytes                        0x080058ef   Thumb Code     0  rt_memcpy_v6.o(.text)
    __aeabi_memcpy4                          0x08005913   Thumb Code     0  rt_memcpy_w.o(.text)
    __aeabi_memcpy8                          0x08005913   Thumb Code     0  rt_memcpy_w.o(.text)
    __rt_memcpy_w                            0x08005913   Thumb Code   100  rt_memcpy_w.o(.text)
    _memcpy_lastbytes_aligned                0x0800595b   Thumb Code     0  rt_memcpy_w.o(.text)
    __aeabi_memset                           0x08005977   Thumb Code    16  aeabi_memset.o(.text)
    __aeabi_memclr                           0x08005987   Thumb Code     0  rt_memclr.o(.text)
    __rt_memclr                              0x08005987   Thumb Code    68  rt_memclr.o(.text)
    _memset                                  0x0800598b   Thumb Code     0  rt_memclr.o(.text)
    __aeabi_memclr4                          0x080059cb   Thumb Code     0  rt_memclr_w.o(.text)
    __aeabi_memclr8                          0x080059cb   Thumb Code     0  rt_memclr_w.o(.text)
    __rt_memclr_w                            0x080059cb   Thumb Code    78  rt_memclr_w.o(.text)
    _memset_w                                0x080059cf   Thumb Code     0  rt_memclr_w.o(.text)
    __use_two_region_memory                  0x08005a19   Thumb Code     2  heapauxi.o(.text)
    __rt_heap_escrow                         0x08005a1b   Thumb Code     2  heapauxi.o(.text)
    __rt_heap_expand                         0x08005a1d   Thumb Code     2  heapauxi.o(.text)
    __I$use$semihosting                      0x08005a1f   Thumb Code     0  use_no_semi.o(.text)
    __use_no_semihosting_swi                 0x08005a1f   Thumb Code     2  use_no_semi.o(.text)
    __rt_heap_descriptor                     0x08005a21   Thumb Code     8  rt_heap_descriptor_intlibspace.o(.text)
    __use_no_heap                            0x08005a29   Thumb Code     2  hguard.o(.text)
    __heap$guard                             0x08005a2b   Thumb Code     2  hguard.o(.text)
    _terminate_user_alloc                    0x08005a2d   Thumb Code     2  init_alloc.o(.text)
    _init_user_alloc                         0x08005a2f   Thumb Code     2  init_alloc.o(.text)
    __Heap_Full                              0x08005a31   Thumb Code    34  init_alloc.o(.text)
    __Heap_Broken                            0x08005a53   Thumb Code     6  init_alloc.o(.text)
    _init_alloc                              0x08005a59   Thumb Code    94  init_alloc.o(.text)
    __Heap_Initialize                        0x08005ab7   Thumb Code    10  h1_init.o(.text)
    __Heap_DescSize                          0x08005ac1   Thumb Code     4  h1_init.o(.text)
    _printf_int_common                       0x08005ac5   Thumb Code   178  _printf_intcommon.o(.text)
    _printf_cs_common                        0x08005b77   Thumb Code    20  _printf_char.o(.text)
    _printf_char                             0x08005b8b   Thumb Code    16  _printf_char.o(.text)
    _printf_string                           0x08005b9b   Thumb Code     8  _printf_char.o(.text)
    _printf_char_file                        0x08005ba5   Thumb Code    32  _printf_char_file.o(.text)
    __user_libspace                          0x08005bc9   Thumb Code     8  libspace.o(.text)
    __user_perproc_libspace                  0x08005bc9   Thumb Code     0  libspace.o(.text)
    __user_perthread_libspace                0x08005bc9   Thumb Code     0  libspace.o(.text)
    __Heap_ProvideMemory                     0x08005bd1   Thumb Code    52  h1_extend.o(.text)
    _printf_char_common                      0x08005c0f   Thumb Code    32  _printf_char_common.o(.text)
    __rt_SIGRTMEM                            0x08005c35   Thumb Code    14  defsig_rtmem_outer.o(.text)
    __user_setup_stackheap                   0x08005c43   Thumb Code    74  sys_stackheap_outer.o(.text)
    __sig_exit                               0x08005c8d   Thumb Code    10  defsig_exit.o(.text)
    __rt_SIGRTMEM_inner                      0x08005c99   Thumb Code    22  defsig_rtmem_inner.o(.text)
    __default_signal_display                 0x08005ce9   Thumb Code    50  defsig_general.o(.text)
    _is_digit                                0x08005d1b   Thumb Code    14  __printf_wp.o(i._is_digit)
    add                                      0x08005d29   Thumb Code    78  mrarth0.o(i.add)
    big_to_bytes                             0x08005d77   Thumb Code   508  mrarth1.o(i.big_to_bytes)
    bigbits                                  0x08005f73   Thumb Code   218  mrbits.o(i.bigbits)
    bigrand                                  0x0800604d   Thumb Code   180  mrrand.o(i.bigrand)
    brand                                    0x08006101   Thumb Code   224  mrcore.o(i.brand)
    bytes_to_big                             0x080061e1   Thumb Code   332  mrarth1.o(i.bytes_to_big)
    cinstr                                   0x08006447   Thumb Code   168  mrio2.o(i.cinstr)
    convert                                  0x080064ef   Thumb Code    50  mrcore.o(i.convert)
    copy                                     0x08006521   Thumb Code    90  mrcore.o(i.copy)
    decr                                     0x0800657b   Thumb Code    94  mrarth0.o(i.decr)
    divide                                   0x080065d9   Thumb Code  1908  mrarth2.o(i.divide)
    ecp_memkill                              0x08006d4d   Thumb Code   122  mrcore.o(i.ecp_memkill)
    ecurve_add                               0x08006dc7   Thumb Code   176  mrcurve.o(i.ecurve_add)
    ecurve_double                            0x08006e77   Thumb Code  2006  mrcurve.o(i.ecurve_double)
    ecurve_init                              0x0800764d   Thumb Code   336  mrmonty.o(i.ecurve_init)
    ecurve_mult                              0x0800779d   Thumb Code   604  mrcurve.o(i.ecurve_mult)
    ecurve_sub                               0x0800804f   Thumb Code   136  mrcurve.o(i.ecurve_sub)
    epoint_copy                              0x080080d7   Thumb Code    50  mrcurve.o(i.epoint_copy)
    epoint_get                               0x08008109   Thumb Code   164  mrcurve.o(i.epoint_get)
    epoint_init_mem                          0x0800826b   Thumb Code    34  mrcore.o(i.epoint_init_mem)
    epoint_init_mem_variable                 0x0800828d   Thumb Code   182  mrcore.o(i.epoint_init_mem_variable)
    epoint_multi_norm                        0x08008343   Thumb Code   328  mrcurve.o(i.epoint_multi_norm)
    epoint_negate                            0x0800848b   Thumb Code    90  mrcurve.o(i.epoint_negate)
    epoint_norm                              0x080084e5   Thumb Code   216  mrcurve.o(i.epoint_norm)
    epoint_set                               0x080085bd   Thumb Code   260  mrcurve.o(i.epoint_set)
    expb2                                    0x080086c1   Thumb Code   212  mrbits.o(i.expb2)
    exsign                                   0x08008795   Thumb Code    20  mrcore.o(i.exsign)
    getdig                                   0x080087a9   Thumb Code    68  mrcore.o(i.getdig)
    incr                                     0x080087ed   Thumb Code    92  mrarth0.o(i.incr)
    insign                                   0x08008849   Thumb Code    32  mrcore.o(i.insign)
    instr                                    0x08008869   Thumb Code   776  mrio1.o(i.instr)
    invmodp                                  0x08008b71   Thumb Code    78  mrxgcd.o(i.invmodp)
    irand                                    0x08008bbf   Thumb Code    90  mrcore.o(i.irand)
    jack                                     0x08008c19   Thumb Code   378  mrjack.o(i.jack)
    logb2                                    0x08008d93   Thumb Code   206  mrbits.o(i.logb2)
    mad                                      0x08008e61   Thumb Code   172  mrarth2.o(i.mad)
    memkill                                  0x08008f0d   Thumb Code    48  mrcore.o(i.memkill)
    mirexit                                  0x08008f3d   Thumb Code    68  mrcore.o(i.mirexit)
    mirsys                                   0x08008f81   Thumb Code    20  mrcore.o(i.mirsys)
    mirsys_basic                             0x08008f95   Thumb Code   808  mrcore.o(i.mirsys_basic)
    mirvar_mem                               0x080092c9   Thumb Code    32  mrcore.o(i.mirvar_mem)
    mirvar_mem_variable                      0x080092e9   Thumb Code    84  mrcore.o(i.mirvar_mem_variable)
    mr_berror                                0x0800935d   Thumb Code  1428  mrcore.o(i.mr_berror)
    mr_compare                               0x08009905   Thumb Code   128  mrcore.o(i.mr_compare)
    mr_lzero                                 0x08009985   Thumb Code    48  mrcore.o(i.mr_lzero)
    mr_naf_window                            0x080099b5   Thumb Code   258  mrcore.o(i.mr_naf_window)
    mr_notint                                0x08009ab7   Thumb Code     6  mrcore.o(i.mr_notint)
    mr_padd                                  0x08009abd   Thumb Code   446  mrarth0.o(i.mr_padd)
    mr_pmul                                  0x08009c7b   Thumb Code   314  mrarth1.o(i.mr_pmul)
    mr_psub                                  0x08009db5   Thumb Code   264  mrarth0.o(i.mr_psub)
    mr_sdiv                                  0x08009ebd   Thumb Code   200  mrarth1.o(i.mr_sdiv)
    mr_setbase                               0x0800a0bd   Thumb Code   126  mrcore.o(i.mr_setbase)
    mr_shift                                 0x0800a13b   Thumb Code   266  mrcore.o(i.mr_shift)
    mr_shiftbits                             0x0800a245   Thumb Code    20  mrcore.o(i.mr_shiftbits)
    mr_testbit                               0x0800a259   Thumb Code    42  mrcore.o(i.mr_testbit)
    mr_track                                 0x0800a285   Thumb Code    62  mrcore.o(i.mr_track)
    muldiv                                   0x0800a2cd   Thumb Code    56  mrcore.o(i.muldiv)
    muldvm                                   0x0800a305   Thumb Code    50  mrcore.o(i.muldvm)
    multiply                                 0x0800a337   Thumb Code  1170  mrarth2.o(i.multiply)
    negify                                   0x0800a7c9   Thumb Code    28  mrcore.o(i.negify)
    normalise                                0x0800a7e5   Thumb Code   170  mrarth2.o(i.normalise)
    nres                                     0x0800a88f   Thumb Code   204  mrmonty.o(i.nres)
    nres_div2                                0x0800a95b   Thumb Code   116  mrmonty.o(i.nres_div2)
    nres_lucas                               0x0800a9cf   Thumb Code   672  mrlucas.o(i.nres_lucas)
    nres_modadd                              0x0800ac6f   Thumb Code   108  mrmonty.o(i.nres_modadd)
    nres_moddiv                              0x0800acdb   Thumb Code   160  mrmonty.o(i.nres_moddiv)
    nres_modmult                             0x0800ad7b   Thumb Code   150  mrmonty.o(i.nres_modmult)
    nres_modsub                              0x0800ae11   Thumb Code   120  mrmonty.o(i.nres_modsub)
    nres_multi_inverse                       0x0800ae89   Thumb Code   386  mrmonty.o(i.nres_multi_inverse)
    nres_negate                              0x0800b00b   Thumb Code    92  mrmonty.o(i.nres_negate)
    nres_premult                             0x0800b067   Thumb Code   360  mrmonty.o(i.nres_premult)
    nres_sqroot                              0x0800b1cf   Thumb Code   568  mrsroot.o(i.nres_sqroot)
    point_at_infinity                        0x0800b407   Thumb Code    22  mrcore.o(i.point_at_infinity)
    premult                                  0x0800b41d   Thumb Code   148  mrarth1.o(i.premult)
    prepare_monty                            0x0800b4b1   Thumb Code   456  mrmonty.o(i.prepare_monty)
    putdig                                   0x0800b679   Thumb Code   212  mrcore.o(i.putdig)
    redc                                     0x0800b81d   Thumb Code   602  mrmonty.o(i.redc)
    remain                                   0x0800ba77   Thumb Code   186  mrarth1.o(i.remain)
    size                                     0x0800bb31   Thumb Code    66  mrcore.o(i.size)
    subdiv                                   0x0800bb73   Thumb Code   342  mrarth1.o(i.subdiv)
    subtract                                 0x0800bcc9   Thumb Code    80  mrarth0.o(i.subtract)
    uconvert                                 0x0800bd19   Thumb Code    74  mrcore.o(i.uconvert)
    xgcd                                     0x0800bd63   Thumb Code  2382  mrxgcd.o(i.xgcd)
    zero                                     0x0800c6b1   Thumb Code    38  mrcore.o(i.zero)
    Region$$Table$$Base                      0x0800d7f0   Number         0  anon$$obj.o(Region$$Table)
    Region$$Table$$Limit                     0x0800d810   Number         0  anon$$obj.o(Region$$Table)
    SystemCoreClock                          0x20000000   Data           4  system_stm32f10x.o(.data)
    AHBPrescTable                            0x20000004   Data          16  system_stm32f10x.o(.data)
    W25QXX_TYPE                              0x20000016   Data           2  w25qxx.o(.data)
    __stdout                                 0x2000001c   Data           4  usart.o(.data)
    USART_RX_STA                             0x20000020   Data           2  usart.o(.data)
    Ecc256                                   0x20000038   Data          24  sm2.o(.data)
    W25QXX_BUFFER                            0x20000420   Data        4096  w25qxx.o(.bss)
    USART_RX_BUF                             0x20001420   Data        4097  usart.o(.bss)
    __libspace_start                         0x20002424   Data          96  libspace.o(.bss)
    __temporary_stack_top$libspace           0x20002484   Data           0  libspace.o(.bss)



==============================================================================

Memory Map of the image

  Image Entry point : 0x08000131

  Load Region LR_IROM1 (Base: 0x08000000, Size: 0x0000dc30, Max: 0x00080000, ABSOLUTE, COMPRESSED[0x0000db10])

    Execution Region ER_IROM1 (Base: 0x08000000, Size: 0x0000d810, Max: 0x00080000, ABSOLUTE)

    Base Addr    Size         Type   Attr      Idx    E Section Name        Object

    0x08000000   0x00000130   Data   RO          339    RESET               startup_stm32f10x_hd.o
    0x08000130   0x00000008   Code   RO         1583  * !!!main             c_w.l(__main.o)
    0x08000138   0x00000034   Code   RO         1800    !!!scatter          c_w.l(__scatter.o)
    0x0800016c   0x0000005a   Code   RO         1798    !!dczerorl2         c_w.l(__dczerorl2.o)
    0x080001c6   0x00000002   PAD
    0x080001c8   0x0000001c   Code   RO         1802    !!handler_zi        c_w.l(__scatter_zi.o)
    0x080001e4   0x00000000   Code   RO         1566    .ARM.Collect$$_printf_percent$$00000000  c_w.l(_printf_percent.o)
    0x080001e4   0x00000006   Code   RO         1565    .ARM.Collect$$_printf_percent$$00000009  c_w.l(_printf_d.o)
    0x080001ea   0x00000006   Code   RO         1564    .ARM.Collect$$_printf_percent$$0000000C  c_w.l(_printf_x.o)
    0x080001f0   0x00000006   Code   RO         1563    .ARM.Collect$$_printf_percent$$00000013  c_w.l(_printf_c.o)
    0x080001f6   0x00000004   Code   RO         1627    .ARM.Collect$$_printf_percent$$00000017  c_w.l(_printf_percent_end.o)
    0x080001fa   0x00000002   Code   RO         1753    .ARM.Collect$$libinit$$00000000  c_w.l(libinit.o)
    0x080001fc   0x00000000   Code   RO         1631    .ARM.Collect$$libinit$$00000002  c_w.l(libinit2.o)
    0x080001fc   0x00000000   Code   RO         1633    .ARM.Collect$$libinit$$00000004  c_w.l(libinit2.o)
    0x080001fc   0x00000008   Code   RO         1634    .ARM.Collect$$libinit$$00000005  c_w.l(libinit2.o)
    0x08000204   0x00000000   Code   RO         1636    .ARM.Collect$$libinit$$0000000A  c_w.l(libinit2.o)
    0x08000204   0x00000000   Code   RO         1638    .ARM.Collect$$libinit$$0000000C  c_w.l(libinit2.o)
    0x08000204   0x00000000   Code   RO         1640    .ARM.Collect$$libinit$$0000000E  c_w.l(libinit2.o)
    0x08000204   0x00000000   Code   RO         1643    .ARM.Collect$$libinit$$00000011  c_w.l(libinit2.o)
    0x08000204   0x00000000   Code   RO         1645    .ARM.Collect$$libinit$$00000013  c_w.l(libinit2.o)
    0x08000204   0x00000000   Code   RO         1647    .ARM.Collect$$libinit$$00000015  c_w.l(libinit2.o)
    0x08000204   0x00000000   Code   RO         1649    .ARM.Collect$$libinit$$00000017  c_w.l(libinit2.o)
    0x08000204   0x00000000   Code   RO         1651    .ARM.Collect$$libinit$$00000019  c_w.l(libinit2.o)
    0x08000204   0x00000000   Code   RO         1653    .ARM.Collect$$libinit$$0000001B  c_w.l(libinit2.o)
    0x08000204   0x00000000   Code   RO         1655    .ARM.Collect$$libinit$$0000001D  c_w.l(libinit2.o)
    0x08000204   0x00000000   Code   RO         1657    .ARM.Collect$$libinit$$0000001F  c_w.l(libinit2.o)
    0x08000204   0x00000000   Code   RO         1659    .ARM.Collect$$libinit$$00000021  c_w.l(libinit2.o)
    0x08000204   0x00000000   Code   RO         1661    .ARM.Collect$$libinit$$00000023  c_w.l(libinit2.o)
    0x08000204   0x00000000   Code   RO         1663    .ARM.Collect$$libinit$$00000025  c_w.l(libinit2.o)
    0x08000204   0x00000000   Code   RO         1667    .ARM.Collect$$libinit$$0000002C  c_w.l(libinit2.o)
    0x08000204   0x00000000   Code   RO         1669    .ARM.Collect$$libinit$$0000002E  c_w.l(libinit2.o)
    0x08000204   0x00000000   Code   RO         1671    .ARM.Collect$$libinit$$00000030  c_w.l(libinit2.o)
    0x08000204   0x00000000   Code   RO         1673    .ARM.Collect$$libinit$$00000032  c_w.l(libinit2.o)
    0x08000204   0x00000002   Code   RO         1674    .ARM.Collect$$libinit$$00000033  c_w.l(libinit2.o)
    0x08000206   0x00000002   Code   RO         1754    .ARM.Collect$$libshutdown$$00000000  c_w.l(libshutdown.o)
    0x08000208   0x00000000   Code   RO         1767    .ARM.Collect$$libshutdown$$00000003  c_w.l(libshutdown2.o)
    0x08000208   0x00000000   Code   RO         1770    .ARM.Collect$$libshutdown$$00000006  c_w.l(libshutdown2.o)
    0x08000208   0x00000000   Code   RO         1773    .ARM.Collect$$libshutdown$$00000009  c_w.l(libshutdown2.o)
    0x08000208   0x00000000   Code   RO         1775    .ARM.Collect$$libshutdown$$0000000B  c_w.l(libshutdown2.o)
    0x08000208   0x00000000   Code   RO         1778    .ARM.Collect$$libshutdown$$0000000E  c_w.l(libshutdown2.o)
    0x08000208   0x00000002   Code   RO         1779    .ARM.Collect$$libshutdown$$0000000F  c_w.l(libshutdown2.o)
    0x0800020a   0x00000000   Code   RO         1589    .ARM.Collect$$rtentry$$00000000  c_w.l(__rtentry.o)
    0x0800020a   0x00000000   Code   RO         1681    .ARM.Collect$$rtentry$$00000002  c_w.l(__rtentry2.o)
    0x0800020a   0x00000006   Code   RO         1693    .ARM.Collect$$rtentry$$00000004  c_w.l(__rtentry4.o)
    0x08000210   0x00000000   Code   RO         1683    .ARM.Collect$$rtentry$$00000009  c_w.l(__rtentry2.o)
    0x08000210   0x00000004   Code   RO         1684    .ARM.Collect$$rtentry$$0000000A  c_w.l(__rtentry2.o)
    0x08000214   0x00000000   Code   RO         1686    .ARM.Collect$$rtentry$$0000000C  c_w.l(__rtentry2.o)
    0x08000214   0x00000008   Code   RO         1687    .ARM.Collect$$rtentry$$0000000D  c_w.l(__rtentry2.o)
    0x0800021c   0x00000002   Code   RO         1590    .ARM.Collect$$rtexit$$00000000  c_w.l(rtexit.o)
    0x0800021e   0x00000000   Code   RO         1696    .ARM.Collect$$rtexit$$00000002  c_w.l(rtexit2.o)
    0x0800021e   0x00000004   Code   RO         1697    .ARM.Collect$$rtexit$$00000003  c_w.l(rtexit2.o)
    0x08000222   0x00000006   Code   RO         1698    .ARM.Collect$$rtexit$$00000004  c_w.l(rtexit2.o)
    0x08000228   0x00000000   Code   RO         1706    .emb_text           c_w.l(maybetermalloc1.o)
    0x08000228   0x00000234   Code   RO            1    .text               main.o
    0x0800045c   0x0000001a   Code   RO          137    .text               stm32f10x_it.o
    0x08000476   0x00000002   PAD
    0x08000478   0x000001e0   Code   RO          178    .text               system_stm32f10x.o
    0x08000658   0x000000fc   Code   RO          211    .text               key.o
    0x08000754   0x00000108   Code   RO          224    .text               spi.o
    0x0800085c   0x00000358   Code   RO          239    .text               w25qxx.o
    0x08000bb4   0x000000a8   Code   RO          258    .text               timer.o
    0x08000c5c   0x000000d4   Code   RO          273    .text               delay.o
    0x08000d30   0x00000154   Code   RO          304    .text               usart.o
    0x08000e84   0x00000040   Code   RO          340    .text               startup_stm32f10x_hd.o
    0x08000ec4   0x000000dc   Code   RO          344    .text               misc.o
    0x08000fa0   0x0000035c   Code   RO          368    .text               stm32f10x_gpio.o
    0x080012fc   0x000003a4   Code   RO          380    .text               stm32f10x_rcc.o
    0x080016a0   0x00000e1a   Code   RO          394    .text               stm32f10x_tim.o
    0x080024ba   0x00000002   PAD
    0x080024bc   0x00000408   Code   RO          406    .text               stm32f10x_usart.o
    0x080028c4   0x0000030c   Code   RO          418    .text               stm32f10x_spi.o
    0x08002bd0   0x00001a24   Code   RO          430    .text               sm2.o
    0x080045f4   0x000003fc   Code   RO          459    .text               sm3.o
    0x080049f0   0x000009b0   Code   RO          476    .text               sm4.o
    0x080053a0   0x00000002   Code   RO         1442    .text               c_w.l(use_no_semi_2.o)
    0x080053a2   0x0000005e   Code   RO         1448    .text               c_w.l(h1_alloc.o)
    0x08005400   0x0000004e   Code   RO         1450    .text               c_w.l(h1_free.o)
    0x0800544e   0x000000ee   Code   RO         1506    .text               c_w.l(lludivv7m.o)
    0x0800553c   0x00000026   Code   RO         1508    .text               c_w.l(llushr.o)
    0x08005562   0x00000002   PAD
    0x08005564   0x00000018   Code   RO         1512    .text               c_w.l(noretval__2printf.o)
    0x0800557c   0x0000004e   Code   RO         1516    .text               c_w.l(_printf_pad.o)
    0x080055ca   0x00000052   Code   RO         1518    .text               c_w.l(_printf_str.o)
    0x0800561c   0x00000078   Code   RO         1520    .text               c_w.l(_printf_dec.o)
    0x08005694   0x00000058   Code   RO         1525    .text               c_w.l(_printf_hex_int.o)
    0x080056ec   0x00000138   Code   RO         1555    .text               c_w.l(__printf_flags_wp.o)
    0x08005824   0x0000000c   Code   RO         1567    .text               c_w.l(exit.o)
    0x08005830   0x00000058   Code   RO         1569    .text               c_w.l(memcmp.o)
    0x08005888   0x0000008a   Code   RO         1571    .text               c_w.l(rt_memcpy_v6.o)
    0x08005912   0x00000064   Code   RO         1573    .text               c_w.l(rt_memcpy_w.o)
    0x08005976   0x00000010   Code   RO         1575    .text               c_w.l(aeabi_memset.o)
    0x08005986   0x00000044   Code   RO         1577    .text               c_w.l(rt_memclr.o)
    0x080059ca   0x0000004e   Code   RO         1579    .text               c_w.l(rt_memclr_w.o)
    0x08005a18   0x00000006   Code   RO         1581    .text               c_w.l(heapauxi.o)
    0x08005a1e   0x00000002   Code   RO         1585    .text               c_w.l(use_no_semi.o)
    0x08005a20   0x00000008   Code   RO         1599    .text               c_w.l(rt_heap_descriptor_intlibspace.o)
    0x08005a28   0x00000004   Code   RO         1601    .text               c_w.l(hguard.o)
    0x08005a2c   0x0000008a   Code   RO         1603    .text               c_w.l(init_alloc.o)
    0x08005ab6   0x0000000e   Code   RO         1607    .text               c_w.l(h1_init.o)
    0x08005ac4   0x000000b2   Code   RO         1621    .text               c_w.l(_printf_intcommon.o)
    0x08005b76   0x0000002c   Code   RO         1623    .text               c_w.l(_printf_char.o)
    0x08005ba2   0x00000002   PAD
    0x08005ba4   0x00000024   Code   RO         1625    .text               c_w.l(_printf_char_file.o)
    0x08005bc8   0x00000008   Code   RO         1677    .text               c_w.l(libspace.o)
    0x08005bd0   0x00000034   Code   RO         1708    .text               c_w.l(h1_extend.o)
    0x08005c04   0x00000030   Code   RO         1712    .text               c_w.l(_printf_char_common.o)
    0x08005c34   0x0000000e   Code   RO         1714    .text               c_w.l(defsig_rtmem_outer.o)
    0x08005c42   0x0000004a   Code   RO         1726    .text               c_w.l(sys_stackheap_outer.o)
    0x08005c8c   0x0000000a   Code   RO         1734    .text               c_w.l(defsig_exit.o)
    0x08005c96   0x00000002   PAD
    0x08005c98   0x00000050   Code   RO         1740    .text               c_w.l(defsig_rtmem_inner.o)
    0x08005ce8   0x00000032   Code   RO         1761    .text               c_w.l(defsig_general.o)
    0x08005d1a   0x0000000e   Code   RO         1553    i._is_digit         c_w.l(__printf_wp.o)
    0x08005d28   0x0000004e   Code   RO          490    i.add               miracl.lib(mrarth0.o)
    0x08005d76   0x000001fc   Code   RO          547    i.big_to_bytes      miracl.lib(mrarth1.o)
    0x08005f72   0x000000da   Code   RO          649    i.bigbits           miracl.lib(mrbits.o)
    0x0800604c   0x000000b4   Code   RO         1298    i.bigrand           miracl.lib(mrrand.o)
    0x08006100   0x000000e0   Code   RO          690    i.brand             miracl.lib(mrcore.o)
    0x080061e0   0x0000014c   Code   RO          548    i.bytes_to_big      miracl.lib(mrarth1.o)
    0x0800632c   0x0000011a   Code   RO         1136    i.cbase             miracl.lib(mrio2.o)
    0x08006446   0x000000a8   Code   RO         1138    i.cinstr            miracl.lib(mrio2.o)
    0x080064ee   0x00000032   Code   RO          691    i.convert           miracl.lib(mrcore.o)
    0x08006520   0x0000005a   Code   RO          692    i.copy              miracl.lib(mrcore.o)
    0x0800657a   0x0000005e   Code   RO          491    i.decr              miracl.lib(mrarth0.o)
    0x080065d8   0x00000774   Code   RO          613    i.divide            miracl.lib(mrarth2.o)
    0x08006d4c   0x0000007a   Code   RO          693    i.ecp_memkill       miracl.lib(mrcore.o)
    0x08006dc6   0x000000b0   Code   RO         1034    i.ecurve_add        miracl.lib(mrcurve.o)
    0x08006e76   0x000007d6   Code   RO         1036    i.ecurve_double     miracl.lib(mrcurve.o)
    0x0800764c   0x00000150   Code   RO         1171    i.ecurve_init       miracl.lib(mrmonty.o)
    0x0800779c   0x0000025c   Code   RO         1037    i.ecurve_mult       miracl.lib(mrcurve.o)
    0x080079f8   0x00000656   Code   RO         1039    i.ecurve_padd       miracl.lib(mrcurve.o)
    0x0800804e   0x00000088   Code   RO         1040    i.ecurve_sub        miracl.lib(mrcurve.o)
    0x080080d6   0x00000032   Code   RO         1042    i.epoint_copy       miracl.lib(mrcurve.o)
    0x08008108   0x000000a4   Code   RO         1043    i.epoint_get        miracl.lib(mrcurve.o)
    0x080081ac   0x000000be   Code   RO         1044    i.epoint_getrhs     miracl.lib(mrcurve.o)
    0x0800826a   0x00000022   Code   RO          694    i.epoint_init_mem   miracl.lib(mrcore.o)
    0x0800828c   0x000000b6   Code   RO          695    i.epoint_init_mem_variable  miracl.lib(mrcore.o)
    0x08008342   0x00000148   Code   RO         1045    i.epoint_multi_norm  miracl.lib(mrcurve.o)
    0x0800848a   0x0000005a   Code   RO         1046    i.epoint_negate     miracl.lib(mrcurve.o)
    0x080084e4   0x000000d8   Code   RO         1047    i.epoint_norm       miracl.lib(mrcurve.o)
    0x080085bc   0x00000104   Code   RO         1048    i.epoint_set        miracl.lib(mrcurve.o)
    0x080086c0   0x000000d4   Code   RO          650    i.expb2             miracl.lib(mrbits.o)
    0x08008794   0x00000014   Code   RO          696    i.exsign            miracl.lib(mrcore.o)
    0x080087a8   0x00000044   Code   RO          697    i.getdig            miracl.lib(mrcore.o)
    0x080087ec   0x0000005c   Code   RO          492    i.incr              miracl.lib(mrarth0.o)
    0x08008848   0x00000020   Code   RO          701    i.insign            miracl.lib(mrcore.o)
    0x08008868   0x00000308   Code   RO         1363    i.instr             miracl.lib(mrio1.o)
    0x08008b70   0x0000004e   Code   RO         1315    i.invmodp           miracl.lib(mrxgcd.o)
    0x08008bbe   0x0000005a   Code   RO          702    i.irand             miracl.lib(mrcore.o)
    0x08008c18   0x0000017a   Code   RO         1392    i.jack              miracl.lib(mrjack.o)
    0x08008d92   0x000000ce   Code   RO          651    i.logb2             miracl.lib(mrbits.o)
    0x08008e60   0x000000ac   Code   RO          615    i.mad               miracl.lib(mrarth2.o)
    0x08008f0c   0x00000030   Code   RO          705    i.memkill           miracl.lib(mrcore.o)
    0x08008f3c   0x00000044   Code   RO          706    i.mirexit           miracl.lib(mrcore.o)
    0x08008f80   0x00000014   Code   RO          707    i.mirsys            miracl.lib(mrcore.o)
    0x08008f94   0x00000334   Code   RO          708    i.mirsys_basic      miracl.lib(mrcore.o)
    0x080092c8   0x00000020   Code   RO          709    i.mirvar_mem        miracl.lib(mrcore.o)
    0x080092e8   0x00000054   Code   RO          710    i.mirvar_mem_variable  miracl.lib(mrcore.o)
    0x0800933c   0x00000020   Code   RO          711    i.mputs             miracl.lib(mrcore.o)
    0x0800935c   0x000005a8   Code   RO          714    i.mr_berror         miracl.lib(mrcore.o)
    0x08009904   0x00000080   Code   RO          715    i.mr_compare        miracl.lib(mrcore.o)
    0x08009984   0x00000030   Code   RO          718    i.mr_lzero          miracl.lib(mrcore.o)
    0x080099b4   0x00000102   Code   RO          719    i.mr_naf_window     miracl.lib(mrcore.o)
    0x08009ab6   0x00000006   Code   RO          720    i.mr_notint         miracl.lib(mrcore.o)
    0x08009abc   0x000001be   Code   RO          493    i.mr_padd           miracl.lib(mrarth0.o)
    0x08009c7a   0x0000013a   Code   RO          551    i.mr_pmul           miracl.lib(mrarth1.o)
    0x08009db4   0x00000108   Code   RO          494    i.mr_psub           miracl.lib(mrarth0.o)
    0x08009ebc   0x000000c8   Code   RO          552    i.mr_sdiv           miracl.lib(mrarth1.o)
    0x08009f84   0x00000138   Code   RO          495    i.mr_select         miracl.lib(mrarth0.o)
    0x0800a0bc   0x0000007e   Code   RO          721    i.mr_setbase        miracl.lib(mrcore.o)
    0x0800a13a   0x0000010a   Code   RO          722    i.mr_shift          miracl.lib(mrcore.o)
    0x0800a244   0x00000014   Code   RO          723    i.mr_shiftbits      miracl.lib(mrcore.o)
    0x0800a258   0x0000002a   Code   RO          724    i.mr_testbit        miracl.lib(mrcore.o)
    0x0800a282   0x00000002   PAD
    0x0800a284   0x00000048   Code   RO          725    i.mr_track          miracl.lib(mrcore.o)
    0x0800a2cc   0x00000038   Code   RO          729    i.muldiv            miracl.lib(mrcore.o)
    0x0800a304   0x00000032   Code   RO          732    i.muldvm            miracl.lib(mrcore.o)
    0x0800a336   0x00000492   Code   RO          616    i.multiply          miracl.lib(mrarth2.o)
    0x0800a7c8   0x0000001c   Code   RO          733    i.negify            miracl.lib(mrcore.o)
    0x0800a7e4   0x000000aa   Code   RO          617    i.normalise         miracl.lib(mrarth2.o)
    0x0800a88e   0x000000cc   Code   RO         1173    i.nres              miracl.lib(mrmonty.o)
    0x0800a95a   0x00000074   Code   RO         1175    i.nres_div2         miracl.lib(mrmonty.o)
    0x0800a9ce   0x000002a0   Code   RO         1423    i.nres_lucas        miracl.lib(mrlucas.o)
    0x0800ac6e   0x0000006c   Code   RO         1182    i.nres_modadd       miracl.lib(mrmonty.o)
    0x0800acda   0x000000a0   Code   RO         1183    i.nres_moddiv       miracl.lib(mrmonty.o)
    0x0800ad7a   0x00000096   Code   RO         1184    i.nres_modmult      miracl.lib(mrmonty.o)
    0x0800ae10   0x00000078   Code   RO         1185    i.nres_modsub       miracl.lib(mrmonty.o)
    0x0800ae88   0x00000182   Code   RO         1186    i.nres_multi_inverse  miracl.lib(mrmonty.o)
    0x0800b00a   0x0000005c   Code   RO         1187    i.nres_negate       miracl.lib(mrmonty.o)
    0x0800b066   0x00000168   Code   RO         1188    i.nres_premult      miracl.lib(mrmonty.o)
    0x0800b1ce   0x00000238   Code   RO         1404    i.nres_sqroot       miracl.lib(mrsroot.o)
    0x0800b406   0x00000016   Code   RO          735    i.point_at_infinity  miracl.lib(mrcore.o)
    0x0800b41c   0x00000094   Code   RO          553    i.premult           miracl.lib(mrarth1.o)
    0x0800b4b0   0x000001c8   Code   RO         1189    i.prepare_monty     miracl.lib(mrmonty.o)
    0x0800b678   0x000000d4   Code   RO          736    i.putdig            miracl.lib(mrcore.o)
    0x0800b74c   0x000000d0   Code   RO         1316    i.qdiv              miracl.lib(mrxgcd.o)
    0x0800b81c   0x0000025a   Code   RO         1190    i.redc              miracl.lib(mrmonty.o)
    0x0800ba76   0x000000ba   Code   RO          554    i.remain            miracl.lib(mrarth1.o)
    0x0800bb30   0x00000042   Code   RO          740    i.size              miracl.lib(mrcore.o)
    0x0800bb72   0x00000156   Code   RO          555    i.subdiv            miracl.lib(mrarth1.o)
    0x0800bcc8   0x00000050   Code   RO          496    i.subtract          miracl.lib(mrarth0.o)
    0x0800bd18   0x0000004a   Code   RO          742    i.uconvert          miracl.lib(mrcore.o)
    0x0800bd62   0x0000094e   Code   RO         1317    i.xgcd              miracl.lib(mrxgcd.o)
    0x0800c6b0   0x00000026   Code   RO          743    i.zero              miracl.lib(mrcore.o)
    0x0800c6d6   0x00000002   PAD
    0x0800c6d8   0x00000004   Data   RO          460    .constdata          sm3.o
    0x0800c6dc   0x00000190   Data   RO          477    .constdata          sm4.o
    0x0800c86c   0x000002a4   Data   RO          744    .constdata          miracl.lib(mrcore.o)
    0x0800cb10   0x00000028   Data   RO         1526    .constdata          c_w.l(_printf_hex_int.o)
    0x0800cb38   0x00000011   Data   RO         1556    .constdata          c_w.l(__printf_flags_wp.o)
    0x0800cb49   0x00000003   PAD
    0x0800cb4c   0x00000195   Data   RO          431    .conststring        sm2.o
    0x0800cce1   0x00000003   PAD
    0x0800cce4   0x00000b09   Data   RO          745    .conststring        miracl.lib(mrcore.o)
    0x0800d7ed   0x00000003   PAD
    0x0800d7f0   0x00000020   Data   RO         1796    Region$$Table       anon$$obj.o


    Execution Region RW_IRAM1 (Base: 0x20000000, Size: 0x00006688, Max: 0x00010000, ABSOLUTE, COMPRESSED[0x00000300])

    Base Addr    Size         Type   Attr      Idx    E Section Name        Object

    0x20000000   0x00000014   Data   RW          179    .data               system_stm32f10x.o
    0x20000014   0x00000001   Data   RW          212    .data               key.o
    0x20000015   0x00000001   PAD
    0x20000016   0x00000002   Data   RW          241    .data               w25qxx.o
    0x20000018   0x00000004   Data   RW          274    .data               delay.o
    0x2000001c   0x00000006   Data   RW          306    .data               usart.o
    0x20000022   0x00000014   Data   RW          381    .data               stm32f10x_rcc.o
    0x20000036   0x00000002   PAD
    0x20000038   0x00000018   Data   RW          432    .data               sm2.o
    0x20000050   0x000003d0   Data   RW          746    .data               miracl.lib(mrcore.o)
    0x20000420   0x00001000   Zero   RW          240    .bss                w25qxx.o
    0x20001420   0x00001001   Zero   RW          305    .bss                usart.o
    0x20002421   0x00000003   PAD
    0x20002424   0x00000060   Zero   RW         1678    .bss                c_w.l(libspace.o)
    0x20002484   0x00000004   PAD
    0x20002488   0x00000200   Zero   RW          338    HEAP                startup_stm32f10x_hd.o
    0x20002688   0x00004000   Zero   RW          337    STACK               startup_stm32f10x_hd.o


==============================================================================

Image component sizes


      Code (inc. data)   RO Data    RW Data    ZI Data      Debug   Object Name

       212         18          0          4          0       1023   delay.o
       252         12          0          1          0        832   key.o
       564        258          0          0          0     269247   main.o
       220         22          0          0          0       1801   misc.o
      6692        614        405         24          0      17257   sm2.o
      1020         44          4          0          0       3807   sm3.o
      2480        430        400          0          0       7978   sm4.o
       264         10          0          0          0       1097   spi.o
        64         26        304          0      16896        800   startup_stm32f10x_hd.o
       860         38          0          0          0       5645   stm32f10x_gpio.o
        26          0          0          0          0       1182   stm32f10x_it.o
       932         36          0         20          0       8816   stm32f10x_rcc.o
       780         14          0          0          0       6526   stm32f10x_spi.o
      3610         88          0          0          0      22128   stm32f10x_tim.o
      1032         22          0          0          0       8372   stm32f10x_usart.o
         0          0          0          0          0         32   sys.o
       480         38          0         20          0       1743   system_stm32f10x.o
       168          6          0          0          0       1012   timer.o
       340         16          0          6       4097       3576   usart.o
       856         22          0          2       4096       4321   w25qxx.o

    ----------------------------------------------------------------------
     20856       1714       1148         80      25092     367195   Object Totals
         0          0         32          0          0          0   (incl. Generated)
         4          0          3          3          3          0   (incl. Padding)

    ----------------------------------------------------------------------

      Code (inc. data)   RO Data    RW Data    ZI Data      Debug   Library Member Name

        90          0          0          0          0          0   __dczerorl2.o
         8          0          0          0          0         68   __main.o
       312          4         17          0          0         92   __printf_flags_wp.o
        14          0          0          0          0         68   __printf_wp.o
         0          0          0          0          0          0   __rtentry.o
        12          0          0          0          0          0   __rtentry2.o
         6          0          0          0          0          0   __rtentry4.o
        52          8          0          0          0          0   __scatter.o
        28          0          0          0          0          0   __scatter_zi.o
         6          0          0          0          0          0   _printf_c.o
        44          0          0          0          0        108   _printf_char.o
        48          6          0          0          0         96   _printf_char_common.o
        36          4          0          0          0         80   _printf_char_file.o
         6          0          0          0          0          0   _printf_d.o
       120         16          0          0          0         92   _printf_dec.o
        88          4         40          0          0         88   _printf_hex_int.o
       178          0          0          0          0         88   _printf_intcommon.o
        78          0          0          0          0        108   _printf_pad.o
         0          0          0          0          0          0   _printf_percent.o
         4          0          0          0          0          0   _printf_percent_end.o
        82          0          0          0          0         80   _printf_str.o
         6          0          0          0          0          0   _printf_x.o
        16          0          0          0          0         68   aeabi_memset.o
        10          0          0          0          0         68   defsig_exit.o
        50          0          0          0          0         88   defsig_general.o
        80         58          0          0          0         76   defsig_rtmem_inner.o
        14          0          0          0          0         80   defsig_rtmem_outer.o
        12          0          0          0          0         72   exit.o
        94          0          0          0          0         80   h1_alloc.o
        52          0          0          0          0         68   h1_extend.o
        78          0          0          0          0         80   h1_free.o
        14          0          0          0          0         84   h1_init.o
         6          0          0          0          0        152   heapauxi.o
         4          0          0          0          0        136   hguard.o
       138          0          0          0          0        168   init_alloc.o
         2          0          0          0          0          0   libinit.o
        10          0          0          0          0          0   libinit2.o
         2          0          0          0          0          0   libshutdown.o
         2          0          0          0          0          0   libshutdown2.o
         8          4          0          0         96         68   libspace.o
       238          0          0          0          0        100   lludivv7m.o
        38          0          0          0          0         68   llushr.o
         0          0          0          0          0          0   maybetermalloc1.o
        88          0          0          0          0         76   memcmp.o
        24          4          0          0          0         84   noretval__2printf.o
         8          4          0          0          0         68   rt_heap_descriptor_intlibspace.o
        68          0          0          0          0         68   rt_memclr.o
        78          0          0          0          0         80   rt_memclr_w.o
       138          0          0          0          0         68   rt_memcpy_v6.o
       100          0          0          0          0         80   rt_memcpy_w.o
         2          0          0          0          0          0   rtexit.o
        10          0          0          0          0          0   rtexit2.o
        74          0          0          0          0         80   sys_stackheap_outer.o
         2          0          0          0          0         68   use_no_semi.o
         2          0          0          0          0         68   use_no_semi_2.o
      1366          0          0          0          0      13635   mrarth0.o
      2030          0          0          0          0       7922   mrarth1.o
      3420          0          0          0          0       6818   mrarth2.o
       636          0          0          0          0      10066   mrbits.o
      4976       1090       3501        976          0      24362   mrcore.o
      5842          0          0          0          0      10070   mrcurve.o
       776          0          0          0          0       1952   mrio1.o
       450          0          0          0          0       2005   mrio2.o
       378          0          0          0          0       1275   mrjack.o
       672          0          0          0          0       1329   mrlucas.o
      3090         16          0          0          0       9695   mrmonty.o
       180          0          0          0          0        986   mrrand.o
       568          0          0          0          0       1318   mrsroot.o
      2668          0          0          0          0       3821   mrxgcd.o

    ----------------------------------------------------------------------
     29744       1218       3564        976        100      98418   Library Totals
        12          0          6          0          4          0   (incl. Padding)

    ----------------------------------------------------------------------

      Code (inc. data)   RO Data    RW Data    ZI Data      Debug   Library Name

      2680        112         57          0         96       3164   c_w.l
     27052       1106       3501        976          0      95254   miracl.lib

    ----------------------------------------------------------------------
     29744       1218       3564        976        100      98418   Library Totals

    ----------------------------------------------------------------------

==============================================================================


      Code (inc. data)   RO Data    RW Data    ZI Data      Debug   

     50600       2932       4712       1056      25192     457653   Grand Totals
     50600       2932       4712        768      25192     457653   ELF Image Totals (compressed)
     50600       2932       4712        768          0          0   ROM Totals

==============================================================================

    Total RO  Size (Code + RO Data)                55312 (  54.02kB)
    Total RW  Size (RW Data + ZI Data)             26248 (  25.63kB)
    Total ROM Size (Code + RO Data + RW Data)      56080 (  54.77kB)

==============================================================================

