Component: ARM Compiler 5.05 update 1 (build 106) Tool: armlink [4d0efa]

==============================================================================

Section Cross References

    main.o(.text) refers to delay.o(.text) for delay_init
    main.o(.text) refers to misc.o(.text) for NVIC_PriorityGroupConfig
    main.o(.text) refers to usart.o(.text) for uart_init
    main.o(.text) refers to key.o(.text) for KEY_Init
    main.o(.text) refers to w25qxx.o(.text) for W25QXX_Init
    main.o(.text) refers to noretval__2printf.o(.text) for __2printf
    main.o(.text) refers to sm2.o(.text) for PrintBuf
    main.o(.text) refers to usart.o(.data) for USART_RX_STA
    main.o(.text) refers to usart.o(.bss) for USART_RX_BUF
    system_stm32f10x.o(.text) refers to system_stm32f10x.o(.data) for SystemCoreClock
    led.o(.text) refers to stm32f10x_rcc.o(.text) for RCC_APB2PeriphClockCmd
    led.o(.text) refers to stm32f10x_gpio.o(.text) for GPIO_Init
    key.o(.text) refers to stm32f10x_rcc.o(.text) for RCC_APB2PeriphClockCmd
    key.o(.text) refers to stm32f10x_gpio.o(.text) for GPIO_Init
    key.o(.text) refers to delay.o(.text) for delay_ms
    key.o(.text) refers to key.o(.data) for key_up
    spi.o(.text) refers to stm32f10x_spi.o(.text) for SPI_I2S_GetFlagStatus
    spi.o(.text) refers to stm32f10x_rcc.o(.text) for RCC_APB2PeriphClockCmd
    spi.o(.text) refers to stm32f10x_gpio.o(.text) for GPIO_Init
    w25qxx.o(.text) refers to spi.o(.text) for SPI2_ReadWriteByte
    w25qxx.o(.text) refers to stm32f10x_rcc.o(.text) for RCC_APB2PeriphClockCmd
    w25qxx.o(.text) refers to stm32f10x_gpio.o(.text) for GPIO_Init
    w25qxx.o(.text) refers to delay.o(.text) for delay_us
    w25qxx.o(.text) refers to w25qxx.o(.data) for W25QXX_TYPE
    w25qxx.o(.text) refers to w25qxx.o(.bss) for W25QXX_BUFFER
    timer.o(.text) refers to stm32f10x_rcc.o(.text) for RCC_APB1PeriphClockCmd
    timer.o(.text) refers to stm32f10x_tim.o(.text) for TIM_TimeBaseInit
    timer.o(.text) refers to misc.o(.text) for NVIC_Init
    delay.o(.text) refers to misc.o(.text) for SysTick_CLKSourceConfig
    delay.o(.text) refers to system_stm32f10x.o(.data) for SystemCoreClock
    delay.o(.text) refers to delay.o(.data) for fac_us
    usart.o(.text) refers (Special) to use_no_semi_2.o(.text) for __use_no_semihosting
    usart.o(.text) refers to stm32f10x_rcc.o(.text) for RCC_APB2PeriphClockCmd
    usart.o(.text) refers to stm32f10x_gpio.o(.text) for GPIO_Init
    usart.o(.text) refers to misc.o(.text) for NVIC_Init
    usart.o(.text) refers to stm32f10x_usart.o(.text) for USART_Init
    usart.o(.text) refers to usart.o(.data) for USART_RX_STA
    usart.o(.text) refers to usart.o(.bss) for USART_RX_BUF
    usart.o(.bss) refers (Special) to use_no_semi_2.o(.text) for __use_no_semihosting
    usart.o(.data) refers (Special) to use_no_semi_2.o(.text) for __use_no_semihosting
    startup_stm32f10x_hd.o(STACK) refers (Special) to heapauxi.o(.text) for __use_two_region_memory
    startup_stm32f10x_hd.o(HEAP) refers (Special) to heapauxi.o(.text) for __use_two_region_memory
    startup_stm32f10x_hd.o(RESET) refers (Special) to heapauxi.o(.text) for __use_two_region_memory
    startup_stm32f10x_hd.o(RESET) refers to startup_stm32f10x_hd.o(STACK) for __initial_sp
    startup_stm32f10x_hd.o(RESET) refers to startup_stm32f10x_hd.o(.text) for Reset_Handler
    startup_stm32f10x_hd.o(RESET) refers to stm32f10x_it.o(.text) for NMI_Handler
    startup_stm32f10x_hd.o(RESET) refers to timer.o(.text) for TIM3_IRQHandler
    startup_stm32f10x_hd.o(RESET) refers to usart.o(.text) for USART1_IRQHandler
    startup_stm32f10x_hd.o(.text) refers (Special) to heapauxi.o(.text) for __use_two_region_memory
    startup_stm32f10x_hd.o(.text) refers to system_stm32f10x.o(.text) for SystemInit
    startup_stm32f10x_hd.o(.text) refers to __main.o(!!!main) for __main
    startup_stm32f10x_hd.o(.text) refers to startup_stm32f10x_hd.o(HEAP) for Heap_Mem
    startup_stm32f10x_hd.o(.text) refers to startup_stm32f10x_hd.o(STACK) for Stack_Mem
    stm32f10x_gpio.o(.text) refers to stm32f10x_rcc.o(.text) for RCC_APB2PeriphResetCmd
    stm32f10x_rcc.o(.text) refers to stm32f10x_rcc.o(.data) for APBAHBPrescTable
    stm32f10x_tim.o(.text) refers to stm32f10x_rcc.o(.text) for RCC_APB2PeriphResetCmd
    stm32f10x_usart.o(.text) refers to stm32f10x_rcc.o(.text) for RCC_APB2PeriphResetCmd
    stm32f10x_spi.o(.text) refers to stm32f10x_rcc.o(.text) for RCC_APB2PeriphResetCmd
    sm2.o(.text) refers to _printf_percent.o(.ARM.Collect$$_printf_percent$$00000000) for _printf_percent
    sm2.o(.text) refers to _printf_d.o(.ARM.Collect$$_printf_percent$$00000009) for _printf_d
    sm2.o(.text) refers to _printf_dec.o(.text) for _printf_int_dec
    sm2.o(.text) refers to _printf_pad.o(.text) for _printf_pre_padding
    sm2.o(.text) refers to _printf_x.o(.ARM.Collect$$_printf_percent$$0000000C) for _printf_x
    sm2.o(.text) refers to _printf_hex_int.o(.text) for _printf_longlong_hex
[...]
    i.mr_shift                               0x0800964e   Section        0  mrcore.o(i.mr_shift)
    i.mr_shiftbits                           0x08009758   Section        0  mrcore.o(i.mr_shiftbits)
    i.mr_testbit                             0x0800976c   Section        0  mrcore.o(i.mr_testbit)
    i.mr_track                               0x08009798   Section        0  mrcore.o(i.mr_track)
    i.muldiv                                 0x080097e0   Section        0  mrcore.o(i.muldiv)
    i.muldvm                                 0x08009818   Section        0  mrcore.o(i.muldvm)
    i.multiply                               0x0800984a   Section        0  mrarth2.o(i.multiply)
    i.negify                                 0x08009cdc   Section        0  mrcore.o(i.negify)
    i.normalise                              0x08009cf8   Section        0  mrarth2.o(i.normalise)
    i.nres                                   0x08009da2   Section        0  mrmonty.o(i.nres)
    i.nres_div2                              0x08009e6e   Section        0  mrmonty.o(i.nres_div2)
    i.nres_lucas                             0x08009ee2   Section        0  mrlucas.o(i.nres_lucas)
    i.nres_modadd                            0x0800a182   Section        0  mrmonty.o(i.nres_modadd)
    i.nres_moddiv                            0x0800a1ee   Section        0  mrmonty.o(i.nres_moddiv)
    i.nres_modmult                           0x0800a28e   Section        0  mrmonty.o(i.nres_modmult)
    i.nres_modsub                            0x0800a324   Section        0  mrmonty.o(i.nres_modsub)
    i.nres_multi_inverse                     0x0800a39c   Section        0  mrmonty.o(i.nres_multi_inverse)
    i.nres_negate                            0x0800a51e   Section        0  mrmonty.o(i.nres_negate)
    i.nres_premult                           0x0800a57a   Section        0  mrmonty.o(i.nres_premult)
    i.nres_sqroot                            0x0800a6e2   Section        0  mrsroot.o(i.nres_sqroot)
    i.point_at_infinity                      0x0800a91a   Section        0  mrcore.o(i.point_at_infinity)
    i.premult                                0x0800a930   Section        0  mrarth1.o(i.premult)
    i.prepare_monty                          0x0800a9c4   Section        0  mrmonty.o(i.prepare_monty)
    i.putdig                                 0x0800ab8c   Section        0  mrcore.o(i.putdig)
    i.qdiv                                   0x0800ac60   Section        0  mrxgcd.o(i.qdiv)
    qdiv                                     0x0800ac61   Thumb Code   208  mrxgcd.o(i.qdiv)
    i.redc                                   0x0800ad30   Section        0  mrmonty.o(i.redc)
    i.remain                                 0x0800af8a   Section        0  mrarth1.o(i.remain)
    i.size                                   0x0800b044   Section        0  mrcore.o(i.size)
    i.subdiv                                 0x0800b086   Section        0  mrarth1.o(i.subdiv)
    i.subtract                               0x0800b1dc   Section        0  mrarth0.o(i.subtract)
    i.uconvert                               0x0800b22c   Section        0  mrcore.o(i.uconvert)
    i.xgcd                                   0x0800b276   Section        0  mrxgcd.o(i.xgcd)
    i.zero                                   0x0800bbc4   Section        0  mrcore.o(i.zero)
    .constdata                               0x0800bbec   Section        4  sm3.o(.constdata)
    endianTest                               0x0800bbec   Data           4  sm3.o(.constdata)
    .constdata                               0x0800bbf0   Section      676  mrcore.o(.constdata)
    mr_small_primes                          0x0800bbf0   Data         676  mrcore.o(.constdata)
    .constdata                               0x0800be94   Section       40  _printf_hex_int.o(.constdata)
    uc_hextab                                0x0800be94   Data          20  _printf_hex_int.o(.constdata)
    lc_hextab                                0x0800bea8   Data          20  _printf_hex_int.o(.constdata)
    .constdata                               0x0800bebc   Section       17  __printf_flags_wp.o(.constdata)
    maptable                                 0x0800bebc   Data          17  __printf_flags_wp.o(.constdata)
    .conststring                             0x0800bed0   Section      405  sm2.o(.conststring)
    .conststring                             0x0800c068   Section     2825  mrcore.o(.conststring)
    .data                                    0x20000000   Section       20  system_stm32f10x.o(.data)
    .data                                    0x20000014   Section        1  key.o(.data)
    key_up                                   0x20000014   Data           1  key.o(.data)
    .data                                    0x20000016   Section        2  w25qxx.o(.data)
    .data                                    0x20000018   Section        4  delay.o(.data)
    fac_us                                   0x20000018   Data           1  delay.o(.data)
    fac_ms                                   0x2000001a   Data           2  delay.o(.data)
    .data                                    0x2000001c   Section        6  usart.o(.data)
    .data                                    0x20000022   Section       20  stm32f10x_rcc.o(.data)
    APBAHBPrescTable                         0x20000022   Data          16  stm32f10x_rcc.o(.data)
    ADCPrescTable                            0x20000032   Data           4  stm32f10x_rcc.o(.data)
    .data                                    0x20000038   Section       24  sm2.o(.data)
    .data                                    0x20000050   Section      976  mrcore.o(.data)
    names                                    0x20000050   Data         976  mrcore.o(.data)
    .bss                                     0x20000420   Section     4096  w25qxx.o(.bss)
    .bss                                     0x20001420   Section     4097  usart.o(.bss)
    .bss                                     0x20002424   Section       96  libspace.o(.bss)
    HEAP                                     0x20002488   Section      512  startup_stm32f10x_hd.o(HEAP)
    Heap_Mem                                 0x20002488   Data         512  startup_stm32f10x_hd.o(HEAP)
    STACK                                    0x20002688   Section    16384  startup_stm32f10x_hd.o(STACK)
    Stack_Mem                                0x20002688   Data       16384  startup_stm32f10x_hd.o(STACK)
    __initial_sp                             0x20006688   Data           0  startup_stm32f10x_hd.o(STACK)

    Global Symbols

    Symbol Name                              Value     Ov Type        Size  Object(Section)

    BuildAttributes$$THM_ISAv4$P$D$K$B$S$PE$A:L22UL41UL21$X:L11$S22US41US21$IEEE1$IW$USESV6$~STKCKD$USESV7$~SHL$OTIME$ROPI$EBA8$UX$STANDARDLIB$REQ8$PRES8$EABIv2 0x00000000   Number         0  anon$$obj.o ABSOLUTE
    __ARM_use_no_argv                        0x00000000   Number         0  main.o ABSOLUTE
    _printf_flags                            0x00000000   Number         0  printf_stubs.o ABSOLUTE
    _printf_return_value                     0x00000000   Number         0  printf_stubs.o ABSOLUTE
    _printf_sizespec                         0x00000000   Number         0  printf_stubs.o ABSOLUTE
    _printf_widthprec                        0x00000000   Number         0  printf_stubs.o ABSOLUTE
    __ARM_exceptions_init                     - Undefined Weak Reference
    __alloca_initialize                       - Undefined Weak Reference
    __arm_preinit_                            - Undefined Weak Reference
    __cpp_initialize__aeabi_                  - Undefined Weak Reference
    __cxa_finalize                            - Undefined Weak Reference
    __rt_locale                               - Undefined Weak Reference
    __sigvec_lookup                           - Undefined Weak Reference
    __user_heap_extent                        - Undefined Weak Reference
    _atexit_init                              - Undefined Weak Reference
    _call_atexit_fns                          - Undefined Weak Reference
    _clock_init                               - Undefined Weak Reference
    _fp_trap_init                             - Undefined Weak Reference
    _fp_trap_shutdown                         - Undefined Weak Reference
    _get_lc_collate                           - Undefined Weak Reference
    _get_lc_ctype                             - Undefined Weak Reference
    _get_lc_monetary                          - Undefined Weak Reference
    _get_lc_numeric                           - Undefined Weak Reference
    _get_lc_time                              - Undefined Weak Reference
    _getenv_init                              - Undefined Weak Reference
    _handle_redirection                       - Undefined Weak Reference
    _initio                                   - Undefined Weak Reference
    _mutex_acquire                            - Undefined Weak Reference
    _mutex_free                               - Undefined Weak Reference
    _mutex_release                            - Undefined Weak Reference
    _printf_mbtowc                            - Undefined Weak Reference
    _printf_truncate_signed                   - Undefined Weak Reference
    _printf_truncate_unsigned                 - Undefined Weak Reference
    _rand_init                                - Undefined Weak Reference
    _signal_finish                            - Undefined Weak Reference
    _signal_init                              - Undefined Weak Reference
    _terminateio                              - Undefined Weak Reference
    __Vectors_Size                           0x00000130   Number         0  startup_stm32f10x_hd.o ABSOLUTE
    __Vectors                                0x08000000   Data           4  startup_stm32f10x_hd.o(RESET)
    __Vectors_End                            0x08000130   Data           0  startup_stm32f10x_hd.o(RESET)
    __main                                   0x08000131   Thumb Code     8  __main.o(!!!main)
    __scatterload                            0x08000139   Thumb Code     0  __scatter.o(!!!scatter)
    __scatterload_rt2                        0x08000139   Thumb Code    44  __scatter.o(!!!scatter)
    __scatterload_rt2_thumb_only             0x08000139   Thumb Code     0  __scatter.o(!!!scatter)
    __scatterload_null                       0x08000147   Thumb Code     0  __scatter.o(!!!scatter)
    __decompress                             0x0800016d   Thumb Code    90  __dczerorl2.o(!!dczerorl2)
    __decompress1                            0x0800016d   Thumb Code     0  __dczerorl2.o(!!dczerorl2)
    __scatterload_zeroinit                   0x080001c9   Thumb Code    28  __scatter_zi.o(!!handler_zi)
    _printf_d                                0x080001e5   Thumb Code     0  _printf_d.o(.ARM.Collect$$_printf_percent$$00000009)
    _printf_percent                          0x080001e5   Thumb Code     0  _printf_percent.o(.ARM.Collect$$_printf_percent$$00000000)
    _printf_x                                0x080001eb   Thumb Code     0  _printf_x.o(.ARM.Collect$$_printf_percent$$0000000C)
    _printf_c                                0x080001f1   Thumb Code     0  _printf_c.o(.ARM.Collect$$_printf_percent$$00000013)
    _printf_percent_end                      0x080001f7   Thumb Code     0  _printf_percent_end.o(.ARM.Collect$$_printf_percent$$00000017)
    __rt_lib_init                            0x080001fb   Thumb Code     0  libinit.o(.ARM.Collect$$libinit$$00000000)
    __rt_lib_init_fp_1                       0x080001fd   Thumb Code     0  libinit2.o(.ARM.Collect$$libinit$$00000002)
    __rt_lib_init_heap_2                     0x080001fd   Thumb Code     0  libinit2.o(.ARM.Collect$$libinit$$00000005)
    __rt_lib_init_preinit_1                  0x080001fd   Thumb Code     0  libinit2.o(.ARM.Collect$$libinit$$00000004)
    __rt_lib_init_alloca_1                   0x08000205   Thumb Code     0  libinit2.o(.ARM.Collect$$libinit$$0000002E)
    __rt_lib_init_argv_1                     0x08000205   Thumb Code     0  libinit2.o(.ARM.Collect$$libinit$$0000002C)
    __rt_lib_init_atexit_1                   0x08000205   Thumb Code     0  libinit2.o(.ARM.Collect$$libinit$$0000001B)
    __rt_lib_init_clock_1                    0x08000205   Thumb Code     0  libinit2.o(.ARM.Collect$$libinit$$00000021)
    __rt_lib_init_cpp_1                      0x08000205   Thumb Code     0  libinit2.o(.ARM.Collect$$libinit$$00000032)
    __rt_lib_init_exceptions_1               0x08000205   Thumb Code     0  libinit2.o(.ARM.Collect$$libinit$$00000030)
    __rt_lib_init_fp_trap_1                  0x08000205   Thumb Code     0  libinit2.o(.ARM.Collect$$libinit$$0000001F)
    __rt_lib_init_getenv_1                   0x08000205   Thumb Code     0  libinit2.o(.ARM.Collect$$libinit$$00000023)
    __rt_lib_init_heap_1                     0x08000205   Thumb Code     0  libinit2.o(.ARM.Collect$$libinit$$0000000A)
    __rt_lib_init_lc_collate_1               0x08000205   Thumb Code     0  libinit2.o(.ARM.Collect$$libinit$$00000011)
    __rt_lib_init_lc_ctype_1                 0x08000205   Thumb Code     0  libinit2.o(.ARM.Collect$$libinit$$00000013)
    __rt_lib_init_lc_monetary_1              0x08000205   Thumb Code     0  libinit2.o(.ARM.Collect$$libinit$$00000015)
    __rt_lib_init_lc_numeric_1               0x08000205   Thumb Code     0  libinit2.o(.ARM.Collect$$libinit$$00000017)
    __rt_lib_init_lc_time_1                  0x08000205   Thumb Code     0  libinit2.o(.ARM.Collect$$libinit$$00000019)
    __rt_lib_init_rand_1                     0x08000205   Thumb Code     0  libinit2.o(.ARM.Collect$$libinit$$0000000E)
    __rt_lib_init_return                     0x08000205   Thumb Code     0  libinit2.o(.ARM.Collect$$libinit$$00000033)
    __rt_lib_init_signal_1                   0x08000205   Thumb Code     0  libinit2.o(.ARM.Collect$$libinit$$0000001D)
    __rt_lib_init_stdio_1                    0x08000205   Thumb Code     0  libinit2.o(.ARM.Collect$$libinit$$00000025)
    __rt_lib_init_user_alloc_1               0x08000205   Thumb Code     0  libinit2.o(.ARM.Collect$$libinit$$0000000C)
    __rt_lib_shutdown                        0x08000207   Thumb Code     0  libshutdown.o(.ARM.Collect$$libshutdown$$00000000)
    __rt_lib_shutdown_fp_trap_1              0x08000209   Thumb Code     0  libshutdown2.o(.ARM.Collect$$libshutdown$$00000006)
    __rt_lib_shutdown_heap_1                 0x08000209   Thumb Code     0  libshutdown2.o(.ARM.Collect$$libshutdown$$0000000E)
    __rt_lib_shutdown_return                 0x08000209   Thumb Code     0  libshutdown2.o(.ARM.Collect$$libshutdown$$0000000F)
    __rt_lib_shutdown_signal_1               0x08000209   Thumb Code     0  libshutdown2.o(.ARM.Collect$$libshutdown$$00000009)
    __rt_lib_shutdown_stdio_1                0x08000209   Thumb Code     0  libshutdown2.o(.ARM.Collect$$libshutdown$$00000003)
    __rt_lib_shutdown_user_alloc_1           0x08000209   Thumb Code     0  libshutdown2.o(.ARM.Collect$$libshutdown$$0000000B)
    __rt_entry                               0x0800020b   Thumb Code     0  __rtentry.o(.ARM.Collect$$rtentry$$00000000)
    __rt_entry_presh_1                       0x0800020b   Thumb Code     0  __rtentry2.o(.ARM.Collect$$rtentry$$00000002)
    __rt_entry_sh                            0x0800020b   Thumb Code     0  __rtentry4.o(.ARM.Collect$$rtentry$$00000004)
    __rt_entry_li                            0x08000211   Thumb Code     0  __rtentry2.o(.ARM.Collect$$rtentry$$0000000A)
    __rt_entry_postsh_1                      0x08000211   Thumb Code     0  __rtentry2.o(.ARM.Collect$$rtentry$$00000009)
    __rt_entry_main                          0x08000215   Thumb Code     0  __rtentry2.o(.ARM.Collect$$rtentry$$0000000D)
    __rt_entry_postli_1                      0x08000215   Thumb Code     0  __rtentry2.o(.ARM.Collect$$rtentry$$0000000C)
    __rt_exit                                0x0800021d   Thumb Code     0  rtexit.o(.ARM.Collect$$rtexit$$00000000)
    __rt_exit_ls                             0x0800021f   Thumb Code     0  rtexit2.o(.ARM.Collect$$rtexit$$00000003)
    __rt_exit_prels_1                        0x0800021f   Thumb Code     0  rtexit2.o(.ARM.Collect$$rtexit$$00000002)
    __rt_exit_exit                           0x08000223   Thumb Code     0  rtexit2.o(.ARM.Collect$$rtexit$$00000004)
    _maybe_terminate_alloc                   0x08000229   Thumb Code     0  maybetermalloc1.o(.emb_text)
    main                                     0x08000229   Thumb Code   232  main.o(.text)
    NMI_Handler                              0x08000409   Thumb Code     2  stm32f10x_it.o(.text)
    HardFault_Handler                        0x0800040b   Thumb Code     4  stm32f10x_it.o(.text)
    MemManage_Handler                        0x0800040f   Thumb Code     4  stm32f10x_it.o(.text)
    BusFault_Handler                         0x08000413   Thumb Code     4  stm32f10x_it.o(.text)
    UsageFault_Handler                       0x08000417   Thumb Code     4  stm32f10x_it.o(.text)
    SVC_Handler                              0x0800041b   Thumb Code     2  stm32f10x_it.o(.text)
    DebugMon_Handler                         0x0800041d   Thumb Code     2  stm32f10x_it.o(.text)
    PendSV_Handler                           0x0800041f   Thumb Code     2  stm32f10x_it.o(.text)
    SysTick_Handler                          0x08000421   Thumb Code     2  stm32f10x_it.o(.text)
    SystemInit                               0x08000503   Thumb Code    78  system_stm32f10x.o(.text)
    SystemCoreClockUpdate                    0x08000551   Thumb Code   142  system_stm32f10x.o(.text)
    KEY_Init                                 0x08000605   Thumb Code    52  key.o(.text)
    KEY_Scan                                 0x08000639   Thumb Code   188  key.o(.text)
    SPI2_ReadWriteByte                       0x08000701   Thumb Code    78  spi.o(.text)
    SPI2_Init                                0x0800074f   Thumb Code   140  spi.o(.text)
    SPI2_SetSpeed                            0x080007db   Thumb Code    36  spi.o(.text)
    W25QXX_ReadID                            0x08000809   Thumb Code    64  w25qxx.o(.text)
    W25QXX_Init                              0x08000849   Thumb Code    74  w25qxx.o(.text)
    W25QXX_ReadSR                            0x08000893   Thumb Code    36  w25qxx.o(.text)
    W25QXX_Write_SR                          0x080008b7   Thumb Code    32  w25qxx.o(.text)
    W25QXX_Write_Enable                      0x080008d7   Thumb Code    24  w25qxx.o(.text)
    W25QXX_Write_Disable                     0x080008ef   Thumb Code    24  w25qxx.o(.text)
    W25QXX_Read                              0x08000907   Thumb Code    74  w25qxx.o(.text)
    W25QXX_Wait_Busy                         0x08000951   Thumb Code    18  w25qxx.o(.text)
    W25QXX_Write_Page                        0x08000963   Thumb Code    80  w25qxx.o(.text)
    W25QXX_Write_NoCheck                     0x080009b3   Thumb Code    70  w25qxx.o(.text)
    W25QXX_Erase_Sector                      0x080009f9   Thumb Code    62  w25qxx.o(.text)
    W25QXX_Write                             0x08000a37   Thumb Code   180  w25qxx.o(.text)
    W25QXX_Erase_Chip                        0x08000aeb   Thumb Code    36  w25qxx.o(.text)
    W25QXX_PowerDown                         0x08000b0f   Thumb Code    30  w25qxx.o(.text)
    W25QXX_WAKEUP                            0x08000b2d   Thumb Code    30  w25qxx.o(.text)
    TIM3_Init                                0x08000b61   Thumb Code    90  timer.o(.text)
    TIM3_Init_WithoutIT                      0x08000bbb   Thumb Code    50  timer.o(.text)
    TIM3_IRQHandler                          0x08000bed   Thumb Code    22  timer.o(.text)
    delay_init                               0x08000c09   Thumb Code    50  delay.o(.text)
    delay_us                                 0x08000c3b   Thumb Code    72  delay.o(.text)
    delay_ms                                 0x08000c83   Thumb Code    72  delay.o(.text)
    fgetc                                    0x08000cdd   Thumb Code     6  usart.o(.text)
    ferror                                   0x08000ce3   Thumb Code     8  usart.o(.text)
    _ttywrch                                 0x08000ceb   Thumb Code     6  usart.o(.text)
    _sys_exit                                0x08000cf1   Thumb Code     4  usart.o(.text)
    fputc                                    0x08000cf5   Thumb Code    24  usart.o(.text)
    uart_init                                0x08000d0d   Thumb Code   152  usart.o(.text)
    USART1_IRQHandler                        0x08000da5   Thumb Code   124  usart.o(.text)
    Reset_Handler                            0x08000e31   Thumb Code     8  startup_stm32f10x_hd.o(.text)
    ADC1_2_IRQHandler                        0x08000e4b   Thumb Code     0  startup_stm32f10x_hd.o(.text)
    ADC3_IRQHandler                          0x08000e4b   Thumb Code     0  startup_stm32f10x_hd.o(.text)
    CAN1_RX1_IRQHandler                      0x08000e4b   Thumb Code     0  startup_stm32f10x_hd.o(.text)
    CAN1_SCE_IRQHandler                      0x08000e4b   Thumb Code     0  startup_stm32f10x_hd.o(.text)
    DMA1_Channel1_IRQHandler                 0x08000e4b   Thumb Code     0  startup_stm32f10x_hd.o(.text)
    DMA1_Channel2_IRQHandler                 0x08000e4b   Thumb Code     0  startup_stm32f10x_hd.o(.text)
    DMA1_Channel3_IRQHandler                 0x08000e4b   Thumb Code     0  startup_stm32f10x_hd.o(.text)
    DMA1_Channel4_IRQHandler                 0x08000e4b   Thumb Code     0  startup_stm32f10x_hd.o(.text)
    DMA1_Channel5_IRQHandler                 0x08000e4b   Thumb Code     0  startup_stm32f10x_hd.o(.text)
    DMA1_Channel6_IRQHandler                 0x08000e4b   Thumb Code     0  startup_stm32f10x_hd.o(.text)
    DMA1_Channel7_IRQHandler                 0x08000e4b   Thumb Code     0  startup_stm32f10x_hd.o(.text)
    DMA2_Channel1_IRQHandler                 0x08000e4b   Thumb Code     0  startup_stm32f10x_hd.o(.text)
    DMA2_Channel2_IRQHandler                 0x08000e4b   Thumb Code     0  startup_stm32f10x_hd.o(.text)
    DMA2_Channel3_IRQHandler                 0x08000e4b   Thumb Code     0  startup_stm32f10x_hd.o(.text)
    DMA2_Channel4_5_IRQHandler               0x08000e4b   Thumb Code     0  startup_stm32f10x_hd.o(.text)
    EXTI0_IRQHandler                         0x08000e4b   Thumb Code     0  startup_stm32f10x_hd.o(.text)
    EXTI15_10_IRQHandler                     0x08000e4b   Thumb Code     0  startup_stm32f10x_hd.o(.text)
    EXTI1_IRQHandler                         0x08000e4b   Thumb Code     0  startup_stm32f10x_hd.o(.text)
    EXTI2_IRQHandler                         0x08000e4b   Thumb Code     0  startup_stm32f10x_hd.o(.text)
    EXTI3_IRQHandler                         0x08000e4b   Thumb Code     0  startup_stm32f10x_hd.o(.text)
    EXTI4_IRQHandler                         0x08000e4b   Thumb Code     0  startup_stm32f10x_hd.o(.text)
    EXTI9_5_IRQHandler                       0x08000e4b   Thumb Code     0  startup_stm32f10x_hd.o(.text)
    FLASH_IRQHandler                         0x08000e4b   Thumb Code     0  startup_stm32f10x_hd.o(.text)
    FSMC_IRQHandler                          0x08000e4b   Thumb Code     0  startup_stm32f10x_hd.o(.text)
    I2C1_ER_IRQHandler                       0x08000e4b   Thumb Code     0  startup_stm32f10x_hd.o(.text)
    I2C1_EV_IRQHandler                       0x08000e4b   Thumb Code     0  startup_stm32f10x_hd.o(.text)
    I2C2_ER_IRQHandler                       0x08000e4b   Thumb Code     0  startup_stm32f10x_hd.o(.text)
    I2C2_EV_IRQHandler                       0x08000e4b   Thumb Code     0  startup_stm32f10x_hd.o(.text)
    PVD_IRQHandler                           0x08000e4b   Thumb Code     0  startup_stm32f10x_hd.o(.text)
    RCC_IRQHandler                           0x08000e4b   Thumb Code     0  startup_stm32f10x_hd.o(.text)
    RTCAlarm_IRQHandler                      0x08000e4b   Thumb Code     0  startup_stm32f10x_hd.o(.text)
    RTC_IRQHandler                           0x08000e4b   Thumb Code     0  startup_stm32f10x_hd.o(.text)
    SDIO_IRQHandler                          0x08000e4b   Thumb Code     0  startup_stm32f10x_hd.o(.text)
    SPI1_IRQHandler                          0x08000e4b   Thumb Code     0  startup_stm32f10x_hd.o(.text)
    SPI2_IRQHandler                          0x08000e4b   Thumb Code     0  startup_stm32f10x_hd.o(.text)
    SPI3_IRQHandler                          0x08000e4b   Thumb Code     0  startup_stm32f10x_hd.o(.text)
    TAMPER_IRQHandler                        0x08000e4b   Thumb Code     0  startup_stm32f10x_hd.o(.text)
    TIM1_BRK_IRQHandler                      0x08000e4b   Thumb Code     0  startup_stm32f10x_hd.o(.text)
    TIM1_CC_IRQHandler                       0x08000e4b   Thumb Code     0  startup_stm32f10x_hd.o(.text)
    TIM1_TRG_COM_IRQHandler                  0x08000e4b   Thumb Code     0  startup_stm32f10x_hd.o(.text)
    TIM1_UP_IRQHandler                       0x08000e4b   Thumb Code     0  startup_stm32f10x_hd.o(.text)
    TIM2_IRQHandler                          0x08000e4b   Thumb Code     0  startup_stm32f10x_hd.o(.text)
    TIM4_IRQHandler                          0x08000e4b   Thumb Code     0  startup_stm32f10x_hd.o(.text)
    TIM5_IRQHandler                          0x08000e4b   Thumb Code     0  startup_stm32f10x_hd.o(.text)
    TIM6_IRQHandler                          0x08000e4b   Thumb Code     0  startup_stm32f10x_hd.o(.text)
    TIM7_IRQHandler                          0x08000e4b   Thumb Code     0  startup_stm32f10x_hd.o(.text)
    TIM8_BRK_IRQHandler                      0x08000e4b   Thumb Code     0  startup_stm32f10x_hd.o(.text)
    TIM8_CC_IRQHandler                       0x08000e4b   Thumb Code     0  startup_stm32f10x_hd.o(.text)
    TIM8_TRG_COM_IRQHandler                  0x08000e4b   Thumb Code     0  startup_stm32f10x_hd.o(.text)
    TIM8_UP_IRQHandler                       0x08000e4b   Thumb Code     0  startup_stm32f10x_hd.o(.text)
    UART4_IRQHandler                         0x08000e4b   Thumb Code     0  startup_stm32f10x_hd.o(.text)
    UART5_IRQHandler                         0x08000e4b   Thumb Code     0  startup_stm32f10x_hd.o(.text)
    USART2_IRQHandler                        0x08000e4b   Thumb Code     0  startup_stm32f10x_hd.o(.text)
    USART3_IRQHandler                        0x08000e4b   Thumb Code     0  startup_stm32f10x_hd.o(.text)
    USBWakeUp_IRQHandler                     0x08000e4b   Thumb Code     0  startup_stm32f10x_hd.o(.text)
    USB_HP_CAN1_TX_IRQHandler                0x08000e4b   Thumb Code     0  startup_stm32f10x_hd.o(.text)
    USB_LP_CAN1_RX0_IRQHandler               0x08000e4b   Thumb Code     0  startup_stm32f10x_hd.o(.text)
    WWDG_IRQHandler                          0x08000e4b   Thumb Code     0  startup_stm32f10x_hd.o(.text)
    __user_initial_stackheap                 0x08000e4d   Thumb Code     0  startup_stm32f10x_hd.o(.text)
    NVIC_PriorityGroupConfig                 0x08000e71   Thumb Code    10  misc.o(.text)
    NVIC_Init                                0x08000e7b   Thumb Code   100  misc.o(.text)
    NVIC_SetVectorTable                      0x08000edf   Thumb Code    14  misc.o(.text)
    NVIC_SystemLPConfig                      0x08000eed   Thumb Code    34  misc.o(.text)
    SysTick_CLKSourceConfig                  0x08000f0f   Thumb Code    40  misc.o(.text)
    GPIO_DeInit                              0x08000f4d   Thumb Code   172  stm32f10x_gpio.o(.text)
    GPIO_AFIODeInit                          0x08000ff9   Thumb Code    20  stm32f10x_gpio.o(.text)
    GPIO_Init                                0x0800100d   Thumb Code   278  stm32f10x_gpio.o(.text)
    GPIO_StructInit                          0x08001123   Thumb Code    16  stm32f10x_gpio.o(.text)
    GPIO_ReadInputDataBit                    0x08001133   Thumb Code    18  stm32f10x_gpio.o(.text)
    GPIO_ReadInputData                       0x08001145   Thumb Code     8  stm32f10x_gpio.o(.text)
    GPIO_ReadOutputDataBit                   0x0800114d   Thumb Code    18  stm32f10x_gpio.o(.text)
    GPIO_ReadOutputData                      0x0800115f   Thumb Code     8  stm32f10x_gpio.o(.text)
    GPIO_SetBits                             0x08001167   Thumb Code     4  stm32f10x_gpio.o(.text)
    GPIO_ResetBits                           0x0800116b   Thumb Code     4  stm32f10x_gpio.o(.text)
    GPIO_WriteBit                            0x0800116f   Thumb Code    10  stm32f10x_gpio.o(.text)
    GPIO_Write                               0x08001179   Thumb Code     4  stm32f10x_gpio.o(.text)
    GPIO_PinLockConfig                       0x0800117d   Thumb Code    18  stm32f10x_gpio.o(.text)
    GPIO_EventOutputConfig                   0x0800118f   Thumb Code    26  stm32f10x_gpio.o(.text)
    GPIO_EventOutputCmd                      0x080011a9   Thumb Code     6  stm32f10x_gpio.o(.text)
    GPIO_PinRemapConfig                      0x080011af   Thumb Code   138  stm32f10x_gpio.o(.text)
    GPIO_EXTILineConfig                      0x08001239   Thumb Code    66  stm32f10x_gpio.o(.text)
    GPIO_ETH_MediaInterfaceConfig            0x0800127b   Thumb Code     8  stm32f10x_gpio.o(.text)
    RCC_DeInit                               0x080012a9   Thumb Code    64  stm32f10x_rcc.o(.text)
    RCC_HSEConfig                            0x080012e9   Thumb Code    70  stm32f10x_rcc.o(.text)
    RCC_GetFlagStatus                        0x0800132f   Thumb Code    56  stm32f10x_rcc.o(.text)
    RCC_WaitForHSEStartUp                    0x08001367   Thumb Code    56  stm32f10x_rcc.o(.text)
    RCC_AdjustHSICalibrationValue            0x0800139f   Thumb Code    20  stm32f10x_rcc.o(.text)
    RCC_HSICmd                               0x080013b3   Thumb Code     6  stm32f10x_rcc.o(.text)
    RCC_PLLConfig                            0x080013b9   Thumb Code    24  stm32f10x_rcc.o(.text)
    RCC_PLLCmd                               0x080013d1   Thumb Code     6  stm32f10x_rcc.o(.text)
    RCC_SYSCLKConfig                         0x080013d7   Thumb Code    18  stm32f10x_rcc.o(.text)
    RCC_GetSYSCLKSource                      0x080013e9   Thumb Code    10  stm32f10x_rcc.o(.text)
    RCC_HCLKConfig                           0x080013f3   Thumb Code    18  stm32f10x_rcc.o(.text)
    RCC_PCLK1Config                          0x08001405   Thumb Code    18  stm32f10x_rcc.o(.text)
    RCC_PCLK2Config                          0x08001417   Thumb Code    20  stm32f10x_rcc.o(.text)
    RCC_ITConfig                             0x0800142b   Thumb Code    26  stm32f10x_rcc.o(.text)
    RCC_USBCLKConfig                         0x08001445   Thumb Code     8  stm32f10x_rcc.o(.text)
    RCC_ADCCLKConfig                         0x0800144d   Thumb Code    18  stm32f10x_rcc.o(.text)
    RCC_LSEConfig                            0x0800145f   Thumb Code    50  stm32f10x_rcc.o(.text)
    RCC_LSICmd                               0x08001491   Thumb Code     6  stm32f10x_rcc.o(.text)
    RCC_RTCCLKConfig                         0x08001497   Thumb Code    12  stm32f10x_rcc.o(.text)
    RCC_RTCCLKCmd                            0x080014a3   Thumb Code     8  stm32f10x_rcc.o(.text)
    RCC_GetClocksFreq                        0x080014ab   Thumb Code   192  stm32f10x_rcc.o(.text)
    RCC_AHBPeriphClockCmd                    0x0800156b   Thumb Code    26  stm32f10x_rcc.o(.text)
    RCC_APB2PeriphClockCmd                   0x08001585   Thumb Code    26  stm32f10x_rcc.o(.text)
    RCC_APB1PeriphClockCmd                   0x0800159f   Thumb Code    26  stm32f10x_rcc.o(.text)
    RCC_APB2PeriphResetCmd                   0x080015b9   Thumb Code    26  stm32f10x_rcc.o(.text)
    RCC_APB1PeriphResetCmd                   0x080015d3   Thumb Code    26  stm32f10x_rcc.o(.text)
    RCC_BackupResetCmd                       0x080015ed   Thumb Code     8  stm32f10x_rcc.o(.text)
    RCC_ClockSecuritySystemCmd               0x080015f5   Thumb Code     6  stm32f10x_rcc.o(.text)
    RCC_MCOConfig                            0x080015fb   Thumb Code     6  stm32f10x_rcc.o(.text)
    RCC_ClearFlag                            0x08001601   Thumb Code    14  stm32f10x_rcc.o(.text)
    RCC_GetITStatus                          0x0800160f   Thumb Code    20  stm32f10x_rcc.o(.text)
    RCC_ClearITPendingBit                    0x08001623   Thumb Code     6  stm32f10x_rcc.o(.text)
    TIM_DeInit                               0x0800164d   Thumb Code   424  stm32f10x_tim.o(.text)
    TIM_TimeBaseInit                         0x080017f5   Thumb Code   122  stm32f10x_tim.o(.text)
    TIM_OC1Init                              0x0800186f   Thumb Code   132  stm32f10x_tim.o(.text)
    TIM_OC2Init                              0x080018f3   Thumb Code   154  stm32f10x_tim.o(.text)
    TIM_OC3Init                              0x0800198d   Thumb Code   150  stm32f10x_tim.o(.text)
    TIM_OC4Init                              0x08001a23   Thumb Code   182  stm32f10x_tim.o(.text)
    TIM_SetIC4Prescaler                      0x08001ad9   Thumb Code    26  stm32f10x_tim.o(.text)
    TIM_SetIC3Prescaler                      0x08001b75   Thumb Code    18  stm32f10x_tim.o(.text)
    TIM_SetIC2Prescaler                      0x08001c01   Thumb Code    26  stm32f10x_tim.o(.text)
    TIM_SetIC1Prescaler                      0x08001c9d   Thumb Code    18  stm32f10x_tim.o(.text)
    TIM_ICInit                               0x08001d1b   Thumb Code   150  stm32f10x_tim.o(.text)
    TIM_PWMIConfig                           0x08001db1   Thumb Code   124  stm32f10x_tim.o(.text)
    TIM_BDTRConfig                           0x08001e2d   Thumb Code    32  stm32f10x_tim.o(.text)
    TIM_TimeBaseStructInit                   0x08001e4d   Thumb Code    18  stm32f10x_tim.o(.text)
    TIM_OCStructInit                         0x08001e5f   Thumb Code    20  stm32f10x_tim.o(.text)
    TIM_ICStructInit                         0x08001e73   Thumb Code    18  stm32f10x_tim.o(.text)
    TIM_BDTRStructInit                       0x08001e85   Thumb Code    40  stm32f10x_tim.o(.text)
    TIM_Cmd                                  0x08001ead   Thumb Code    24  stm32f10x_tim.o(.text)
    TIM_CtrlPWMOutputs                       0x08001ec5   Thumb Code    30  stm32f10x_tim.o(.text)
    TIM_ITConfig                             0x08001ee3   Thumb Code    18  stm32f10x_tim.o(.text)
    TIM_GenerateEvent                        0x08001ef5   Thumb Code     4  stm32f10x_tim.o(.text)
    TIM_DMAConfig                            0x08001ef9   Thumb Code    10  stm32f10x_tim.o(.text)
    TIM_DMACmd                               0x08001f03   Thumb Code    18  stm32f10x_tim.o(.text)
    TIM_InternalClockConfig                  0x08001f15   Thumb Code    12  stm32f10x_tim.o(.text)
    TIM_SelectInputTrigger                   0x08001f21   Thumb Code    18  stm32f10x_tim.o(.text)
    TIM_ITRxExternalClockConfig              0x08001f33   Thumb Code    24  stm32f10x_tim.o(.text)
    TIM_TIxExternalClockConfig               0x08001f4b   Thumb Code    62  stm32f10x_tim.o(.text)
    TIM_ETRConfig                            0x08001f89   Thumb Code    28  stm32f10x_tim.o(.text)
    TIM_ETRClockMode1Config                  0x08001fa5   Thumb Code    54  stm32f10x_tim.o(.text)
    TIM_ETRClockMode2Config                  0x08001fdb   Thumb Code    32  stm32f10x_tim.o(.text)
    TIM_PrescalerConfig                      0x08001ffb   Thumb Code     6  stm32f10x_tim.o(.text)
    TIM_CounterModeConfig                    0x08002001   Thumb Code    18  stm32f10x_tim.o(.text)
    TIM_EncoderInterfaceConfig               0x08002013   Thumb Code    66  stm32f10x_tim.o(.text)
    TIM_ForcedOC1Config                      0x08002055   Thumb Code    18  stm32f10x_tim.o(.text)
    TIM_ForcedOC2Config                      0x08002067   Thumb Code    26  stm32f10x_tim.o(.text)
    TIM_ForcedOC3Config                      0x08002081   Thumb Code    18  stm32f10x_tim.o(.text)
    TIM_ForcedOC4Config                      0x08002093   Thumb Code    26  stm32f10x_tim.o(.text)
    TIM_ARRPreloadConfig                     0x080020ad   Thumb Code    24  stm32f10x_tim.o(.text)
    TIM_SelectCOM                            0x080020c5   Thumb Code    24  stm32f10x_tim.o(.text)
    TIM_SelectCCDMA                          0x080020dd   Thumb Code    24  stm32f10x_tim.o(.text)
    TIM_CCPreloadControl                     0x080020f5   Thumb Code    24  stm32f10x_tim.o(.text)
    TIM_OC1PreloadConfig                     0x0800210d   Thumb Code    18  stm32f10x_tim.o(.text)
    TIM_OC2PreloadConfig                     0x0800211f   Thumb Code    26  stm32f10x_tim.o(.text)
    TIM_OC3PreloadConfig                     0x08002139   Thumb Code    18  stm32f10x_tim.o(.text)
    TIM_OC4PreloadConfig                     0x0800214b   Thumb Code    26  stm32f10x_tim.o(.text)
    TIM_OC1FastConfig                        0x08002165   Thumb Code    18  stm32f10x_tim.o(.text)
    TIM_OC2FastConfig                        0x08002177   Thumb Code    26  stm32f10x_tim.o(.text)
    TIM_OC3FastConfig                        0x08002191   Thumb Code    18  stm32f10x_tim.o(.text)
    TIM_OC4FastConfig                        0x080021a3   Thumb Code    26  stm32f10x_tim.o(.text)
    TIM_ClearOC1Ref                          0x080021bd   Thumb Code    18  stm32f10x_tim.o(.text)
    TIM_ClearOC2Ref                          0x080021cf   Thumb Code    24  stm32f10x_tim.o(.text)
    TIM_ClearOC3Ref                          0x080021e7   Thumb Code    18  stm32f10x_tim.o(.text)
    TIM_ClearOC4Ref                          0x080021f9   Thumb Code    24  stm32f10x_tim.o(.text)
    TIM_OC1PolarityConfig                    0x08002211   Thumb Code    18  stm32f10x_tim.o(.text)
    TIM_OC1NPolarityConfig                   0x08002223   Thumb Code    18  stm32f10x_tim.o(.text)
    TIM_OC2PolarityConfig                    0x08002235   Thumb Code    26  stm32f10x_tim.o(.text)
    TIM_OC2NPolarityConfig                   0x0800224f   Thumb Code    26  stm32f10x_tim.o(.text)
    TIM_OC3PolarityConfig                    0x08002269   Thumb Code    26  stm32f10x_tim.o(.text)
    TIM_OC3NPolarityConfig                   0x08002283   Thumb Code    26  stm32f10x_tim.o(.text)
    TIM_OC4PolarityConfig                    0x0800229d   Thumb Code    26  stm32f10x_tim.o(.text)
    TIM_CCxCmd                               0x080022b7   Thumb Code    30  stm32f10x_tim.o(.text)
    TIM_CCxNCmd                              0x080022d5   Thumb Code    30  stm32f10x_tim.o(.text)
    TIM_SelectOCxM                           0x080022f3   Thumb Code    82  stm32f10x_tim.o(.text)
    TIM_UpdateDisableConfig                  0x08002345   Thumb Code    24  stm32f10x_tim.o(.text)
    TIM_UpdateRequestConfig                  0x0800235d   Thumb Code    24  stm32f10x_tim.o(.text)
    TIM_SelectHallSensor                     0x08002375   Thumb Code    24  stm32f10x_tim.o(.text)
    TIM_SelectOnePulseMode                   0x0800238d   Thumb Code    18  stm32f10x_tim.o(.text)
    TIM_SelectOutputTrigger                  0x0800239f   Thumb Code    18  stm32f10x_tim.o(.text)
    TIM_SelectSlaveMode                      0x080023b1   Thumb Code    18  stm32f10x_tim.o(.text)
    TIM_SelectMasterSlaveMode                0x080023c3   Thumb Code    18  stm32f10x_tim.o(.text)
    TIM_SetCounter                           0x080023d5   Thumb Code     4  stm32f10x_tim.o(.text)
    TIM_SetAutoreload                        0x080023d9   Thumb Code     4  stm32f10x_tim.o(.text)
    TIM_SetCompare1                          0x080023dd   Thumb Code     4  stm32f10x_tim.o(.text)
    TIM_SetCompare2                          0x080023e1   Thumb Code     4  stm32f10x_tim.o(.text)
    TIM_SetCompare3                          0x080023e5   Thumb Code     4  stm32f10x_tim.o(.text)
    TIM_SetCompare4                          0x080023e9   Thumb Code     6  stm32f10x_tim.o(.text)
    TIM_SetClockDivision                     0x080023ef   Thumb Code    18  stm32f10x_tim.o(.text)
    TIM_GetCapture1                          0x08002401   Thumb Code     6  stm32f10x_tim.o(.text)
    TIM_GetCapture2                          0x08002407   Thumb Code     6  stm32f10x_tim.o(.text)
    TIM_GetCapture3                          0x0800240d   Thumb Code     6  stm32f10x_tim.o(.text)
    TIM_GetCapture4                          0x08002413   Thumb Code     8  stm32f10x_tim.o(.text)
    TIM_GetCounter                           0x0800241b   Thumb Code     6  stm32f10x_tim.o(.text)
    TIM_GetPrescaler                         0x08002421   Thumb Code     6  stm32f10x_tim.o(.text)
    TIM_GetFlagStatus                        0x08002427   Thumb Code    18  stm32f10x_tim.o(.text)
    TIM_ClearFlag                            0x08002439   Thumb Code     6  stm32f10x_tim.o(.text)
    TIM_GetITStatus                          0x0800243f   Thumb Code    34  stm32f10x_tim.o(.text)
    TIM_ClearITPendingBit                    0x08002461   Thumb Code     6  stm32f10x_tim.o(.text)
    USART_DeInit                             0x08002469   Thumb Code   134  stm32f10x_usart.o(.text)
    USART_Init                               0x080024ef   Thumb Code   210  stm32f10x_usart.o(.text)
    USART_StructInit                         0x080025c1   Thumb Code    24  stm32f10x_usart.o(.text)
    USART_ClockInit                          0x080025d9   Thumb Code    34  stm32f10x_usart.o(.text)
    USART_ClockStructInit                    0x080025fb   Thumb Code    12  stm32f10x_usart.o(.text)
    USART_Cmd                                0x08002607   Thumb Code    24  stm32f10x_usart.o(.text)
    USART_ITConfig                           0x0800261f   Thumb Code    74  stm32f10x_usart.o(.text)
    USART_DMACmd                             0x08002669   Thumb Code    18  stm32f10x_usart.o(.text)
    USART_SetAddress                         0x0800267b   Thumb Code    18  stm32f10x_usart.o(.text)
    USART_WakeUpConfig                       0x0800268d   Thumb Code    18  stm32f10x_usart.o(.text)
    USART_ReceiverWakeUpCmd                  0x0800269f   Thumb Code    24  stm32f10x_usart.o(.text)
    USART_LINBreakDetectLengthConfig         0x080026b7   Thumb Code    18  stm32f10x_usart.o(.text)
    USART_LINCmd                             0x080026c9   Thumb Code    24  stm32f10x_usart.o(.text)
    USART_SendData                           0x080026e1   Thumb Code     8  stm32f10x_usart.o(.text)
    USART_ReceiveData                        0x080026e9   Thumb Code    10  stm32f10x_usart.o(.text)
    USART_SendBreak                          0x080026f3   Thumb Code    10  stm32f10x_usart.o(.text)
    USART_SetGuardTime                       0x080026fd   Thumb Code    16  stm32f10x_usart.o(.text)
    USART_SetPrescaler                       0x0800270d   Thumb Code    16  stm32f10x_usart.o(.text)
    USART_SmartCardCmd                       0x0800271d   Thumb Code    24  stm32f10x_usart.o(.text)
    USART_SmartCardNACKCmd                   0x08002735   Thumb Code    24  stm32f10x_usart.o(.text)
    USART_HalfDuplexCmd                      0x0800274d   Thumb Code    24  stm32f10x_usart.o(.text)
    USART_OverSampling8Cmd                   0x08002765   Thumb Code    22  stm32f10x_usart.o(.text)
    USART_OneBitMethodCmd                    0x0800277b   Thumb Code    24  stm32f10x_usart.o(.text)
    USART_IrDAConfig                         0x08002793   Thumb Code    18  stm32f10x_usart.o(.text)
    USART_IrDACmd                            0x080027a5   Thumb Code    24  stm32f10x_usart.o(.text)
    USART_GetFlagStatus                      0x080027bd   Thumb Code    26  stm32f10x_usart.o(.text)
    USART_ClearFlag                          0x080027d7   Thumb Code    18  stm32f10x_usart.o(.text)
    USART_GetITStatus                        0x080027e9   Thumb Code    84  stm32f10x_usart.o(.text)
    USART_ClearITPendingBit                  0x0800283d   Thumb Code    52  stm32f10x_usart.o(.text)
    SPI_I2S_DeInit                           0x08002871   Thumb Code    76  stm32f10x_spi.o(.text)
    SPI_Init                                 0x080028bd   Thumb Code    60  stm32f10x_spi.o(.text)
    I2S_Init                                 0x080028f9   Thumb Code   226  stm32f10x_spi.o(.text)
    SPI_StructInit                           0x080029db   Thumb Code    24  stm32f10x_spi.o(.text)
    I2S_StructInit                           0x080029f3   Thumb Code    20  stm32f10x_spi.o(.text)
    SPI_Cmd                                  0x08002a07   Thumb Code    24  stm32f10x_spi.o(.text)
    I2S_Cmd                                  0x08002a1f   Thumb Code    24  stm32f10x_spi.o(.text)
    SPI_I2S_ITConfig                         0x08002a37   Thumb Code    32  stm32f10x_spi.o(.text)
    SPI_I2S_DMACmd                           0x08002a57   Thumb Code    18  stm32f10x_spi.o(.text)
    SPI_I2S_SendData                         0x08002a69   Thumb Code     4  stm32f10x_spi.o(.text)
    SPI_I2S_ReceiveData                      0x08002a6d   Thumb Code     6  stm32f10x_spi.o(.text)
    SPI_NSSInternalSoftwareConfig            0x08002a73   Thumb Code    30  stm32f10x_spi.o(.text)
    SPI_SSOutputCmd                          0x08002a91   Thumb Code    24  stm32f10x_spi.o(.text)
    SPI_DataSizeConfig                       0x08002aa9   Thumb Code    18  stm32f10x_spi.o(.text)
    SPI_TransmitCRC                          0x08002abb   Thumb Code    10  stm32f10x_spi.o(.text)
    SPI_CalculateCRC                         0x08002ac5   Thumb Code    24  stm32f10x_spi.o(.text)
    SPI_GetCRC                               0x08002add   Thumb Code    16  stm32f10x_spi.o(.text)
    SPI_GetCRCPolynomial                     0x08002aed   Thumb Code     6  stm32f10x_spi.o(.text)
    SPI_BiDirectionalLineConfig              0x08002af3   Thumb Code    28  stm32f10x_spi.o(.text)
    SPI_I2S_GetFlagStatus                    0x08002b0f   Thumb Code    18  stm32f10x_spi.o(.text)
    SPI_I2S_ClearFlag                        0x08002b21   Thumb Code     6  stm32f10x_spi.o(.text)
    SPI_I2S_GetITStatus                      0x08002b27   Thumb Code    52  stm32f10x_spi.o(.text)
    SPI_I2S_ClearITPendingBit                0x08002b5b   Thumb Code    20  stm32f10x_spi.o(.text)
    PrintBuf                                 0x08002b7d   Thumb Code    72  sm2.o(.text)
    Printch                                  0x08002bc5   Thumb Code    58  sm2.o(.text)
    sm2_keygen                               0x08002bff   Thumb Code   542  sm2.o(.text)
    kdf                                      0x08002e1d   Thumb Code   172  sm2.o(.text)
    sm2_encrypt                              0x08002ec9   Thumb Code  1072  sm2.o(.text)
    sm2_decrypt                              0x080032f9   Thumb Code   852  sm2.o(.text)
    sm2_sign                                 0x0800364d   Thumb Code  1540  sm2.o(.text)
    sm2_vrisign                              0x08003c51   Thumb Code  1406  sm2.o(.text)
    sm2_encrypt_test                         0x080041cf   Thumb Code   284  sm2.o(.text)
    sm2_encrypt_test_nosign                  0x080042eb   Thumb Code   182  sm2.o(.text)
    ReverseWord                              0x080045a1   Thumb Code    20  sm3.o(.text)
    T                                        0x080045b5   Thumb Code    30  sm3.o(.text)
    FF                                       0x080045d3   Thumb Code    50  sm3.o(.text)
    GG                                       0x08004605   Thumb Code    44  sm3.o(.text)
    P0                                       0x08004631   Thumb Code    20  sm3.o(.text)
    P1                                       0x08004645   Thumb Code    20  sm3.o(.text)
    SM3Init                                  0x08004659   Thumb Code    34  sm3.o(.text)
    SM3ProcessMessageBlock                   0x0800467b   Thumb Code   556  sm3.o(.text)
    SM3Calc                                  0x080048a7   Thumb Code   202  sm3.o(.text)
    __use_no_semihosting                     0x0800499d   Thumb Code     2  use_no_semi_2.o(.text)
    malloc                                   0x0800499f   Thumb Code    94  h1_alloc.o(.text)
    free                                     0x080049fd   Thumb Code    78  h1_free.o(.text)
    __aeabi_uldivmod                         0x08004a4b   Thumb Code     0  lludivv7m.o(.text)
    _ll_udiv                                 0x08004a4b   Thumb Code   238  lludivv7m.o(.text)
    __aeabi_llsr                             0x08004b39   Thumb Code     0  llushr.o(.text)
    _ll_ushift_r                             0x08004b39   Thumb Code    38  llushr.o(.text)
    __2printf                                0x08004b61   Thumb Code    20  noretval__2printf.o(.text)
    _printf_pre_padding                      0x08004b79   Thumb Code    44  _printf_pad.o(.text)
    _printf_post_padding                     0x08004ba5   Thumb Code    34  _printf_pad.o(.text)
    _printf_str                              0x08004bc7   Thumb Code    82  _printf_str.o(.text)
    _printf_int_dec                          0x08004c19   Thumb Code   104  _printf_dec.o(.text)
    _printf_int_hex                          0x08004c91   Thumb Code    84  _printf_hex_int.o(.text)
    _printf_longlong_hex                     0x08004c91   Thumb Code     0  _printf_hex_int.o(.text)
    __printf                                 0x08004ce9   Thumb Code   308  __printf_flags_wp.o(.text)
    exit                                     0x08004e21   Thumb Code    12  exit.o(.text)
    memcmp                                   0x08004e2d   Thumb Code    88  memcmp.o(.text)
    __aeabi_memcpy                           0x08004e85   Thumb Code     0  rt_memcpy_v6.o(.text)
    __rt_memcpy                              0x08004e85   Thumb Code   138  rt_memcpy_v6.o(.text)
    _memcpy_lastbytes                        0x08004eeb   Thumb Code     0  rt_memcpy_v6.o(.text)
    __aeabi_memcpy4                          0x08004f0f   Thumb Code     0  rt_memcpy_w.o(.text)
    __aeabi_memcpy8                          0x08004f0f   Thumb Code     0  rt_memcpy_w.o(.text)
    __rt_memcpy_w                            0x08004f0f   Thumb Code   100  rt_memcpy_w.o(.text)
    _memcpy_lastbytes_aligned                0x08004f57   Thumb Code     0  rt_memcpy_w.o(.text)
    __aeabi_memclr                           0x08004f73   Thumb Code     0  rt_memclr.o(.text)
    __rt_memclr                              0x08004f73   Thumb Code    68  rt_memclr.o(.text)
    _memset                                  0x08004f77   Thumb Code     0  rt_memclr.o(.text)
    __aeabi_memclr4                          0x08004fb7   Thumb Code     0  rt_memclr_w.o(.text)
    __aeabi_memclr8                          0x08004fb7   Thumb Code     0  rt_memclr_w.o(.text)
    __rt_memclr_w                            0x08004fb7   Thumb Code    78  rt_memclr_w.o(.text)
    _memset_w                                0x08004fbb   Thumb Code     0  rt_memclr_w.o(.text)
    __use_two_region_memory                  0x08005005   Thumb Code     2  heapauxi.o(.text)
    __rt_heap_escrow                         0x08005007   Thumb Code     2  heapauxi.o(.text)
    __rt_heap_expand                         0x08005009   Thumb Code     2  heapauxi.o(.text)
    __I$use$semihosting                      0x0800500b   Thumb Code     0  use_no_semi.o(.text)
    __use_no_semihosting_swi                 0x0800500b   Thumb Code     2  use_no_semi.o(.text)
    __rt_heap_descriptor                     0x0800500d   Thumb Code     8  rt_heap_descriptor_intlibspace.o(.text)
    __use_no_heap                            0x08005015   Thumb Code     2  hguard.o(.text)
    __heap$guard                             0x08005017   Thumb Code     2  hguard.o(.text)
    _terminate_user_alloc                    0x08005019   Thumb Code     2  init_alloc.o(.text)
    _init_user_alloc                         0x0800501b   Thumb Code     2  init_alloc.o(.text)
    __Heap_Full                              0x0800501d   Thumb Code    34  init_alloc.o(.text)
    __Heap_Broken                            0x0800503f   Thumb Code     6  init_alloc.o(.text)
    _init_alloc                              0x08005045   Thumb Code    94  init_alloc.o(.text)
    __Heap_Initialize                        0x080050a3   Thumb Code    10  h1_init.o(.text)
    __Heap_DescSize                          0x080050ad   Thumb Code     4  h1_init.o(.text)
    _printf_int_common                       0x080050b1   Thumb Code   178  _printf_intcommon.o(.text)
    _printf_cs_common                        0x08005163   Thumb Code    20  _printf_char.o(.text)
    _printf_char                             0x08005177   Thumb Code    16  _printf_char.o(.text)
    _printf_string                           0x08005187   Thumb Code     8  _printf_char.o(.text)
    _printf_char_file                        0x08005191   Thumb Code    32  _printf_char_file.o(.text)
    __user_libspace                          0x080051b5   Thumb Code     8  libspace.o(.text)
    __user_perproc_libspace                  0x080051b5   Thumb Code     0  libspace.o(.text)
    __user_perthread_libspace                0x080051b5   Thumb Code     0  libspace.o(.text)
    __Heap_ProvideMemory                     0x080051bd   Thumb Code    52  h1_extend.o(.text)
    _printf_char_common                      0x080051fb   Thumb Code    32  _printf_char_common.o(.text)
    __rt_SIGRTMEM                            0x08005221   Thumb Code    14  defsig_rtmem_outer.o(.text)
    __user_setup_stackheap                   0x0800522f   Thumb Code    74  sys_stackheap_outer.o(.text)
    __sig_exit                               0x08005279   Thumb Code    10  defsig_exit.o(.text)
    __rt_SIGRTMEM_inner                      0x08005285   Thumb Code    22  defsig_rtmem_inner.o(.text)
    __default_signal_display                 0x080052d5   Thumb Code    50  defsig_general.o(.text)
    _is_digit                                0x08005307   Thumb Code    14  __printf_wp.o(i._is_digit)
    add                                      0x08005315   Thumb Code    78  mrarth0.o(i.add)
    big_to_bytes                             0x08005363   Thumb Code   508  mrarth1.o(i.big_to_bytes)
    bigrand                                  0x0800555f   Thumb Code   180  mrrand.o(i.bigrand)
    brand                                    0x08005613   Thumb Code   224  mrcore.o(i.brand)
    bytes_to_big                             0x080056f3   Thumb Code   332  mrarth1.o(i.bytes_to_big)
    cinstr                                   0x08005959   Thumb Code   168  mrio2.o(i.cinstr)
    convert                                  0x08005a01   Thumb Code    50  mrcore.o(i.convert)
    copy                                     0x08005a33   Thumb Code    90  mrcore.o(i.copy)
    decr                                     0x08005a8d   Thumb Code    94  mrarth0.o(i.decr)
    divide                                   0x08005aeb   Thumb Code  1908  mrarth2.o(i.divide)
    ecp_memkill                              0x0800625f   Thumb Code   122  mrcore.o(i.ecp_memkill)
    ecurve_add                               0x080062d9   Thumb Code   176  mrcurve.o(i.ecurve_add)
    ecurve_double                            0x08006389   Thumb Code  2006  mrcurve.o(i.ecurve_double)
    ecurve_init                              0x08006b5f   Thumb Code   336  mrmonty.o(i.ecurve_init)
    ecurve_mult                              0x08006caf   Thumb Code   604  mrcurve.o(i.ecurve_mult)
    ecurve_sub                               0x08007561   Thumb Code   136  mrcurve.o(i.ecurve_sub)
    epoint_copy                              0x080075e9   Thumb Code    50  mrcurve.o(i.epoint_copy)
    epoint_get                               0x0800761b   Thumb Code   164  mrcurve.o(i.epoint_get)
    epoint_init_mem                          0x0800777d   Thumb Code    34  mrcore.o(i.epoint_init_mem)
    epoint_init_mem_variable                 0x0800779f   Thumb Code   182  mrcore.o(i.epoint_init_mem_variable)
    epoint_multi_norm                        0x08007855   Thumb Code   328  mrcurve.o(i.epoint_multi_norm)
    epoint_negate                            0x0800799d   Thumb Code    90  mrcurve.o(i.epoint_negate)
    epoint_norm                              0x080079f7   Thumb Code   216  mrcurve.o(i.epoint_norm)
    epoint_set                               0x08007acf   Thumb Code   260  mrcurve.o(i.epoint_set)
    expb2                                    0x08007bd3   Thumb Code   212  mrbits.o(i.expb2)
    exsign                                   0x08007ca7   Thumb Code    20  mrcore.o(i.exsign)
    getdig                                   0x08007cbb   Thumb Code    68  mrcore.o(i.getdig)
    incr                                     0x08007cff   Thumb Code    92  mrarth0.o(i.incr)
    insign                                   0x08007d5b   Thumb Code    32  mrcore.o(i.insign)
    instr                                    0x08007d7b   Thumb Code   776  mrio1.o(i.instr)
    invmodp                                  0x08008083   Thumb Code    78  mrxgcd.o(i.invmodp)
    irand                                    0x080080d1   Thumb Code    90  mrcore.o(i.irand)
    jack                                     0x0800812b   Thumb Code   378  mrjack.o(i.jack)
    logb2                                    0x080082a5   Thumb Code   206  mrbits.o(i.logb2)
    mad                                      0x08008373   Thumb Code   172  mrarth2.o(i.mad)
    memkill                                  0x0800841f   Thumb Code    48  mrcore.o(i.memkill)
    mirexit                                  0x0800844f   Thumb Code    68  mrcore.o(i.mirexit)
    mirsys                                   0x08008493   Thumb Code    20  mrcore.o(i.mirsys)
    mirsys_basic                             0x080084a9   Thumb Code   808  mrcore.o(i.mirsys_basic)
    mirvar_mem                               0x080087dd   Thumb Code    32  mrcore.o(i.mirvar_mem)
    mirvar_mem_variable                      0x080087fd   Thumb Code    84  mrcore.o(i.mirvar_mem_variable)
    mr_berror                                0x08008871   Thumb Code  1428  mrcore.o(i.mr_berror)
    mr_compare                               0x08008e19   Thumb Code   128  mrcore.o(i.mr_compare)
    mr_lzero                                 0x08008e99   Thumb Code    48  mrcore.o(i.mr_lzero)
    mr_naf_window                            0x08008ec9   Thumb Code   258  mrcore.o(i.mr_naf_window)
    mr_notint                                0x08008fcb   Thumb Code     6  mrcore.o(i.mr_notint)
    mr_padd                                  0x08008fd1   Thumb Code   446  mrarth0.o(i.mr_padd)
    mr_pmul                                  0x0800918f   Thumb Code   314  mrarth1.o(i.mr_pmul)
    mr_psub                                  0x080092c9   Thumb Code   264  mrarth0.o(i.mr_psub)
    mr_sdiv                                  0x080093d1   Thumb Code   200  mrarth1.o(i.mr_sdiv)
    mr_setbase                               0x080095d1   Thumb Code   126  mrcore.o(i.mr_setbase)
    mr_shift                                 0x0800964f   Thumb Code   266  mrcore.o(i.mr_shift)
    mr_shiftbits                             0x08009759   Thumb Code    20  mrcore.o(i.mr_shiftbits)
    mr_testbit                               0x0800976d   Thumb Code    42  mrcore.o(i.mr_testbit)
    mr_track                                 0x08009799   Thumb Code    62  mrcore.o(i.mr_track)
    muldiv                                   0x080097e1   Thumb Code    56  mrcore.o(i.muldiv)
    muldvm                                   0x08009819   Thumb Code    50  mrcore.o(i.muldvm)
    multiply                                 0x0800984b   Thumb Code  1170  mrarth2.o(i.multiply)
    negify                                   0x08009cdd   Thumb Code    28  mrcore.o(i.negify)
    normalise                                0x08009cf9   Thumb Code   170  mrarth2.o(i.normalise)
    nres                                     0x08009da3   Thumb Code   204  mrmonty.o(i.nres)
    nres_div2                                0x08009e6f   Thumb Code   116  mrmonty.o(i.nres_div2)
    nres_lucas                               0x08009ee3   Thumb Code   672  mrlucas.o(i.nres_lucas)
    nres_modadd                              0x0800a183   Thumb Code   108  mrmonty.o(i.nres_modadd)
    nres_moddiv                              0x0800a1ef   Thumb Code   160  mrmonty.o(i.nres_moddiv)
    nres_modmult                             0x0800a28f   Thumb Code   150  mrmonty.o(i.nres_modmult)
    nres_modsub                              0x0800a325   Thumb Code   120  mrmonty.o(i.nres_modsub)
    nres_multi_inverse                       0x0800a39d   Thumb Code   386  mrmonty.o(i.nres_multi_inverse)
    nres_negate                              0x0800a51f   Thumb Code    92  mrmonty.o(i.nres_negate)
    nres_premult                             0x0800a57b   Thumb Code   360  mrmonty.o(i.nres_premult)
    nres_sqroot                              0x0800a6e3   Thumb Code   568  mrsroot.o(i.nres_sqroot)
    point_at_infinity                        0x0800a91b   Thumb Code    22  mrcore.o(i.point_at_infinity)
    premult                                  0x0800a931   Thumb Code   148  mrarth1.o(i.premult)
    prepare_monty                            0x0800a9c5   Thumb Code   456  mrmonty.o(i.prepare_monty)
    putdig                                   0x0800ab8d   Thumb Code   212  mrcore.o(i.putdig)
    redc                                     0x0800ad31   Thumb Code   602  mrmonty.o(i.redc)
    remain                                   0x0800af8b   Thumb Code   186  mrarth1.o(i.remain)
    size                                     0x0800b045   Thumb Code    66  mrcore.o(i.size)
    subdiv                                   0x0800b087   Thumb Code   342  mrarth1.o(i.subdiv)
    subtract                                 0x0800b1dd   Thumb Code    80  mrarth0.o(i.subtract)
    uconvert                                 0x0800b22d   Thumb Code    74  mrcore.o(i.uconvert)
    xgcd                                     0x0800b277   Thumb Code  2382  mrxgcd.o(i.xgcd)
    zero                                     0x0800bbc5   Thumb Code    38  mrcore.o(i.zero)
    Region$$Table$$Base                      0x0800cb74   Number         0  anon$$obj.o(Region$$Table)
    Region$$Table$$Limit                     0x0800cb94   Number         0  anon$$obj.o(Region$$Table)
    SystemCoreClock                          0x20000000   Data           4  system_stm32f10x.o(.data)
    AHBPrescTable                            0x20000004   Data          16  system_stm32f10x.o(.data)
    W25QXX_TYPE                              0x20000016   Data           2  w25qxx.o(.data)
    __stdout                                 0x2000001c   Data           4  usart.o(.data)
    USART_RX_STA                             0x20000020   Data           2  usart.o(.data)
    Ecc256                                   0x20000038   Data          24  sm2.o(.data)
    W25QXX_BUFFER                            0x20000420   Data        4096  w25qxx.o(.bss)
    USART_RX_BUF                             0x20001420   Data        4097  usart.o(.bss)
    __libspace_start                         0x20002424   Data          96  libspace.o(.bss)
    __temporary_stack_top$libspace           0x20002484   Data           0  libspace.o(.bss)



==============================================================================

Memory Map of the image

  Image Entry point : 0x08000131

  Load Region LR_IROM1 (Base: 0x08000000, Size: 0x0000cfb4, Max: 0x00080000, ABSOLUTE, COMPRESSED[0x0000ce98])

    Execution Region ER_IROM1 (Base: 0x08000000, Size: 0x0000cb94, Max: 0x00080000, ABSOLUTE)

    Base Addr    Size         Type   Attr      Idx    E Section Name        Object

    0x08000000   0x00000130   Data   RO          336    RESET               startup_stm32f10x_hd.o
    0x08000130   0x00000008   Code   RO         1583  * !!!main             c_w.l(__main.o)
    0x08000138   0x00000034   Code   RO         1800    !!!scatter          c_w.l(__scatter.o)
    0x0800016c   0x0000005a   Code   RO         1798    !!dczerorl2         c_w.l(__dczerorl2.o)
    0x080001c6   0x00000002   PAD
    0x080001c8   0x0000001c   Code   RO         1802    !!handler_zi        c_w.l(__scatter_zi.o)
    0x080001e4   0x00000000   Code   RO         1566    .ARM.Collect$$_printf_percent$$00000000  c_w.l(_printf_percent.o)
    0x080001e4   0x00000006   Code   RO         1565    .ARM.Collect$$_printf_percent$$00000009  c_w.l(_printf_d.o)
    0x080001ea   0x00000006   Code   RO         1564    .ARM.Collect$$_printf_percent$$0000000C  c_w.l(_printf_x.o)
    0x080001f0   0x00000006   Code   RO         1563    .ARM.Collect$$_printf_percent$$00000013  c_w.l(_printf_c.o)
    0x080001f6   0x00000004   Code   RO         1627    .ARM.Collect$$_printf_percent$$00000017  c_w.l(_printf_percent_end.o)
    0x080001fa   0x00000002   Code   RO         1753    .ARM.Collect$$libinit$$00000000  c_w.l(libinit.o)
    0x080001fc   0x00000000   Code   RO         1631    .ARM.Collect$$libinit$$00000002  c_w.l(libinit2.o)
    0x080001fc   0x00000000   Code   RO         1633    .ARM.Collect$$libinit$$00000004  c_w.l(libinit2.o)
    0x080001fc   0x00000008   Code   RO         1634    .ARM.Collect$$libinit$$00000005  c_w.l(libinit2.o)
    0x08000204   0x00000000   Code   RO         1636    .ARM.Collect$$libinit$$0000000A  c_w.l(libinit2.o)
    0x08000204   0x00000000   Code   RO         1638    .ARM.Collect$$libinit$$0000000C  c_w.l(libinit2.o)
    0x08000204   0x00000000   Code   RO         1640    .ARM.Collect$$libinit$$0000000E  c_w.l(libinit2.o)
    0x08000204   0x00000000   Code   RO         1643    .ARM.Collect$$libinit$$00000011  c_w.l(libinit2.o)
    0x08000204   0x00000000   Code   RO         1645    .ARM.Collect$$libinit$$00000013  c_w.l(libinit2.o)
    0x08000204   0x00000000   Code   RO         1647    .ARM.Collect$$libinit$$00000015  c_w.l(libinit2.o)
    0x08000204   0x00000000   Code   RO         1649    .ARM.Collect$$libinit$$00000017  c_w.l(libinit2.o)
    0x08000204   0x00000000   Code   RO         1651    .ARM.Collect$$libinit$$00000019  c_w.l(libinit2.o)
    0x08000204   0x00000000   Code   RO         1653    .ARM.Collect$$libinit$$0000001B  c_w.l(libinit2.o)
    0x08000204   0x00000000   Code   RO         1655    .ARM.Collect$$libinit$$0000001D  c_w.l(libinit2.o)
    0x08000204   0x00000000   Code   RO         1657    .ARM.Collect$$libinit$$0000001F  c_w.l(libinit2.o)
    0x08000204   0x00000000   Code   RO         1659    .ARM.Collect$$libinit$$00000021  c_w.l(libinit2.o)
    0x08000204   0x00000000   Code   RO         1661    .ARM.Collect$$libinit$$00000023  c_w.l(libinit2.o)
    0x08000204   0x00000000   Code   RO         1663    .ARM.Collect$$libinit$$00000025  c_w.l(libinit2.o)
    0x08000204   0x00000000   Code   RO         1667    .ARM.Collect$$libinit$$0000002C  c_w.l(libinit2.o)
    0x08000204   0x00000000   Code   RO         1669    .ARM.Collect$$libinit$$0000002E  c_w.l(libinit2.o)
    0x08000204   0x00000000   Code   RO         1671    .ARM.Collect$$libinit$$00000030  c_w.l(libinit2.o)
    0x08000204   0x00000000   Code   RO         1673    .ARM.Collect$$libinit$$00000032  c_w.l(libinit2.o)
    0x08000204   0x00000002   Code   RO         1674    .ARM.Collect$$libinit$$00000033  c_w.l(libinit2.o)
    0x08000206   0x00000002   Code   RO         1754    .ARM.Collect$$libshutdown$$00000000  c_w.l(libshutdown.o)
    0x08000208   0x00000000   Code   RO         1767    .ARM.Collect$$libshutdown$$00000003  c_w.l(libshutdown2.o)
    0x08000208   0x00000000   Code   RO         1770    .ARM.Collect$$libshutdown$$00000006  c_w.l(libshutdown2.o)
    0x08000208   0x00000000   Code   RO         1773    .ARM.Collect$$libshutdown$$00000009  c_w.l(libshutdown2.o)
    0x08000208   0x00000000   Code   RO         1775    .ARM.Collect$$libshutdown$$0000000B  c_w.l(libshutdown2.o)
    0x08000208   0x00000000   Code   RO         1778    .ARM.Collect$$libshutdown$$0000000E  c_w.l(libshutdown2.o)
    0x08000208   0x00000002   Code   RO         1779    .ARM.Collect$$libshutdown$$0000000F  c_w.l(libshutdown2.o)
    0x0800020a   0x00000000   Code   RO         1589    .ARM.Collect$$rtentry$$00000000  c_w.l(__rtentry.o)
    0x0800020a   0x00000000   Code   RO         1681    .ARM.Collect$$rtentry$$00000002  c_w.l(__rtentry2.o)
    0x0800020a   0x00000006   Code   RO         1693    .ARM.Collect$$rtentry$$00000004  c_w.l(__rtentry4.o)
    0x08000210   0x00000000   Code   RO         1683    .ARM.Collect$$rtentry$$00000009  c_w.l(__rtentry2.o)
    0x08000210   0x00000004   Code   RO         1684    .ARM.Collect$$rtentry$$0000000A  c_w.l(__rtentry2.o)
    0x08000214   0x00000000   Code   RO         1686    .ARM.Collect$$rtentry$$0000000C  c_w.l(__rtentry2.o)
    0x08000214   0x00000008   Code   RO         1687    .ARM.Collect$$rtentry$$0000000D  c_w.l(__rtentry2.o)
    0x0800021c   0x00000002   Code   RO         1590    .ARM.Collect$$rtexit$$00000000  c_w.l(rtexit.o)
    0x0800021e   0x00000000   Code   RO         1696    .ARM.Collect$$rtexit$$00000002  c_w.l(rtexit2.o)
    0x0800021e   0x00000004   Code   RO         1697    .ARM.Collect$$rtexit$$00000003  c_w.l(rtexit2.o)
    0x08000222   0x00000006   Code   RO         1698    .ARM.Collect$$rtexit$$00000004  c_w.l(rtexit2.o)
    0x08000228   0x00000000   Code   RO         1706    .emb_text           c_w.l(maybetermalloc1.o)
    0x08000228   0x000001e0   Code   RO            1    .text               main.o
    0x08000408   0x0000001a   Code   RO          134    .text               stm32f10x_it.o
    0x08000422   0x00000002   PAD
    0x08000424   0x000001e0   Code   RO          175    .text               system_stm32f10x.o
    0x08000604   0x000000fc   Code   RO          208    .text               key.o
    0x08000700   0x00000108   Code   RO          221    .text               spi.o
    0x08000808   0x00000358   Code   RO          236    .text               w25qxx.o
    0x08000b60   0x000000a8   Code   RO          255    .text               timer.o
    0x08000c08   0x000000d4   Code   RO          270    .text               delay.o
    0x08000cdc   0x00000154   Code   RO          301    .text               usart.o
    0x08000e30   0x00000040   Code   RO          337    .text               startup_stm32f10x_hd.o
    0x08000e70   0x000000dc   Code   RO          341    .text               misc.o
    0x08000f4c   0x0000035c   Code   RO          365    .text               stm32f10x_gpio.o
    0x080012a8   0x000003a4   Code   RO          377    .text               stm32f10x_rcc.o
    0x0800164c   0x00000e1a   Code   RO          391    .text               stm32f10x_tim.o
    0x08002466   0x00000002   PAD
    0x08002468   0x00000408   Code   RO          403    .text               stm32f10x_usart.o
    0x08002870   0x0000030c   Code   RO          415    .text               stm32f10x_spi.o
    0x08002b7c   0x00001a24   Code   RO          427    .text               sm2.o
    0x080045a0   0x000003fc   Code   RO          456    .text               sm3.o
    0x0800499c   0x00000002   Code   RO         1442    .text               c_w.l(use_no_semi_2.o)
    0x0800499e   0x0000005e   Code   RO         1448    .text               c_w.l(h1_alloc.o)
    0x080049fc   0x0000004e   Code   RO         1450    .text               c_w.l(h1_free.o)
    0x08004a4a   0x000000ee   Code   RO         1506    .text               c_w.l(lludivv7m.o)
    0x08004b38   0x00000026   Code   RO         1508    .text               c_w.l(llushr.o)
    0x08004b5e   0x00000002   PAD
    0x08004b60   0x00000018   Code   RO         1512    .text               c_w.l(noretval__2printf.o)
    0x08004b78   0x0000004e   Code   RO         1516    .text               c_w.l(_printf_pad.o)
    0x08004bc6   0x00000052   Code   RO         1518    .text               c_w.l(_printf_str.o)
    0x08004c18   0x00000078   Code   RO         1520    .text               c_w.l(_printf_dec.o)
    0x08004c90   0x00000058   Code   RO         1525    .text               c_w.l(_printf_hex_int.o)
    0x08004ce8   0x00000138   Code   RO         1555    .text               c_w.l(__printf_flags_wp.o)
    0x08004e20   0x0000000c   Code   RO         1567    .text               c_w.l(exit.o)
    0x08004e2c   0x00000058   Code   RO         1569    .text               c_w.l(memcmp.o)
    0x08004e84   0x0000008a   Code   RO         1571    .text               c_w.l(rt_memcpy_v6.o)
    0x08004f0e   0x00000064   Code   RO         1573    .text               c_w.l(rt_memcpy_w.o)
    0x08004f72   0x00000044   Code   RO         1577    .text               c_w.l(rt_memclr.o)
    0x08004fb6   0x0000004e   Code   RO         1579    .text               c_w.l(rt_memclr_w.o)
    0x08005004   0x00000006   Code   RO         1581    .text               c_w.l(heapauxi.o)
    0x0800500a   0x00000002   Code   RO         1585    .text               c_w.l(use_no_semi.o)
    0x0800500c   0x00000008   Code   RO         1599    .text               c_w.l(rt_heap_descriptor_intlibspace.o)
    0x08005014   0x00000004   Code   RO         1601    .text               c_w.l(hguard.o)
    0x08005018   0x0000008a   Code   RO         1603    .text               c_w.l(init_alloc.o)
    0x080050a2   0x0000000e   Code   RO         1607    .text               c_w.l(h1_init.o)
    0x080050b0   0x000000b2   Code   RO         1621    .text               c_w.l(_printf_intcommon.o)
    0x08005162   0x0000002c   Code   RO         1623    .text               c_w.l(_printf_char.o)
    0x0800518e   0x00000002   PAD
    0x08005190   0x00000024   Code   RO         1625    .text               c_w.l(_printf_char_file.o)
    0x080051b4   0x00000008   Code   RO         1677    .text               c_w.l(libspace.o)
    0x080051bc   0x00000034   Code   RO         1708    .text               c_w.l(h1_extend.o)
    0x080051f0   0x00000030   Code   RO         1712    .text               c_w.l(_printf_char_common.o)
    0x08005220   0x0000000e   Code   RO         1714    .text               c_w.l(defsig_rtmem_outer.o)
    0x0800522e   0x0000004a   Code   RO         1726    .text               c_w.l(sys_stackheap_outer.o)
    0x08005278   0x0000000a   Code   RO         1734    .text               c_w.l(defsig_exit.o)
    0x08005282   0x00000002   PAD
    0x08005284   0x00000050   Code   RO         1740    .text               c_w.l(defsig_rtmem_inner.o)
    0x080052d4   0x00000032   Code   RO         1761    .text               c_w.l(defsig_general.o)
    0x08005306   0x0000000e   Code   RO         1553    i._is_digit         c_w.l(__printf_wp.o)
    0x08005314   0x0000004e   Code   RO          490    i.add               miracl.lib(mrarth0.o)
    0x08005362   0x000001fc   Code   RO          547    i.big_to_bytes      miracl.lib(mrarth1.o)
    0x0800555e   0x000000b4   Code   RO         1298    i.bigrand           miracl.lib(mrrand.o)
    0x08005612   0x000000e0   Code   RO          690    i.brand             miracl.lib(mrcore.o)
    0x080056f2   0x0000014c   Code   RO          548    i.bytes_to_big      miracl.lib(mrarth1.o)
    0x0800583e   0x0000011a   Code   RO         1136    i.cbase             miracl.lib(mrio2.o)
    0x08005958   0x000000a8   Code   RO         1138    i.cinstr            miracl.lib(mrio2.o)
    0x08005a00   0x00000032   Code   RO          691    i.convert           miracl.lib(mrcore.o)
    0x08005a32   0x0000005a   Code   RO          692    i.copy              miracl.lib(mrcore.o)
    0x08005a8c   0x0000005e   Code   RO          491    i.decr              miracl.lib(mrarth0.o)
    0x08005aea   0x00000774   Code   RO          613    i.divide            miracl.lib(mrarth2.o)
    0x0800625e   0x0000007a   Code   RO          693    i.ecp_memkill       miracl.lib(mrcore.o)
    0x080062d8   0x000000b0   Code   RO         1034    i.ecurve_add        miracl.lib(mrcurve.o)
    0x08006388   0x000007d6   Code   RO         1036    i.ecurve_double     miracl.lib(mrcurve.o)
    0x08006b5e   0x00000150   Code   RO         1171    i.ecurve_init       miracl.lib(mrmonty.o)
    0x08006cae   0x0000025c   Code   RO         1037    i.ecurve_mult       miracl.lib(mrcurve.o)
    0x08006f0a   0x00000656   Code   RO         1039    i.ecurve_padd       miracl.lib(mrcurve.o)
    0x08007560   0x00000088   Code   RO         1040    i.ecurve_sub        miracl.lib(mrcurve.o)
    0x080075e8   0x00000032   Code   RO         1042    i.epoint_copy       miracl.lib(mrcurve.o)
    0x0800761a   0x000000a4   Code   RO         1043    i.epoint_get        miracl.lib(mrcurve.o)
    0x080076be   0x000000be   Code   RO         1044    i.epoint_getrhs     miracl.lib(mrcurve.o)
    0x0800777c   0x00000022   Code   RO          694    i.epoint_init_mem   miracl.lib(mrcore.o)
    0x0800779e   0x000000b6   Code   RO          695    i.epoint_init_mem_variable  miracl.lib(mrcore.o)
    0x08007854   0x00000148   Code   RO         1045    i.epoint_multi_norm  miracl.lib(mrcurve.o)
    0x0800799c   0x0000005a   Code   RO         1046    i.epoint_negate     miracl.lib(mrcurve.o)
    0x080079f6   0x000000d8   Code   RO         1047    i.epoint_norm       miracl.lib(mrcurve.o)
    0x08007ace   0x00000104   Code   RO         1048    i.epoint_set        miracl.lib(mrcurve.o)
    0x08007bd2   0x000000d4   Code   RO          650    i.expb2             miracl.lib(mrbits.o)
    0x08007ca6   0x00000014   Code   RO          696    i.exsign            miracl.lib(mrcore.o)
    0x08007cba   0x00000044   Code   RO          697    i.getdig            miracl.lib(mrcore.o)
    0x08007cfe   0x0000005c   Code   RO          492    i.incr              miracl.lib(mrarth0.o)
    0x08007d5a   0x00000020   Code   RO          701    i.insign            miracl.lib(mrcore.o)
    0x08007d7a   0x00000308   Code   RO         1363    i.instr             miracl.lib(mrio1.o)
    0x08008082   0x0000004e   Code   RO         1315    i.invmodp           miracl.lib(mrxgcd.o)
    0x080080d0   0x0000005a   Code   RO          702    i.irand             miracl.lib(mrcore.o)
    0x0800812a   0x0000017a   Code   RO         1392    i.jack              miracl.lib(mrjack.o)
    0x080082a4   0x000000ce   Code   RO          651    i.logb2             miracl.lib(mrbits.o)
    0x08008372   0x000000ac   Code   RO          615    i.mad               miracl.lib(mrarth2.o)
    0x0800841e   0x00000030   Code   RO          705    i.memkill           miracl.lib(mrcore.o)
    0x0800844e   0x00000044   Code   RO          706    i.mirexit           miracl.lib(mrcore.o)
    0x08008492   0x00000014   Code   RO          707    i.mirsys            miracl.lib(mrcore.o)
    0x080084a6   0x00000002   PAD
    0x080084a8   0x00000334   Code   RO          708    i.mirsys_basic      miracl.lib(mrcore.o)
    0x080087dc   0x00000020   Code   RO          709    i.mirvar_mem        miracl.lib(mrcore.o)
    0x080087fc   0x00000054   Code   RO          710    i.mirvar_mem_variable  miracl.lib(mrcore.o)
    0x08008850   0x00000020   Code   RO          711    i.mputs             miracl.lib(mrcore.o)
    0x08008870   0x000005a8   Code   RO          714    i.mr_berror         miracl.lib(mrcore.o)
    0x08008e18   0x00000080   Code   RO          715    i.mr_compare        miracl.lib(mrcore.o)
    0x08008e98   0x00000030   Code   RO          718    i.mr_lzero          miracl.lib(mrcore.o)
    0x08008ec8   0x00000102   Code   RO          719    i.mr_naf_window     miracl.lib(mrcore.o)
    0x08008fca   0x00000006   Code   RO          720    i.mr_notint         miracl.lib(mrcore.o)
    0x08008fd0   0x000001be   Code   RO          493    i.mr_padd           miracl.lib(mrarth0.o)
    0x0800918e   0x0000013a   Code   RO          551    i.mr_pmul           miracl.lib(mrarth1.o)
    0x080092c8   0x00000108   Code   RO          494    i.mr_psub           miracl.lib(mrarth0.o)
    0x080093d0   0x000000c8   Code   RO          552    i.mr_sdiv           miracl.lib(mrarth1.o)
    0x08009498   0x00000138   Code   RO          495    i.mr_select         miracl.lib(mrarth0.o)
    0x080095d0   0x0000007e   Code   RO          721    i.mr_setbase        miracl.lib(mrcore.o)
    0x0800964e   0x0000010a   Code   RO          722    i.mr_shift          miracl.lib(mrcore.o)
    0x08009758   0x00000014   Code   RO          723    i.mr_shiftbits      miracl.lib(mrcore.o)
    0x0800976c   0x0000002a   Code   RO          724    i.mr_testbit        miracl.lib(mrcore.o)
    0x08009796   0x00000002   PAD
    0x08009798   0x00000048   Code   RO          725    i.mr_track          miracl.lib(mrcore.o)
    0x080097e0   0x00000038   Code   RO          729    i.muldiv            miracl.lib(mrcore.o)
    0x08009818   0x00000032   Code   RO          732    i.muldvm            miracl.lib(mrcore.o)
    0x0800984a   0x00000492   Code   RO          616    i.multiply          miracl.lib(mrarth2.o)
    0x08009cdc   0x0000001c   Code   RO          733    i.negify            miracl.lib(mrcore.o)
    0x08009cf8   0x000000aa   Code   RO          617    i.normalise         miracl.lib(mrarth2.o)
    0x08009da2   0x000000cc   Code   RO         1173    i.nres              miracl.lib(mrmonty.o)
    0x08009e6e   0x00000074   Code   RO         1175    i.nres_div2         miracl.lib(mrmonty.o)
    0x08009ee2   0x000002a0   Code   RO         1423    i.nres_lucas        miracl.lib(mrlucas.o)
    0x0800a182   0x0000006c   Code   RO         1182    i.nres_modadd       miracl.lib(mrmonty.o)
    0x0800a1ee   0x000000a0   Code   RO         1183    i.nres_moddiv       miracl.lib(mrmonty.o)
    0x0800a28e   0x00000096   Code   RO         1184    i.nres_modmult      miracl.lib(mrmonty.o)
    0x0800a324   0x00000078   Code   RO         1185    i.nres_modsub       miracl.lib(mrmonty.o)
    0x0800a39c   0x00000182   Code   RO         1186    i.nres_multi_inverse  miracl.lib(mrmonty.o)
    0x0800a51e   0x0000005c   Code   RO         1187    i.nres_negate       miracl.lib(mrmonty.o)
    0x0800a57a   0x00000168   Code   RO         1188    i.nres_premult      miracl.lib(mrmonty.o)
    0x0800a6e2   0x00000238   Code   RO         1404    i.nres_sqroot       miracl.lib(mrsroot.o)
    0x0800a91a   0x00000016   Code   RO          735    i.point_at_infinity  miracl.lib(mrcore.o)
    0x0800a930   0x00000094   Code   RO          553    i.premult           miracl.lib(mrarth1.o)
    0x0800a9c4   0x000001c8   Code   RO         1189    i.prepare_monty     miracl.lib(mrmonty.o)
    0x0800ab8c   0x000000d4   Code   RO          736    i.putdig            miracl.lib(mrcore.o)
    0x0800ac60   0x000000d0   Code   RO         1316    i.qdiv              miracl.lib(mrxgcd.o)
    0x0800ad30   0x0000025a   Code   RO         1190    i.redc              miracl.lib(mrmonty.o)
    0x0800af8a   0x000000ba   Code   RO          554    i.remain            miracl.lib(mrarth1.o)
    0x0800b044   0x00000042   Code   RO          740    i.size              miracl.lib(mrcore.o)
    0x0800b086   0x00000156   Code   RO          555    i.subdiv            miracl.lib(mrarth1.o)
    0x0800b1dc   0x00000050   Code   RO          496    i.subtract          miracl.lib(mrarth0.o)
    0x0800b22c   0x0000004a   Code   RO          742    i.uconvert          miracl.lib(mrcore.o)
    0x0800b276   0x0000094e   Code   RO         1317    i.xgcd              miracl.lib(mrxgcd.o)
    0x0800bbc4   0x00000026   Code   RO          743    i.zero              miracl.lib(mrcore.o)
    0x0800bbea   0x00000002   PAD
    0x0800bbec   0x00000004   Data   RO          457    .constdata          sm3.o
    0x0800bbf0   0x000002a4   Data   RO          744    .constdata          miracl.lib(mrcore.o)
    0x0800be94   0x00000028   Data   RO         1526    .constdata          c_w.l(_printf_hex_int.o)
    0x0800bebc   0x00000011   Data   RO         1556    .constdata          c_w.l(__printf_flags_wp.o)
    0x0800becd   0x00000003   PAD
    0x0800bed0   0x00000195   Data   RO          428    .conststring        sm2.o
    0x0800c065   0x00000003   PAD
    0x0800c068   0x00000b09   Data   RO          745    .conststring        miracl.lib(mrcore.o)
    0x0800cb71   0x00000003   PAD
    0x0800cb74   0x00000020   Data   RO         1796    Region$$Table       anon$$obj.o


    Execution Region RW_IRAM1 (Base: 0x20000000, Size: 0x00006688, Max: 0x00010000, ABSOLUTE, COMPRESSED[0x00000304])

    Base Addr    Size         Type   Attr      Idx    E Section Name        Object

    0x20000000   0x00000014   Data   RW          176    .data               system_stm32f10x.o
    0x20000014   0x00000001   Data   RW          209    .data               key.o
    0x20000015   0x00000001   PAD
    0x20000016   0x00000002   Data   RW          238    .data               w25qxx.o
    0x20000018   0x00000004   Data   RW          271    .data               delay.o
    0x2000001c   0x00000006   Data   RW          303    .data               usart.o
    0x20000022   0x00000014   Data   RW          378    .data               stm32f10x_rcc.o
    0x20000036   0x00000002   PAD
    0x20000038   0x00000018   Data   RW          429    .data               sm2.o
    0x20000050   0x000003d0   Data   RW          746    .data               miracl.lib(mrcore.o)
    0x20000420   0x00001000   Zero   RW          237    .bss                w25qxx.o
    0x20001420   0x00001001   Zero   RW          302    .bss                usart.o
    0x20002421   0x00000003   PAD
    0x20002424   0x00000060   Zero   RW         1678    .bss                c_w.l(libspace.o)
    0x20002484   0x00000004   PAD
    0x20002488   0x00000200   Zero   RW          335    HEAP                startup_stm32f10x_hd.o
    0x20002688   0x00004000   Zero   RW          334    STACK               startup_stm32f10x_hd.o


==============================================================================

Image component sizes


      Code (inc. data)   RO Data    RW Data    ZI Data      Debug   Object Name

       212         18          0          4          0       1023   delay.o
       252         12          0          1          0        832   key.o
       480        248          0          0          0     261235   main.o
       220         22          0          0          0       1801   misc.o
      6692        614        405         24          0      17257   sm2.o
      1020         44          4          0          0       3807   sm3.o
       264         10          0          0          0       1097   spi.o
        64         26        304          0      16896        800   startup_stm32f10x_hd.o
       860         38          0          0          0       5645   stm32f10x_gpio.o
        26          0          0          0          0       1182   stm32f10x_it.o
       932         36          0         20          0       8816   stm32f10x_rcc.o
       780         14          0          0          0       6526   stm32f10x_spi.o
      3610         88          0          0          0      22128   stm32f10x_tim.o
      1032         22          0          0          0       8372   stm32f10x_usart.o
         0          0          0          0          0         32   sys.o
       480         38          0         20          0       1743   system_stm32f10x.o
       168          6          0          0          0       1012   timer.o
       340         16          0          6       4097       3576   usart.o
       856         22          0          2       4096       4321   w25qxx.o

    ----------------------------------------------------------------------
     18292       1274        748         80      25092     351205   Object Totals
         0          0         32          0          0          0   (incl. Generated)
         4          0          3          3          3          0   (incl. Padding)

    ----------------------------------------------------------------------

      Code (inc. data)   RO Data    RW Data    ZI Data      Debug   Library Member Name

        90          0          0          0          0          0   __dczerorl2.o
         8          0          0          0          0         68   __main.o
       312          4         17          0          0         92   __printf_flags_wp.o
        14          0          0          0          0         68   __printf_wp.o
         0          0          0          0          0          0   __rtentry.o
        12          0          0          0          0          0   __rtentry2.o
         6          0          0          0          0          0   __rtentry4.o
        52          8          0          0          0          0   __scatter.o
        28          0          0          0          0          0   __scatter_zi.o
         6          0          0          0          0          0   _printf_c.o
        44          0          0          0          0        108   _printf_char.o
        48          6          0          0          0         96   _printf_char_common.o
        36          4          0          0          0         80   _printf_char_file.o
         6          0          0          0          0          0   _printf_d.o
       120         16          0          0          0         92   _printf_dec.o
        88          4         40          0          0         88   _printf_hex_int.o
       178          0          0          0          0         88   _printf_intcommon.o
        78          0          0          0          0        108   _printf_pad.o
         0          0          0          0          0          0   _printf_percent.o
         4          0          0          0          0          0   _printf_percent_end.o
        82          0          0          0          0         80   _printf_str.o
         6          0          0          0          0          0   _printf_x.o
        10          0          0          0          0         68   defsig_exit.o
        50          0          0          0          0         88   defsig_general.o
        80         58          0          0          0         76   defsig_rtmem_inner.o
        14          0          0          0          0         80   defsig_rtmem_outer.o
        12          0          0          0          0         72   exit.o
        94          0          0          0          0         80   h1_alloc.o
        52          0          0          0          0         68   h1_extend.o
        78          0          0          0          0         80   h1_free.o
        14          0          0          0          0         84   h1_init.o
         6          0          0          0          0        152   heapauxi.o
         4          0          0          0          0        136   hguard.o
       138          0          0          0          0        168   init_alloc.o
         2          0          0          0          0          0   libinit.o
        10          0          0          0          0          0   libinit2.o
         2          0          0          0          0          0   libshutdown.o
         2          0          0          0          0          0   libshutdown2.o
         8          4          0          0         96         68   libspace.o
       238          0          0          0          0        100   lludivv7m.o
        38          0          0          0          0         68   llushr.o
         0          0          0          0          0          0   maybetermalloc1.o
        88          0          0          0          0         76   memcmp.o
        24          4          0          0          0         84   noretval__2printf.o
         8          4          0          0          0         68   rt_heap_descriptor_intlibspace.o
        68          0          0          0          0         68   rt_memclr.o
        78          0          0          0          0         80   rt_memclr_w.o
       138          0          0          0          0         68   rt_memcpy_v6.o
       100          0          0          0          0         80   rt_memcpy_w.o
         2          0          0          0          0          0   rtexit.o
        10          0          0          0          0          0   rtexit2.o
        74          0          0          0          0         80   sys_stackheap_outer.o
         2          0          0          0          0         68   use_no_semi.o
         2          0          0          0          0         68   use_no_semi_2.o
      1366          0          0          0          0      13635   mrarth0.o
      2030          0          0          0          0       7922   mrarth1.o
      3420          0          0          0          0       6818   mrarth2.o
       418          0          0          0          0       9344   mrbits.o
      4976       1090       3501        976          0      24362   mrcore.o
      5842          0          0          0          0      10070   mrcurve.o
       776          0          0          0          0       1952   mrio1.o
       450          0          0          0          0       2005   mrio2.o
       378          0          0          0          0       1275   mrjack.o
       672          0          0          0          0       1329   mrlucas.o
      3090         16          0          0          0       9695   mrmonty.o
       180          0          0          0          0        986   mrrand.o
       568          0          0          0          0       1318   mrsroot.o
      2668          0          0          0          0       3821   mrxgcd.o

    ----------------------------------------------------------------------
     29512       1218       3564        976        100      97628   Library Totals
        14          0          6          0          4          0   (incl. Padding)

    ----------------------------------------------------------------------

      Code (inc. data)   RO Data    RW Data    ZI Data      Debug   Library Name

      2664        112         57          0         96       3096   c_w.l
     26834       1106       3501        976          0      94532   miracl.lib

    ----------------------------------------------------------------------
     29512       1218       3564        976        100      97628   Library Totals

    ----------------------------------------------------------------------

==============================================================================


      Code (inc. data)   RO Data    RW Data    ZI Data      Debug   

     47804       2492       4312       1056      25192     441029   Grand Totals
     47804       2492       4312        772      25192     441029   ELF Image Totals (compressed)
     47804       2492       4312        772          0          0   ROM Totals

==============================================================================

    Total RO  Size (Code + RO Data)                52116 (  50.89kB)
    Total RW  Size (RW Data + ZI Data)             26248 (  25.63kB)
    Total ROM Size (Code + RO Data + RW Data)      52888 (  51.65kB)

==============================================================================

